Archive member included to satisfy reference by file (symbol)

D:/STM32CubeIde/STM32CubeIDE_1.19.0/STM32CubeIDE/plugins/com.st.stm32cube.ide.mcu.externaltools.gnu-tools-for-stm32.14.3.rel1.win32_1.0.100.202602081740/tools/bin/../lib/gcc/arm-none-eabi/14.3.1/../../../../arm-none-eabi/lib/thumb/v7e-m+fp/hard\libm.a(libm_a-w_asin.o)
                              CMakeFiles/7_AutomatedSortingRobot_26.dir/Mycode/mpu6050/inv_mpu.c.obj (asin)
D:/STM32CubeIde/STM32CubeIDE_1.19.0/STM32CubeIDE/plugins/com.st.stm32cube.ide.mcu.externaltools.gnu-tools-for-stm32.14.3.rel1.win32_1.0.100.202602081740/tools/bin/../lib/gcc/arm-none-eabi/14.3.1/../../../../arm-none-eabi/lib/thumb/v7e-m+fp/hard\libm.a(libm_a-w_atan2.o)
                              CMakeFiles/7_AutomatedSortingRobot_26.dir/Mycode/mpu6050/inv_mpu.c.obj (atan2)
D:/STM32CubeIde/STM32CubeIDE_1.19.0/STM32CubeIDE/plugins/com.st.stm32cube.ide.mcu.externaltools.gnu-tools-for-stm32.14.3.rel1.win32_1.0.100.202602081740/tools/bin/../lib/gcc/arm-none-eabi/14.3.1/../../../../arm-none-eabi/lib/thumb/v7e-m+fp/hard\libm.a(libm_a-w_fmod.o)
                              CMakeFiles/7_AutomatedSortingRobot_26.dir/Mycode/car.c.obj (fmod)
D:/STM32CubeIde/STM32CubeIDE_1.19.0/STM32CubeIDE/plugins/com.st.stm32cube.ide.mcu.externaltools.gnu-tools-for-stm32.14.3.rel1.win32_1.0.100.202602081740/tools/bin/../lib/gcc/arm-none-eabi/14.3.1/../../../../arm-none-eabi/lib/thumb/v7e-m+fp/hard\libm.a(libm_a-w_sqrt.o)
                              CMakeFiles/7_AutomatedSortingRobot_26.dir/Mycode/mpu6050.c.obj (sqrt)
D:/STM32CubeIde/STM32CubeIDE_1.19.0/STM32CubeIDE/plugins/com.st.stm32cube.ide.mcu.externaltools.gnu-tools-for-stm32.14.3.rel1.win32_1.0.100.202602081740/tools/bin/../lib/gcc/arm-none-eabi/14.3.1/../../../../arm-none-eabi/lib/thumb/v7e-m+fp/hard\libm.a(libm_a-s_cos.o)
                              CMakeFiles/7_AutomatedSortingRobot_26.dir/Mycode/car.c.obj (cos)
D:/STM32CubeIde/STM32CubeIDE_1.19.0/STM32CubeIDE/plugins/com.st.stm32cube.ide.mcu.externaltools.gnu-tools-for-stm32.14.3.rel1.win32_1.0.100.202602081740/tools/bin/../lib/gcc/arm-none-eabi/14.3.1/../../../../arm-none-eabi/lib/thumb/v7e-m+fp/hard\libm.a(libm_a-s_fabs.o)
                              D:/STM32CubeIde/STM32CubeIDE_1.19.0/STM32CubeIDE/plugins/com.st.stm32cube.ide.mcu.externaltools.gnu-tools-for-stm32.14.3.rel1.win32_1.0.100.202602081740/tools/bin/../lib/gcc/arm-none-eabi/14.3.1/../../../../arm-none-eabi/lib/thumb/v7e-m+fp/hard\libm.a(libm_a-w_asin.o) (fabs)
D:/STM32CubeIde/STM32CubeIDE_1.19.0/STM32CubeIDE/plugins/com.st.stm32cube.ide.mcu.externaltools.gnu-tools-for-stm32.14.3.rel1.win32_1.0.100.202602081740/tools/bin/../lib/gcc/arm-none-eabi/14.3.1/../../../../arm-none-eabi/lib/thumb/v7e-m+fp/hard\libm.a(libm_a-s_sin.o)
                              CMakeFiles/7_AutomatedSortingRobot_26.dir/Mycode/car.c.obj (sin)
D:/STM32CubeIde/STM32CubeIDE_1.19.0/STM32CubeIDE/plugins/com.st.stm32cube.ide.mcu.externaltools.gnu-tools-for-stm32.14.3.rel1.win32_1.0.100.202602081740/tools/bin/../lib/gcc/arm-none-eabi/14.3.1/../../../../arm-none-eabi/lib/thumb/v7e-m+fp/hard\libm.a(libm_a-wf_asin.o)
                              CMakeFiles/7_AutomatedSortingRobot_26.dir/Mycode/icm42688/quaternion.c.obj (asinf)
D:/STM32CubeIde/STM32CubeIDE_1.19.0/STM32CubeIDE/plugins/com.st.stm32cube.ide.mcu.externaltools.gnu-tools-for-stm32.14.3.rel1.win32_1.0.100.202602081740/tools/bin/../lib/gcc/arm-none-eabi/14.3.1/../../../../arm-none-eabi/lib/thumb/v7e-m+fp/hard\libm.a(libm_a-wf_atan2.o)
                              CMakeFiles/7_AutomatedSortingRobot_26.dir/Mycode/icm42688/quaternion.c.obj (atan2f)
D:/STM32CubeIde/STM32CubeIDE_1.19.0/STM32CubeIDE/plugins/com.st.stm32cube.ide.mcu.externaltools.gnu-tools-for-stm32.14.3.rel1.win32_1.0.100.202602081740/tools/bin/../lib/gcc/arm-none-eabi/14.3.1/../../../../arm-none-eabi/lib/thumb/v7e-m+fp/hard\libm.a(libm_a-sf_fabs.o)
                              D:/STM32CubeIde/STM32CubeIDE_1.19.0/STM32CubeIDE/plugins/com.st.stm32cube.ide.mcu.externaltools.gnu-tools-for-stm32.14.3.rel1.win32_1.0.100.202602081740/tools/bin/../lib/gcc/arm-none-eabi/14.3.1/../../../../arm-none-eabi/lib/thumb/v7e-m+fp/hard\libm.a(libm_a-wf_asin.o) (fabsf)
D:/STM32CubeIde/STM32CubeIDE_1.19.0/STM32CubeIDE/plugins/com.st.stm32cube.ide.mcu.externaltools.gnu-tools-for-stm32.14.3.rel1.win32_1.0.100.202602081740/tools/bin/../lib/gcc/arm-none-eabi/14.3.1/../../../../arm-none-eabi/lib/thumb/v7e-m+fp/hard\libm.a(libm_a-s_nan.o)
                              D:/STM32CubeIde/STM32CubeIDE_1.19.0/STM32CubeIDE/plugins/com.st.stm32cube.ide.mcu.externaltools.gnu-tools-for-stm32.14.3.rel1.win32_1.0.100.202602081740/tools/bin/../lib/gcc/arm-none-eabi/14.3.1/../../../../arm-none-eabi/lib/thumb/v7e-m+fp/hard\libm.a(libm_a-w_asin.o) (nan)
[...]
Memory Configuration

Name             Origin             Length             Attributes
RAM              0x20000000         0x00020000         xrw
CCMRAM           0x10000000         0x00010000         xrw
FLASH            0x08000000         0x00080000         xr
*default*        0x00000000         0xffffffff

Linker script and memory map

LOAD D:/STM32CubeIde/STM32CubeIDE_1.19.0/STM32CubeIDE/plugins/com.st.stm32cube.ide.mcu.externaltools.gnu-tools-for-stm32.14.3.rel1.win32_1.0.100.202602081740/tools/bin/../lib/gcc/arm-none-eabi/14.3.1/thumb/v7e-m+fp/hard/crti.o
LOAD D:/STM32CubeIde/STM32CubeIDE_1.19.0/STM32CubeIDE/plugins/com.st.stm32cube.ide.mcu.externaltools.gnu-tools-for-stm32.14.3.rel1.win32_1.0.100.202602081740/tools/bin/../lib/gcc/arm-none-eabi/14.3.1/thumb/v7e-m+fp/hard/crtbegin.o
LOAD D:/STM32CubeIde/STM32CubeIDE_1.19.0/STM32CubeIDE/plugins/com.st.stm32cube.ide.mcu.externaltools.gnu-tools-for-stm32.14.3.rel1.win32_1.0.100.202602081740/tools/bin/../lib/gcc/arm-none-eabi/14.3.1/../../../../arm-none-eabi/lib/thumb/v7e-m+fp/hard/crt0.o
LOAD cmake/stm32cubemx/CMakeFiles/STM32_Drivers.dir/__/__/Core/Src/system_stm32f4xx.c.obj
LOAD cmake/stm32cubemx/CMakeFiles/STM32_Drivers.dir/__/__/Drivers/STM32F4xx_HAL_Driver/Src/stm32f4xx_hal_i2c.c.obj
LOAD cmake/stm32cubemx/CMakeFiles/STM32_Drivers.dir/__/__/Drivers/STM32F4xx_HAL_Driver/Src/stm32f4xx_hal_i2c_ex.c.obj
LOAD cmake/stm32cubemx/CMakeFiles/STM32_Drivers.dir/__/__/Drivers/STM32F4xx_HAL_Driver/Src/stm32f4xx_hal_rcc.c.obj
LOAD cmake/stm32cubemx/CMakeFiles/STM32_Drivers.dir/__/__/Drivers/STM32F4xx_HAL_Driver/Src/stm32f4xx_hal_rcc_ex.c.obj
LOAD cmake/stm32cubemx/CMakeFiles/STM32_Drivers.dir/__/__/Drivers/STM32F4xx_HAL_Driver/Src/stm32f4xx_hal_flash.c.obj
LOAD cmake/stm32cubemx/CMakeFiles/STM32_Drivers.dir/__/__/Drivers/STM32F4xx_HAL_Driver/Src/stm32f4xx_hal_flash_ex.c.obj
LOAD cmake/stm32cubemx/CMakeFiles/STM32_Drivers.dir/__/__/Drivers/STM32F4xx_HAL_Driver/Src/stm32f4xx_hal_flash_ramfunc.c.obj
LOAD cmake/stm32cubemx/CMakeFiles/STM32_Drivers.dir/__/__/Drivers/STM32F4xx_HAL_Driver/Src/stm32f4xx_hal_gpio.c.obj
LOAD cmake/stm32cubemx/CMakeFiles/STM32_Drivers.dir/__/__/Drivers/STM32F4xx_HAL_Driver/Src/stm32f4xx_hal_dma_ex.c.obj
LOAD cmake/stm32cubemx/CMakeFiles/STM32_Drivers.dir/__/__/Drivers/STM32F4xx_HAL_Driver/Src/stm32f4xx_hal_dma.c.obj
LOAD cmake/stm32cubemx/CMakeFiles/STM32_Drivers.dir/__/__/Drivers/STM32F4xx_HAL_Driver/Src/stm32f4xx_hal_pwr.c.obj
LOAD cmake/stm32cubemx/CMakeFiles/STM32_Drivers.dir/__/__/Drivers/STM32F4xx_HAL_Driver/Src/stm32f4xx_hal_pwr_ex.c.obj
LOAD cmake/stm32cubemx/CMakeFiles/STM32_Drivers.dir/__/__/Drivers/STM32F4xx_HAL_Driver/Src/stm32f4xx_hal_cortex.c.obj
LOAD cmake/stm32cubemx/CMakeFiles/STM32_Drivers.dir/__/__/Drivers/STM32F4xx_HAL_Driver/Src/stm32f4xx_hal.c.obj
LOAD cmake/stm32cubemx/CMakeFiles/STM32_Drivers.dir/__/__/Drivers/STM32F4xx_HAL_Driver/Src/stm32f4xx_hal_exti.c.obj
LOAD cmake/stm32cubemx/CMakeFiles/STM32_Drivers.dir/__/__/Drivers/STM32F4xx_HAL_Driver/Src/stm32f4xx_hal_tim.c.obj
LOAD cmake/stm32cubemx/CMakeFiles/STM32_Drivers.dir/__/__/Drivers/STM32F4xx_HAL_Driver/Src/stm32f4xx_hal_tim_ex.c.obj
LOAD cmake/stm32cubemx/CMakeFiles/STM32_Drivers.dir/__/__/Drivers/STM32F4xx_HAL_Driver/Src/stm32f4xx_hal_uart.c.obj
LOAD CMakeFiles/7_AutomatedSortingRobot_26.dir/Core/Src/main.c.obj
LOAD CMakeFiles/7_AutomatedSortingRobot_26.dir/Core/Src/gpio.c.obj
LOAD CMakeFiles/7_AutomatedSortingRobot_26.dir/Core/Src/i2c.c.obj
LOAD CMakeFiles/7_AutomatedSortingRobot_26.dir/Core/Src/tim.c.obj
LOAD CMakeFiles/7_AutomatedSortingRobot_26.dir/Core/Src/usart.c.obj
LOAD CMakeFiles/7_AutomatedSortingRobot_26.dir/Core/Src/stm32f4xx_it.c.obj
LOAD CMakeFiles/7_AutomatedSortingRobot_26.dir/Core/Src/stm32f4xx_hal_msp.c.obj
LOAD CMakeFiles/7_AutomatedSortingRobot_26.dir/Core/Src/sysmem.c.obj
LOAD CMakeFiles/7_AutomatedSortingRobot_26.dir/Core/Src/syscalls.c.obj
LOAD CMakeFiles/7_AutomatedSortingRobot_26.dir/startup_stm32f407xx.s.obj
LOAD CMakeFiles/7_AutomatedSortingRobot_26.dir/Mycode/led.c.obj
LOAD CMakeFiles/7_AutomatedSortingRobot_26.dir/Mycode/uart.c.obj
LOAD CMakeFiles/7_AutomatedSortingRobot_26.dir/Mycode/delay.c.obj
LOAD CMakeFiles/7_AutomatedSortingRobot_26.dir/Mycode/key.c.obj
LOAD CMakeFiles/7_AutomatedSortingRobot_26.dir/Mycode/mpu6050.c.obj
LOAD CMakeFiles/7_AutomatedSortingRobot_26.dir/Mycode/gray.c.obj
LOAD CMakeFiles/7_AutomatedSortingRobot_26.dir/Mycode/buzzer.c.obj
LOAD CMakeFiles/7_AutomatedSortingRobot_26.dir/Mycode/laser.c.obj
LOAD CMakeFiles/7_AutomatedSortingRobot_26.dir/Mycode/infrared.c.obj
LOAD CMakeFiles/7_AutomatedSortingRobot_26.dir/Mycode/gy53.c.obj
LOAD CMakeFiles/7_AutomatedSortingRobot_26.dir/Mycode/ultrasonic.c.obj
LOAD CMakeFiles/7_AutomatedSortingRobot_26.dir/Mycode/servo.c.obj
LOAD CMakeFiles/7_AutomatedSortingRobot_26.dir/Mycode/tb6612.c.obj
LOAD CMakeFiles/7_AutomatedSortingRobot_26.dir/Mycode/car.c.obj
LOAD CMakeFiles/7_AutomatedSortingRobot_26.dir/Mycode/velocityProfile.c.obj
LOAD CMakeFiles/7_AutomatedSortingRobot_26.dir/Mycode/encoder.c.obj
LOAD CMakeFiles/7_AutomatedSortingRobot_26.dir/Mycode/emm_v5.c.obj
LOAD CMakeFiles/7_AutomatedSortingRobot_26.dir/Mycode/serialplot.c.obj
LOAD CMakeFiles/7_AutomatedSortingRobot_26.dir/Mycode/pid.c.obj
LOAD CMakeFiles/7_AutomatedSortingRobot_26.dir/Mycode/icm42688.c.obj
LOAD CMakeFiles/7_AutomatedSortingRobot_26.dir/Mycode/myflash.c.obj
LOAD CMakeFiles/7_AutomatedSortingRobot_26.dir/Mycode/storage.c.obj
LOAD CMakeFiles/7_AutomatedSortingRobot_26.dir/Mycode/nmos.c.obj
LOAD CMakeFiles/7_AutomatedSortingRobot_26.dir/Mycode/mpu6050/mpu.c.obj
LOAD CMakeFiles/7_AutomatedSortingRobot_26.dir/Mycode/mpu6050/inv_mpu.c.obj
LOAD CMakeFiles/7_AutomatedSortingRobot_26.dir/Mycode/mpu6050/iic.c.obj
LOAD CMakeFiles/7_AutomatedSortingRobot_26.dir/Mycode/mpu6050/inv_mpu_dmp_motion_driver.c.obj
LOAD CMakeFiles/7_AutomatedSortingRobot_26.dir/Mycode/icm42688/icm42688.c.obj
LOAD CMakeFiles/7_AutomatedSortingRobot_26.dir/Mycode/icm42688/quaternion.c.obj
LOAD CMakeFiles/7_AutomatedSortingRobot_26.dir/Mycode/oled_jiangkeda/oled.c.obj
LOAD CMakeFiles/7_AutomatedSortingRobot_26.dir/Mycode/oled_jiangkeda/oled_data.c.obj
START GROUP
LOAD G:/STM32/7_AutomatedSortingRobot_26/cmake/stm32cubemx/../../Middlewares/ST/ARM/DSP/Lib/libarm_cortexM4lf_math.a
END GROUP
LOAD G:/STM32/7_AutomatedSortingRobot_26/cmake/stm32cubemx/../../Middlewares/ST/ARM/DSP/Lib\libarm_cortexM4lf_math.a
LOAD D:/STM32CubeIde/STM32CubeIDE_1.19.0/STM32CubeIDE/plugins/com.st.stm32cube.ide.mcu.externaltools.gnu-tools-for-stm32.14.3.rel1.win32_1.0.100.202602081740/tools/bin/../lib/gcc/arm-none-eabi/14.3.1/../../../../arm-none-eabi/lib/thumb/v7e-m+fp/hard\libm.a
START GROUP
LOAD D:/STM32CubeIde/STM32CubeIDE_1.19.0/STM32CubeIDE/plugins/com.st.stm32cube.ide.mcu.externaltools.gnu-tools-for-stm32.14.3.rel1.win32_1.0.100.202602081740/tools/bin/../lib/gcc/arm-none-eabi/14.3.1/thumb/v7e-m+fp/hard\libgcc.a
LOAD D:/STM32CubeIde/STM32CubeIDE_1.19.0/STM32CubeIDE/plugins/com.st.stm32cube.ide.mcu.externaltools.gnu-tools-for-stm32.14.3.rel1.win32_1.0.100.202602081740/tools/bin/../lib/gcc/arm-none-eabi/14.3.1/../../../../arm-none-eabi/lib/thumb/v7e-m+fp/hard\libg_nano.a
LOAD D:/STM32CubeIde/STM32CubeIDE_1.19.0/STM32CubeIDE/plugins/com.st.stm32cube.ide.mcu.externaltools.gnu-tools-for-stm32.14.3.rel1.win32_1.0.100.202602081740/tools/bin/../lib/gcc/arm-none-eabi/14.3.1/../../../../arm-none-eabi/lib/thumb/v7e-m+fp/hard\libc_nano.a
END GROUP
START GROUP
LOAD D:/STM32CubeIde/STM32CubeIDE_1.19.0/STM32CubeIDE/plugins/com.st.stm32cube.ide.mcu.externaltools.gnu-tools-for-stm32.14.3.rel1.win32_1.0.100.202602081740/tools/bin/../lib/gcc/arm-none-eabi/14.3.1/thumb/v7e-m+fp/hard\libgcc.a
LOAD D:/STM32CubeIde/STM32CubeIDE_1.19.0/STM32CubeIDE/plugins/com.st.stm32cube.ide.mcu.externaltools.gnu-tools-for-stm32.14.3.rel1.win32_1.0.100.202602081740/tools/bin/../lib/gcc/arm-none-eabi/14.3.1/../../../../arm-none-eabi/lib/thumb/v7e-m+fp/hard\libc_nano.a
END GROUP
LOAD D:/STM32CubeIde/STM32CubeIDE_1.19.0/STM32CubeIDE/plugins/com.st.stm32cube.ide.mcu.externaltools.gnu-tools-for-stm32.14.3.rel1.win32_1.0.100.202602081740/tools/bin/../lib/gcc/arm-none-eabi/14.3.1/thumb/v7e-m+fp/hard/crtend.o
LOAD D:/STM32CubeIde/STM32CubeIDE_1.19.0/STM32CubeIDE/plugins/com.st.stm32cube.ide.mcu.externaltools.gnu-tools-for-stm32.14.3.rel1.win32_1.0.100.202602081740/tools/bin/../lib/gcc/arm-none-eabi/14.3.1/thumb/v7e-m+fp/hard/crtn.o
                0x20020000                        _estack = (ORIGIN (RAM) + LENGTH (RAM))
                0x00000200                        _Min_Heap_Size = 0x200
                0x00000400                        _Min_Stack_Size = 0x400

.isr_vector     0x08000000      0x188
                0x08000000                        . = ALIGN (0x4)
 *(.isr_vector)
 .isr_vector    0x08000000      0x188 CMakeFiles/7_AutomatedSortingRobot_26.dir/startup_stm32f407xx.s.obj
                0x08000000                g_pfnVectors
                0x08000188                        . = ALIGN (0x4)

.text           0x08000190    0x1fb58
                0x08000190                        . = ALIGN (0x4)
 *(.text)
 .text          0x08000190       0x40 D:/STM32CubeIde/STM32CubeIDE_1.19.0/STM32CubeIDE/plugins/com.st.stm32cube.ide.mcu.externaltools.gnu-tools-for-stm32.14.3.rel1.win32_1.0.100.202602081740/tools/bin/../lib/gcc/arm-none-eabi/14.3.1/thumb/v7e-m+fp/hard/crtbegin.o
 .text          0x080001d0      0x110 cmake/stm32cubemx/CMakeFiles/STM32_Drivers.dir/__/__/Core/Src/system_stm32f4xx.c.obj
                0x080001d0                SystemInit
                0x080001f4                SystemCoreClockUpdate
 .text          0x080002e0     0x6468 cmake/stm32cubemx/CMakeFiles/STM32_Drivers.dir/__/__/Drivers/STM32F4xx_HAL_Driver/Src/stm32f4xx_hal_i2c.c.obj
                0x080002e0                HAL_I2C_Init
                0x08000568                HAL_I2C_DeInit
                0x08000618                HAL_I2C_Master_Transmit
                0x08000814                HAL_I2C_Master_Receive
                0x08000c78                HAL_I2C_Slave_Transmit
                0x08000ea4                HAL_I2C_Slave_Receive
                0x080010b8                HAL_I2C_Master_Transmit_IT
                0x080011fc                HAL_I2C_Master_Receive_IT
                0x08001350                HAL_I2C_Slave_Transmit_IT
                0x08001430                HAL_I2C_Slave_Receive_IT
                0x08001510                HAL_I2C_Master_Transmit_DMA
                0x08001768                HAL_I2C_Master_Receive_DMA
                0x080019c0                HAL_I2C_Slave_Transmit_DMA
                0x08001b64                HAL_I2C_Slave_Receive_DMA
                0x08001d08                HAL_I2C_Mem_Write
                0x08001efc                HAL_I2C_Mem_Read
                0x08002360                HAL_I2C_Mem_Write_IT
                0x080024bc                HAL_I2C_Mem_Read_IT
                0x08002630                HAL_I2C_Mem_Write_DMA
                0x080028ec                HAL_I2C_Mem_Read_DMA
                0x08002c0c                HAL_I2C_IsDeviceReady
                0x08002e68                HAL_I2C_Master_Seq_Transmit_IT
                0x08002fec                HAL_I2C_Master_Seq_Transmit_DMA
                0x080032a8                HAL_I2C_Master_Seq_Receive_IT
                0x0800349c                HAL_I2C_Master_Seq_Receive_DMA
                0x08003800                HAL_I2C_Slave_Seq_Transmit_IT
                0x080038e6                HAL_I2C_Slave_Seq_Transmit_DMA
                0x08003b5c                HAL_I2C_Slave_Seq_Receive_IT
                0x08003c42                HAL_I2C_Slave_Seq_Receive_DMA
                0x08003eb8                HAL_I2C_EnableListen_IT
                0x08003f24                HAL_I2C_DisableListen_IT
                0x08003f9a                HAL_I2C_Master_Abort_IT
                0x0800403e                HAL_I2C_EV_IRQHandler
                0x08004320                HAL_I2C_ER_IRQHandler
                0x0800446e                HAL_I2C_MasterTxCpltCallback
                0x08004482                HAL_I2C_MasterRxCpltCallback
                0x08004496                HAL_I2C_SlaveTxCpltCallback
                0x080044aa                HAL_I2C_SlaveRxCpltCallback
                0x080044be                HAL_I2C_AddrCallback
                0x080044da                HAL_I2C_ListenCpltCallback
                0x080044ee                HAL_I2C_MemTxCpltCallback
                0x08004502                HAL_I2C_MemRxCpltCallback
                0x08004516                HAL_I2C_ErrorCallback
                0x0800452a                HAL_I2C_AbortCpltCallback
                0x0800453e                HAL_I2C_GetState
                0x0800455a                HAL_I2C_GetMode
                0x08004576                HAL_I2C_GetError
 .text          0x08006748      0xc04 cmake/stm32cubemx/CMakeFiles/STM32_Drivers.dir/__/__/Drivers/STM32F4xx_HAL_Driver/Src/stm32f4xx_hal_rcc.c.obj
                0x08006758                HAL_RCC_OscConfig
                0x08006c48                HAL_RCC_ClockConfig
                0x08006e14                HAL_RCC_MCOConfig
                0x08006ee4                HAL_RCC_EnableCSS
                0x08006efc                HAL_RCC_DisableCSS
                0x08006f14                HAL_RCC_GetSysClockFreq
                0x08007120                HAL_RCC_GetHCLKFreq
                0x08007138                HAL_RCC_GetPCLK1Freq
                0x08007160                HAL_RCC_GetPCLK2Freq
                0x08007188                HAL_RCC_GetOscConfig
                0x080072b0                HAL_RCC_GetClockConfig
                0x08007314                HAL_RCC_NMI_IRQHandler
                0x0800733c                HAL_RCC_CSSCallback
 .text          0x0800734c      0x660 cmake/stm32cubemx/CMakeFiles/STM32_Drivers.dir/__/__/Drivers/STM32F4xx_HAL_Driver/Src/stm32f4xx_hal_gpio.c.obj
                0x0800734c                HAL_GPIO_Init
                0x08007684                HAL_GPIO_DeInit
                0x0800787c                HAL_GPIO_ReadPin
                0x080078ac                HAL_GPIO_WritePin
                0x080078de                HAL_GPIO_TogglePin
                0x08007912                HAL_GPIO_LockPin
                0x08007962                HAL_GPIO_EXTI_IRQHandler
                0x08007994                HAL_GPIO_EXTI_Callback
 .text          0x080079ac      0xca0 cmake/stm32cubemx/CMakeFiles/STM32_Drivers.dir/__/__/Drivers/STM32F4xx_HAL_Driver/Src/stm32f4xx_hal_dma.c.obj
                0x080079ac                HAL_DMA_Init
                0x08007b08                HAL_DMA_DeInit
                0x08007bc4                HAL_DMA_Start
                0x08007c3a                HAL_DMA_Start_IT
                0x08007cea                HAL_DMA_Abort
                0x08007dca                HAL_DMA_Abort_IT
                0x08007e0e                HAL_DMA_PollForTransfer
                0x08007fcc                HAL_DMA_IRQHandler
                0x080082e0                HAL_DMA_RegisterCallback
                0x08008388                HAL_DMA_UnRegisterCallback
                0x0800845a                HAL_DMA_GetState
                0x08008476                HAL_DMA_GetError
 .text          0x0800864c      0x6d0 cmake/stm32cubemx/CMakeFiles/STM32_Drivers.dir/__/__/Drivers/STM32F4xx_HAL_Driver/Src/stm32f4xx_hal_cortex.c.obj
                0x08008a1c                HAL_NVIC_SetPriorityGrouping
                0x08008a32                HAL_NVIC_SetPriority
                0x08008a6a                HAL_NVIC_EnableIRQ
                0x08008a86                HAL_NVIC_DisableIRQ
                0x08008aa2                HAL_NVIC_SystemReset
                0x08008aaa                HAL_SYSTICK_Config
                0x08008ac2                HAL_MPU_Disable
                0x08008af0                HAL_MPU_Enable
                0x08008b30                HAL_MPU_EnableRegion
                0x08008b5c                HAL_MPU_DisableRegion
                0x08008b88                HAL_MPU_ConfigRegion
                0x08008c08                HAL_CORTEX_ClearEvent
                0x08008c1a                HAL_NVIC_GetPriorityGrouping
                0x08008c28                HAL_NVIC_GetPriority
                0x08008c54                HAL_NVIC_SetPendingIRQ
                0x08008c70                HAL_NVIC_GetPendingIRQ
                0x08008c8e                HAL_NVIC_ClearPendingIRQ
                0x08008caa                HAL_NVIC_GetActive
                0x08008cc8                HAL_SYSTICK_CLKSourceConfig
                0x08008d00                HAL_SYSTICK_IRQHandler
                0x08008d0c                HAL_SYSTICK_Callback
 .text          0x08008d1c      0x3e4 cmake/stm32cubemx/CMakeFiles/STM32_Drivers.dir/__/__/Drivers/STM32F4xx_HAL_Driver/Src/stm32f4xx_hal.c.obj
                0x08008d1c                HAL_Init
                0x08008d60                HAL_DeInit
                0x08008dca                HAL_MspDeInit
                0x08008dd8                HAL_InitTick
                0x08008e38                HAL_IncTick
                0x08008e60                HAL_GetTick
                0x08008e78                HAL_GetTickPrio
                0x08008e90                HAL_SetTickFreq
                0x08008ee0                HAL_GetTickFreq
                0x08008ef8                HAL_Delay
                0x08008f40                HAL_SuspendTick
                0x08008f60                HAL_ResumeTick
                0x08008f80                HAL_GetHalVersion
                0x08008f94                HAL_GetREVID
                0x08008fac                HAL_GetDEVID
                0x08008fc8                HAL_DBGMCU_EnableDBGSleepMode
                0x08008fe8                HAL_DBGMCU_DisableDBGSleepMode
                0x08009008                HAL_DBGMCU_EnableDBGStopMode
                0x08009028                HAL_DBGMCU_DisableDBGStopMode
                0x08009048                HAL_DBGMCU_EnableDBGStandbyMode
                0x08009068                HAL_DBGMCU_DisableDBGStandbyMode
                0x08009088                HAL_EnableCompensationCell
                0x080090a0                HAL_DisableCompensationCell
                0x080090b8                HAL_GetUIDw0
                0x080090d0                HAL_GetUIDw1
                0x080090e8                HAL_GetUIDw2
 .text          0x08009100     0x5e58 cmake/stm32cubemx/CMakeFiles/STM32_Drivers.dir/__/__/Drivers/STM32F4xx_HAL_Driver/Src/stm32f4xx_hal_tim.c.obj
                0x08009100                HAL_TIM_Base_Init
                0x0800919e                HAL_TIM_Base_DeInit
                0x0800926e                HAL_TIM_Base_Start
                0x0800933c                HAL_TIM_Base_Stop
                0x0800938a                HAL_TIM_Base_Start_IT
                0x08009468                HAL_TIM_Base_Stop_IT
                0x080094c6                HAL_TIM_Base_Start_DMA
                0x0800960c                HAL_TIM_Base_Stop_DMA
                0x08009670                HAL_TIM_OC_Init
                0x0800970e                HAL_TIM_OC_DeInit
                0x080097b6                HAL_TIM_OC_MspInit
                0x080097ca                HAL_TIM_OC_MspDeInit
                0x080097de                HAL_TIM_OC_Start
                0x08009970                HAL_TIM_OC_Stop
                0x08009a50                HAL_TIM_OC_Start_IT
                0x08009c7c                HAL_TIM_OC_Stop_IT
                0x08009df8                HAL_TIM_OC_Start_DMA
                0x0800a188                HAL_TIM_OC_Stop_DMA
                0x0800a32c                HAL_TIM_PWM_Init
                0x0800a3ca                HAL_TIM_PWM_DeInit
                0x0800a472                HAL_TIM_PWM_MspInit
                0x0800a486                HAL_TIM_PWM_MspDeInit
                0x0800a49a                HAL_TIM_PWM_Start
                0x0800a62c                HAL_TIM_PWM_Stop
                0x0800a70c                HAL_TIM_PWM_Start_IT
                0x0800a938                HAL_TIM_PWM_Stop_IT
                0x0800aab4                HAL_TIM_PWM_Start_DMA
                0x0800ae44                HAL_TIM_PWM_Stop_DMA
                0x0800afe8                HAL_TIM_IC_Init
                0x0800b086                HAL_TIM_IC_DeInit
                0x0800b12e                HAL_TIM_IC_MspInit
                0x0800b142                HAL_TIM_IC_MspDeInit
                0x0800b156                HAL_TIM_IC_Start
                0x0800b30c                HAL_TIM_IC_Stop
                0x0800b3ce                HAL_TIM_IC_Start_IT
                0x0800b61c                HAL_TIM_IC_Stop_IT
                0x0800b778                HAL_TIM_IC_Start_DMA
                0x0800bacc                HAL_TIM_IC_Stop_DMA
                0x0800bc4e                HAL_TIM_OnePulse_Init
                0x0800bcee                HAL_TIM_OnePulse_DeInit
                0x0800bd76                HAL_TIM_OnePulse_MspInit
                0x0800bd8a                HAL_TIM_OnePulse_MspDeInit
                0x0800bd9e                HAL_TIM_OnePulse_Start
                0x0800be60                HAL_TIM_OnePulse_Stop
                0x0800bf38                HAL_TIM_OnePulse_Start_IT
                0x0800c01c                HAL_TIM_OnePulse_Stop_IT
                0x0800c114                HAL_TIM_Encoder_Init
                0x0800c260                HAL_TIM_Encoder_DeInit
                0x0800c310                HAL_TIM_Encoder_Start
                0x0800c42c                HAL_TIM_Encoder_Stop
                0x0800c55a                HAL_TIM_Encoder_Start_IT
                0x0800c6b6                HAL_TIM_Encoder_Stop_IT
                0x0800c820                HAL_TIM_Encoder_Start_DMA
                0x0800caf8                HAL_TIM_Encoder_Stop_DMA
                0x0800cc8a                HAL_TIM_IRQHandler
                0x0800ce6a                HAL_TIM_OC_ConfigChannel
                0x0800cf20                HAL_TIM_IC_ConfigChannel
                0x0800d058                HAL_TIM_PWM_ConfigChannel
                0x0800d1dc                HAL_TIM_OnePulse_ConfigChannel
                0x0800d380                HAL_TIM_DMABurst_WriteStart
                0x0800d3b4                HAL_TIM_DMABurst_MultiWriteStart
                0x0800d65c                HAL_TIM_DMABurst_WriteStop
                0x0800d750                HAL_TIM_DMABurst_ReadStart
                0x0800d784                HAL_TIM_DMABurst_MultiReadStart
                0x0800da2c                HAL_TIM_DMABurst_ReadStop
                0x0800db20                HAL_TIM_GenerateEvent
                0x0800db6e                HAL_TIM_ConfigOCrefClear
                0x0800dd08                HAL_TIM_ConfigClockSource
                0x0800de96                HAL_TIM_ConfigTI1Input
                0x0800dece                HAL_TIM_SlaveConfigSynchro
                0x0800df52                HAL_TIM_SlaveConfigSynchro_IT
                0x0800dfd6                HAL_TIM_ReadCapturedValue
                0x0800e070                HAL_TIM_PeriodElapsedHalfCpltCallback
                0x0800e084                HAL_TIM_OC_DelayElapsedCallback
                0x0800e098                HAL_TIM_IC_CaptureCallback
                0x0800e0ac                HAL_TIM_IC_CaptureHalfCpltCallback
                0x0800e0c0                HAL_TIM_PWM_PulseFinishedCallback
                0x0800e0d4                HAL_TIM_PWM_PulseFinishedHalfCpltCallback
                0x0800e0e8                HAL_TIM_TriggerCallback
                0x0800e0fc                HAL_TIM_TriggerHalfCpltCallback
                0x0800e110                HAL_TIM_ErrorCallback
                0x0800e124                HAL_TIM_Base_GetState
                0x0800e140                HAL_TIM_OC_GetState
                0x0800e15c                HAL_TIM_PWM_GetState
                0x0800e178                HAL_TIM_IC_GetState
                0x0800e194                HAL_TIM_OnePulse_GetState
                0x0800e1b0                HAL_TIM_Encoder_GetState
                0x0800e1cc                HAL_TIM_GetActiveChannel
                0x0800e1e4                HAL_TIM_GetChannelState
                0x0800e236                HAL_TIM_DMABurstState
                0x0800e252                TIM_DMAError
                0x0800e38c                TIM_DMADelayPulseHalfCplt
                0x0800e3f4                TIM_DMACaptureCplt
                0x0800e4bc                TIM_DMACaptureHalfCplt
                0x0800e5b8                TIM_Base_SetConfig
                0x0800e7e4                TIM_OC2_SetConfig
                0x0800eb86                TIM_TI1_SetConfig
                0x0800eecc                TIM_ETR_SetConfig
                0x0800ef0c                TIM_CCxChannelCmd
 .text          0x0800ef58     0x23a8 cmake/stm32cubemx/CMakeFiles/STM32_Drivers.dir/__/__/Drivers/STM32F4xx_HAL_Driver/Src/stm32f4xx_hal_tim_ex.c.obj
                0x0800ef58                HAL_TIMEx_HallSensor_Init
                0x0800f0aa                HAL_TIMEx_HallSensor_DeInit
                0x0800f132                HAL_TIMEx_HallSensor_MspInit
                0x0800f146                HAL_TIMEx_HallSensor_MspDeInit
                0x0800f15a                HAL_TIMEx_HallSensor_Start
                0x0800f278                HAL_TIMEx_HallSensor_Stop
                0x0800f2e8                HAL_TIMEx_HallSensor_Start_IT
                0x0800f414                HAL_TIMEx_HallSensor_Stop_IT
                0x0800f494                HAL_TIMEx_HallSensor_Start_DMA
                0x0800f600                HAL_TIMEx_HallSensor_Stop_DMA
                0x0800f67a                HAL_TIMEx_OCN_Start
                0x0800f7ec                HAL_TIMEx_OCN_Stop
                0x0800f8a6                HAL_TIMEx_OCN_Start_IT
                0x0800fa88                HAL_TIMEx_OCN_Stop_IT
                0x0800fbc6                HAL_TIMEx_OCN_Start_DMA
                0x0800fec4                HAL_TIMEx_OCN_Stop_DMA
                0x0800fffc                HAL_TIMEx_PWMN_Start
                0x08010170                HAL_TIMEx_PWMN_Stop
                0x0801022a                HAL_TIMEx_PWMN_Start_IT
                0x0801040c                HAL_TIMEx_PWMN_Stop_IT
                0x0801054a                HAL_TIMEx_PWMN_Start_DMA
                0x08010848                HAL_TIMEx_PWMN_Stop_DMA
                0x08010980                HAL_TIMEx_OnePulseN_Start
                0x08010a2a                HAL_TIMEx_OnePulseN_Stop
                0x08010ae8                HAL_TIMEx_OnePulseN_Start_IT
                0x08010bb2                HAL_TIMEx_OnePulseN_Stop_IT
                0x08010c90                HAL_TIMEx_ConfigCommutEvent
                0x08010d50                HAL_TIMEx_ConfigCommutEvent_IT
                0x08010e10                HAL_TIMEx_ConfigCommutEvent_DMA
                0x08010ef4                HAL_TIMEx_MasterConfigSynchronization
                0x08010fec                HAL_TIMEx_ConfigBreakDeadTime
                0x08011090                HAL_TIMEx_RemapConfig
                0x080110ce                HAL_TIMEx_CommutCallback
                0x080110e2                HAL_TIMEx_CommutHalfCpltCallback
                0x080110f6                HAL_TIMEx_BreakCallback
                0x0801110a                HAL_TIMEx_HallSensor_GetState
                0x08011126                HAL_TIMEx_GetChannelNState
                0x08011178                TIMEx_DMACommutationCplt
                0x0801119c                TIMEx_DMACommutationHalfCplt
 .text          0x08011300     0x2dfc cmake/stm32cubemx/CMakeFiles/STM32_Drivers.dir/__/__/Drivers/STM32F4xx_HAL_Driver/Src/stm32f4xx_hal_uart.c.obj
                0x08011300                HAL_UART_Init
                0x080113a0                HAL_HalfDuplex_Init
                0x08011450                HAL_LIN_Init
                0x08011522                HAL_MultiProcessor_Init
                0x08011608                HAL_UART_DeInit
                0x08011694                HAL_UART_Transmit
                0x080117aa                HAL_UART_Receive
                0x080118d8                HAL_UART_Transmit_IT
                0x08011944                HAL_UART_Receive_IT
                0x0801198e                HAL_UART_Transmit_DMA
                0x08011a84                HAL_UART_Receive_DMA
                0x08011ace                HAL_UART_DMAPause
                0x08011c08                HAL_UART_DMAResume
                0x08011d24                HAL_UART_DMAStop
                0x08011e22                HAL_UARTEx_ReceiveToIdle
                0x08011fca                HAL_UARTEx_ReceiveToIdle_IT
                0x08012084                HAL_UARTEx_ReceiveToIdle_DMA
                0x08012136                HAL_UARTEx_GetRxEventType
                0x0801214e                HAL_UART_Abort
                0x08012324                HAL_UART_AbortTransmit
                0x080123f4                HAL_UART_AbortReceive
                0x0801253a                HAL_UART_Abort_IT
                0x08012764                HAL_UART_AbortTransmit_IT
                0x0801284c                HAL_UART_AbortReceive_IT
                0x080129b0                HAL_UART_IRQHandler
                0x08012f04                HAL_UART_TxCpltCallback
                0x08012f18                HAL_UART_TxHalfCpltCallback
                0x08012f40                HAL_UART_RxHalfCpltCallback
                0x08012f54                HAL_UART_ErrorCallback
                0x08012f68                HAL_UART_AbortCpltCallback
                0x08012f7c                HAL_UART_AbortTransmitCpltCallback
                0x08012f90                HAL_UART_AbortReceiveCpltCallback
                0x08012fbc                HAL_LIN_SendBreak
                0x08013034                HAL_MultiProcessor_EnterMuteMode
                0x080130b2                HAL_MultiProcessor_ExitMuteMode
                0x08013130                HAL_HalfDuplex_EnableTransmitter
                0x08013198                HAL_HalfDuplex_EnableReceiver
                0x08013200                HAL_UART_GetState
                0x0801323c                HAL_UART_GetError
                0x080135b8                UART_Start_Receive_IT
                0x0801362c                UART_Start_Receive_DMA
 .text          0x080140fc      0x19c CMakeFiles/7_AutomatedSortingRobot_26.dir/Core/Src/main.c.obj
                0x080140fc                HAL_TIM_PeriodElapsedCallback
                0x0801413c                main
                0x080141b8                SystemClock_Config
                0x0801428c                Error_Handler
 .text          0x08014298      0x1a0 CMakeFiles/7_AutomatedSortingRobot_26.dir/Core/Src/gpio.c.obj
                0x08014298                MX_GPIO_Init
 .text          0x08014438      0x130 CMakeFiles/7_AutomatedSortingRobot_26.dir/Core/Src/i2c.c.obj
                0x08014438                MX_I2C1_Init
                0x08014494                HAL_I2C_MspInit
                0x08014524                HAL_I2C_MspDeInit
 .text          0x08014568      0x944 CMakeFiles/7_AutomatedSortingRobot_26.dir/Core/Src/tim.c.obj
                0x08014568                MX_TIM1_Init
                0x080146f0                MX_TIM2_Init
                0x08014798                MX_TIM3_Init
                0x08014840                MX_TIM4_Init
                0x080148e8                MX_TIM5_Init
                0x08014990                MX_TIM6_Init
                0x080149fc                MX_TIM7_Init
                0x08014a68                HAL_TIM_Base_MspInit
                0x08014b10                HAL_TIM_Encoder_MspInit
                0x08014d18                HAL_TIM_MspPostInit
                0x08014d8c                HAL_TIM_Base_MspDeInit
                0x08014df8                HAL_TIM_Encoder_MspDeInit
 .text          0x08014eac      0x550 CMakeFiles/7_AutomatedSortingRobot_26.dir/Core/Src/usart.c.obj
                0x08014eac                MX_UART4_Init
                0x08014f00                MX_UART5_Init
                0x08014f54                MX_USART1_UART_Init
                0x08014fa8                MX_USART2_UART_Init
                0x08014ffc                MX_USART3_UART_Init
                0x08015050                HAL_UART_MspInit
                0x0801530c                HAL_UART_MspDeInit
 .text          0x080153fc       0x68 CMakeFiles/7_AutomatedSortingRobot_26.dir/Core/Src/stm32f4xx_it.c.obj
                0x080153fc                NMI_Handler
                0x08015402                HardFault_Handler
                0x08015408                MemManage_Handler
                0x0801540e                BusFault_Handler
                0x08015414                UsageFault_Handler
                0x0801541a                SVC_Handler
                0x08015428                DebugMon_Handler
                0x08015436                PendSV_Handler
                0x08015444                SysTick_Handler
                0x08015450                TIM7_IRQHandler
 .text          0x08015464       0x50 CMakeFiles/7_AutomatedSortingRobot_26.dir/Core/Src/stm32f4xx_hal_msp.c.obj
                0x08015464                HAL_MspInit
 .text          0x080154b4       0x6c CMakeFiles/7_AutomatedSortingRobot_26.dir/Core/Src/sysmem.c.obj
                0x080154b4                _sbrk
 .text          0x08015520      0x214 CMakeFiles/7_AutomatedSortingRobot_26.dir/Core/Src/syscalls.c.obj
                0x08015520                initialise_monitor_handles
                0x0801552e                _getpid
                0x0801553e                _kill
                0x0801555e                _exit
                0x08015572                _read
                0x080155ac                _write
                0x080155e4                _close
                0x080155fc                _fstat
                0x0801561c                _isatty
                0x08015632                _lseek
                0x0801564c                _open
                0x08015668                _wait
                0x08015686                _unlink
                0x080156a4                _times
                0x080156bc                _stat
                0x080156dc                _link
                0x080156fc                _fork
                0x08015712                _execve
 .text          0x08015734      0x3a8 CMakeFiles/7_AutomatedSortingRobot_26.dir/Mycode/uart.c.obj
                0x08015734                UART1_Printf
                0x0801579c                UART2_Printf
                0x08015804                UART3_Printf
                0x0801586c                UART4_Printf
                0x080158d4                HAL_UART_RxCpltCallback
                0x08015a40                HAL_UARTEx_RxEventCallback
 .text          0x08015adc       0x64 CMakeFiles/7_AutomatedSortingRobot_26.dir/Mycode/gy53.c.obj
                0x08015adc                GY53_GetDistance_PWM
 .text          0x08015b40      0x1a8 CMakeFiles/7_AutomatedSortingRobot_26.dir/Mycode/tb6612.c.obj
                0x08015b40                TB6612_Init
                0x08015b9c                TB6612_Control
 .text          0x08015ce8     0x1550 CMakeFiles/7_AutomatedSortingRobot_26.dir/Mycode/car.c.obj
                0x08015d74                PositionPID_Calculate
                0x08015ed4                IncrementalPID_Calculate
                0x08016090                PositionPID_clear
                0x080160bc                CAR_Mecanum
                0x080161e4                CAR_Mecanum_Polar
                0x080162c4                CAR_Robot_Calculate
                0x08016a04                CAR_Yaw_PID
                0x08016ac0                CAR_Motor_PID
                0x08016b02                CAR_Motor_Control
                0x08016b84                CAR_Speed_Translation
                0x08016bc8                CAR_Encoder_Get
                0x08016cec                CAR_Init
                0x0801700c                CAR_Control_Loop
 .text          0x08017238      0xb14 CMakeFiles/7_AutomatedSortingRobot_26.dir/Mycode/velocityProfile.c.obj
                0x08017238                calcTrapezoidalProfile
                0x080179c4                calcTrapezoidalAcc
                0x08017a50                calcTrapezoidalVel
                0x08017b68                calcTrapezoidalDist
 *fill*         0x08017d4c        0x4 
 .text          0x08017d50     0x23f8 CMakeFiles/7_AutomatedSortingRobot_26.dir/Mycode/oled_jiangkeda/oled.c.obj
                0x08017d50                OLED_W_SCL
                0x08017d74                OLED_W_SDA
                0x08017d98                OLED_GPIO_Init
                0x08017e28                OLED_I2C_Start
                0x08017e48                OLED_I2C_Stop
                0x08017e62                OLED_I2C_SendByte
                0x08017eba                OLED_WriteCommand
                0x08017ee8                OLED_WriteData
                0x08017f32                OLED_Init
                0x08017fd0                OLED_SetCursor
                0x08018016                OLED_Pow
                0x08018048                OLED_pnpoly
                0x0801815c                OLED_IsInAngle
                0x0801822c                OLED_Update
                0x0801826c                OLED_UpdateArea
                0x08018340                OLED_Clear
                0x08018390                OLED_ClearArea
                0x0801847c                OLED_Reverse
                0x080184dc                OLED_ReverseArea
                0x080185c4                OLED_ShowChar
                0x08018640                OLED_ShowString
                0x080186a0                OLED_ShowNum
                0x08018730                OLED_ShowSignedNum
                0x080187f8                OLED_ShowHexNum
                0x080188a8                OLED_ShowBinNum
                0x08018926                OLED_ShowFloatNum
                0x08018a82                OLED_ShowChinese
                0x08018b68                OLED_ShowImage
                0x08018d30                OLED_Printf
                0x08018dc2                OLED_DrawPoint
                0x08018e58                OLED_GetPoint
                0x08018ee0                OLED_DrawLine
                0x08019192                OLED_DrawRectangle
                0x080192b2                OLED_DrawTriangle
                0x08019432                OLED_DrawCircle
                0x080196f8                OLED_DrawEllipse
                0x08019c8c                OLED_DrawArc
 .text          0x0801a148      0x378 D:/STM32CubeIde/STM32CubeIDE_1.19.0/STM32CubeIDE/plugins/com.st.stm32cube.ide.mcu.externaltools.gnu-tools-for-stm32.14.3.rel1.win32_1.0.100.202602081740/tools/bin/../lib/gcc/arm-none-eabi/14.3.1/thumb/v7e-m+fp/hard\libgcc.a(_arm_addsubdf3.o)
                0x0801a148                __aeabi_drsub
                0x0801a150                __aeabi_dsub
                0x0801a150                __subdf3
                0x0801a154                __aeabi_dadd
                0x0801a154                __adddf3
                0x0801a3cc                __floatunsidf
                0x0801a3cc                __aeabi_ui2d
                0x0801a3ec                __floatsidf
                0x0801a3ec                __aeabi_i2d
                0x0801a410                __aeabi_f2d
                0x0801a410                __extendsfdf2
                0x0801a454                __floatundidf
                0x0801a454                __aeabi_ul2d
                0x0801a464                __floatdidf
                0x0801a464                __aeabi_l2d
 .text          0x0801a4c0      0x424 D:/STM32CubeIde/STM32CubeIDE_1.19.0/STM32CubeIDE/plugins/com.st.stm32cube.ide.mcu.externaltools.gnu-tools-for-stm32.14.3.rel1.win32_1.0.100.202602081740/tools/bin/../lib/gcc/arm-none-eabi/14.3.1/thumb/v7e-m+fp/hard\libgcc.a(_arm_muldivdf3.o)
                0x0801a4c0                __aeabi_dmul
                0x0801a4c0                __muldf3
                0x0801a714                __divdf3
                0x0801a714                __aeabi_ddiv
 .text          0x0801a8e4      0x110 D:/STM32CubeIde/STM32CubeIDE_1.19.0/STM32CubeIDE/plugins/com.st.stm32cube.ide.mcu.externaltools.gnu-tools-for-stm32.14.3.rel1.win32_1.0.100.202602081740/tools/bin/../lib/gcc/arm-none-eabi/14.3.1/thumb/v7e-m+fp/hard\libgcc.a(_arm_cmpdf2.o)
                0x0801a8e4                __gtdf2
                0x0801a8e4                __gedf2
                0x0801a8ec                __ltdf2
                0x0801a8ec                __ledf2
                0x0801a8f4                __nedf2
                0x0801a8f4                __eqdf2
                0x0801a8f4                __cmpdf2
                0x0801a970                __aeabi_cdrcmple
                0x0801a980                __aeabi_cdcmpeq
                0x0801a980                __aeabi_cdcmple
                0x0801a990                __aeabi_dcmpeq
                0x0801a9a4                __aeabi_dcmplt
                0x0801a9b8                __aeabi_dcmple
                0x0801a9cc                __aeabi_dcmpge
                0x0801a9e0                __aeabi_dcmpgt
 .text          0x0801a9f4       0x2c D:/STM32CubeIde/STM32CubeIDE_1.19.0/STM32CubeIDE/plugins/com.st.stm32cube.ide.mcu.externaltools.gnu-tools-for-stm32.14.3.rel1.win32_1.0.100.202602081740/tools/bin/../lib/gcc/arm-none-eabi/14.3.1/thumb/v7e-m+fp/hard\libgcc.a(_arm_unorddf2.o)
                0x0801a9f4                __unorddf2
                0x0801a9f4                __aeabi_dcmpun
 .text          0x0801aa20       0x50 D:/STM32CubeIde/STM32CubeIDE_1.19.0/STM32CubeIDE/plugins/com.st.stm32cube.ide.mcu.externaltools.gnu-tools-for-stm32.14.3.rel1.win32_1.0.100.202602081740/tools/bin/../lib/gcc/arm-none-eabi/14.3.1/thumb/v7e-m+fp/hard\libgcc.a(_arm_fixdfsi.o)
                0x0801aa20                __aeabi_d2iz
                0x0801aa20                __fixdfsi
 .text          0x0801aa70       0x40 D:/STM32CubeIde/STM32CubeIDE_1.19.0/STM32CubeIDE/plugins/com.st.stm32cube.ide.mcu.externaltools.gnu-tools-for-stm32.14.3.rel1.win32_1.0.100.202602081740/tools/bin/../lib/gcc/arm-none-eabi/14.3.1/thumb/v7e-m+fp/hard\libgcc.a(_arm_fixunsdfsi.o)
                0x0801aa70                __aeabi_d2uiz
                0x0801aa70                __fixunsdfsi
 .text          0x0801aab0       0xa0 D:/STM32CubeIde/STM32CubeIDE_1.19.0/STM32CubeIDE/plugins/com.st.stm32cube.ide.mcu.externaltools.gnu-tools-for-stm32.14.3.rel1.win32_1.0.100.202602081740/tools/bin/../lib/gcc/arm-none-eabi/14.3.1/thumb/v7e-m+fp/hard\libgcc.a(_arm_truncdfsf2.o)
                0x0801aab0                __truncdfsf2
                0x0801aab0                __aeabi_d2f
 .text          0x0801ab50       0x30 D:/STM32CubeIde/STM32CubeIDE_1.19.0/STM32CubeIDE/plugins/com.st.stm32cube.ide.mcu.externaltools.gnu-tools-for-stm32.14.3.rel1.win32_1.0.100.202602081740/tools/bin/../lib/gcc/arm-none-eabi/14.3.1/thumb/v7e-m+fp/hard\libgcc.a(_aeabi_uldivmod.o)
                0x0801ab50                __aeabi_uldivmod
 .text          0x0801ab80      0x2f8 D:/STM32CubeIde/STM32CubeIDE_1.19.0/STM32CubeIDE/plugins/com.st.stm32cube.ide.mcu.externaltools.gnu-tools-for-stm32.14.3.rel1.win32_1.0.100.202602081740/tools/bin/../lib/gcc/arm-none-eabi/14.3.1/thumb/v7e-m+fp/hard\libgcc.a(_udivmoddi4.o)
                0x0801ab80                __udivmoddi4
 .text          0x0801ae78        0x4 D:/STM32CubeIde/STM32CubeIDE_1.19.0/STM32CubeIDE/plugins/com.st.stm32cube.ide.mcu.externaltools.gnu-tools-for-stm32.14.3.rel1.win32_1.0.100.202602081740/tools/bin/../lib/gcc/arm-none-eabi/14.3.1/thumb/v7e-m+fp/hard\libgcc.a(_dvmd_tls.o)
                0x0801ae78                __aeabi_idiv0
                0x0801ae78                __aeabi_ldiv0
 .text          0x0801ae7c       0x14 D:/STM32CubeIde/STM32CubeIDE_1.19.0/STM32CubeIDE/plugins/com.st.stm32cube.ide.mcu.externaltools.gnu-tools-for-stm32.14.3.rel1.win32_1.0.100.202602081740/tools/bin/../lib/gcc/arm-none-eabi/14.3.1/../../../../arm-none-eabi/lib/thumb/v7e-m+fp/hard\libg_nano.a(libc_a-strcmp.o)
                0x0801ae7c                strcmp
 .text          0x0801ae90       0xa0 D:/STM32CubeIde/STM32CubeIDE_1.19.0/STM32CubeIDE/plugins/com.st.stm32cube.ide.mcu.externaltools.gnu-tools-for-stm32.14.3.rel1.win32_1.0.100.202602081740/tools/bin/../lib/gcc/arm-none-eabi/14.3.1/../../../../arm-none-eabi/lib/thumb/v7e-m+fp/hard\libg_nano.a(libc_a-memchr.o)
                0x0801ae90                memchr
 .text          0x0801af30       0x10 D:/STM32CubeIde/STM32CubeIDE_1.19.0/STM32CubeIDE/plugins/com.st.stm32cube.ide.mcu.externaltools.gnu-tools-for-stm32.14.3.rel1.win32_1.0.100.202602081740/tools/bin/../lib/gcc/arm-none-eabi/14.3.1/../../../../arm-none-eabi/lib/thumb/v7e-m+fp/hard\libg_nano.a(libc_a-strlen.o)
                0x0801af30                strlen
 *(.text*)
 .text.Reset_Handler
                0x0801af40       0x50 CMakeFiles/7_AutomatedSortingRobot_26.dir/startup_stm32f407xx.s.obj
                0x0801af40                Reset_Handler
 .text.Default_Handler
                0x0801af90        0x2 CMakeFiles/7_AutomatedSortingRobot_26.dir/startup_stm32f407xx.s.obj
                0x0801af90                RTC_Alarm_IRQHandler
                0x0801af90                HASH_RNG_IRQHandler
                0x0801af90                EXTI2_IRQHandler
                0x0801af90                TIM8_CC_IRQHandler
                0x0801af90                TIM1_CC_IRQHandler
                0x0801af90                DMA2_Stream5_IRQHandler
                0x0801af90                DMA1_Stream5_IRQHandler
                0x0801af90                PVD_IRQHandler
                0x0801af90                SDIO_IRQHandler
                0x0801af90                TAMP_STAMP_IRQHandler
                0x0801af90                CAN2_RX1_IRQHandler
                0x0801af90                EXTI3_IRQHandler
                0x0801af90                TIM8_TRG_COM_TIM14_IRQHandler
                0x0801af90                TIM1_UP_TIM10_IRQHandler
                0x0801af90                TIM8_UP_TIM13_IRQHandler
                0x0801af90                I2C3_ER_IRQHandler
                0x0801af90                EXTI0_IRQHandler
                0x0801af90                I2C2_EV_IRQHandler
                0x0801af90                DMA1_Stream2_IRQHandler
                0x0801af90                CAN1_RX0_IRQHandler
                0x0801af90                FPU_IRQHandler
                0x0801af90                OTG_HS_WKUP_IRQHandler
                0x0801af90                CAN2_SCE_IRQHandler
                0x0801af90                DMA2_Stream2_IRQHandler
                0x0801af90                SPI1_IRQHandler
                0x0801af90                TIM6_DAC_IRQHandler
                0x0801af90                TIM1_BRK_TIM9_IRQHandler
                0x0801af90                DCMI_IRQHandler
                0x0801af90                CAN2_RX0_IRQHandler
                0x0801af90                DMA2_Stream3_IRQHandler
                0x0801af90                USART6_IRQHandler
                0x0801af90                USART3_IRQHandler
                0x0801af90                CAN1_RX1_IRQHandler
                0x0801af90                UART5_IRQHandler
                0x0801af90                DMA2_Stream0_IRQHandler
                0x0801af90                TIM4_IRQHandler
                0x0801af90                I2C1_EV_IRQHandler
                0x0801af90                DMA1_Stream6_IRQHandler
                0x0801af90                DMA1_Stream1_IRQHandler
                0x0801af90                UART4_IRQHandler
                0x0801af90                TIM3_IRQHandler
                0x0801af90                RCC_IRQHandler
                0x0801af90                TIM8_BRK_TIM12_IRQHandler
                0x0801af90                Default_Handler
                0x0801af90                EXTI15_10_IRQHandler
                0x0801af90                ADC_IRQHandler
                0x0801af90                DMA1_Stream7_IRQHandler
                0x0801af90                CAN2_TX_IRQHandler
                0x0801af90                TIM5_IRQHandler
                0x0801af90                DMA2_Stream7_IRQHandler
                0x0801af90                I2C3_EV_IRQHandler
                0x0801af90                EXTI9_5_IRQHandler
                0x0801af90                RTC_WKUP_IRQHandler
                0x0801af90                ETH_WKUP_IRQHandler
                0x0801af90                SPI2_IRQHandler
                0x0801af90                OTG_HS_EP1_IN_IRQHandler
                0x0801af90                DMA1_Stream0_IRQHandler
                0x0801af90                CAN1_TX_IRQHandler
                0x0801af90                EXTI4_IRQHandler
                0x0801af90                FSMC_IRQHandler
                0x0801af90                ETH_IRQHandler
                0x0801af90                OTG_HS_EP1_OUT_IRQHandler
                0x0801af90                WWDG_IRQHandler
                0x0801af90                TIM2_IRQHandler
                0x0801af90                OTG_FS_WKUP_IRQHandler
                0x0801af90                TIM1_TRG_COM_TIM11_IRQHandler
                0x0801af90                OTG_HS_IRQHandler
                0x0801af90                EXTI1_IRQHandler
                0x0801af90                USART2_IRQHandler
                0x0801af90                I2C2_ER_IRQHandler
                0x0801af90                DMA2_Stream1_IRQHandler
                0x0801af90                CAN1_SCE_IRQHandler
                0x0801af90                FLASH_IRQHandler
                0x0801af90                DMA2_Stream4_IRQHandler
                0x0801af90                USART1_IRQHandler
                0x0801af90                OTG_FS_IRQHandler
                0x0801af90                SPI3_IRQHandler
                0x0801af90                DMA1_Stream4_IRQHandler
                0x0801af90                I2C1_ER_IRQHandler
                0x0801af90                DMA2_Stream6_IRQHandler
                0x0801af90                DMA1_Stream3_IRQHandler
 *fill*         0x0801af92        0x2 
 .text.atan2    0x0801af94        0x4 D:/STM32CubeIde/STM32CubeIDE_1.19.0/STM32CubeIDE/plugins/com.st.stm32cube.ide.mcu.externaltools.gnu-tools-for-stm32.14.3.rel1.win32_1.0.100.202602081740/tools/bin/../lib/gcc/arm-none-eabi/14.3.1/../../../../arm-none-eabi/lib/thumb/v7e-m+fp/hard\libm.a(libm_a-w_atan2.o)
                0x0801af94                atan2
 .text.fmod     0x0801af98       0x6c D:/STM32CubeIde/STM32CubeIDE_1.19.0/STM32CubeIDE/plugins/com.st.stm32cube.ide.mcu.externaltools.gnu-tools-for-stm32.14.3.rel1.win32_1.0.100.202602081740/tools/bin/../lib/gcc/arm-none-eabi/14.3.1/../../../../arm-none-eabi/lib/thumb/v7e-m+fp/hard\libm.a(libm_a-w_fmod.o)
                0x0801af98                fmod
 .text.sqrt     0x0801b004       0x68 D:/STM32CubeIde/STM32CubeIDE_1.19.0/STM32CubeIDE/plugins/com.st.stm32cube.ide.mcu.externaltools.gnu-tools-for-stm32.14.3.rel1.win32_1.0.100.202602081740/tools/bin/../lib/gcc/arm-none-eabi/14.3.1/../../../../arm-none-eabi/lib/thumb/v7e-m+fp/hard\libm.a(libm_a-w_sqrt.o)
                0x0801b004                sqrt
 *fill*         0x0801b06c        0x4 
 .text.cos      0x0801b070       0x88 D:/STM32CubeIde/STM32CubeIDE_1.19.0/STM32CubeIDE/plugins/com.st.stm32cube.ide.mcu.externaltools.gnu-tools-for-stm32.14.3.rel1.win32_1.0.100.202602081740/tools/bin/../lib/gcc/arm-none-eabi/14.3.1/../../../../arm-none-eabi/lib/thumb/v7e-m+fp/hard\libm.a(libm_a-s_cos.o)
                0x0801b070                cos
 .text.fabs     0x0801b0f8       0x10 D:/STM32CubeIde/STM32CubeIDE_1.19.0/STM32CubeIDE/plugins/com.st.stm32cube.ide.mcu.externaltools.gnu-tools-for-stm32.14.3.rel1.win32_1.0.100.202602081740/tools/bin/../lib/gcc/arm-none-eabi/14.3.1/../../../../arm-none-eabi/lib/thumb/v7e-m+fp/hard\libm.a(libm_a-s_fabs.o)
                0x0801b0f8                fabs
 .text.sin      0x0801b108       0x88 D:/STM32CubeIde/STM32CubeIDE_1.19.0/STM32CubeIDE/plugins/com.st.stm32cube.ide.mcu.externaltools.gnu-tools-for-stm32.14.3.rel1.win32_1.0.100.202602081740/tools/bin/../lib/gcc/arm-none-eabi/14.3.1/../../../../arm-none-eabi/lib/thumb/v7e-m+fp/hard\libm.a(libm_a-s_sin.o)
                0x0801b108                sin
 .text.__ieee754_sqrt
                0x0801b190      0x1f0 D:/STM32CubeIde/STM32CubeIDE_1.19.0/STM32CubeIDE/plugins/com.st.stm32cube.ide.mcu.externaltools.gnu-tools-for-stm32.14.3.rel1.win32_1.0.100.202602081740/tools/bin/../lib/gcc/arm-none-eabi/14.3.1/../../../../arm-none-eabi/lib/thumb/v7e-m+fp/hard\libm.a(libm_a-e_sqrt.o)
                0x0801b190                __ieee754_sqrt
 .text.round    0x0801b380       0xa0 D:/STM32CubeIde/STM32CubeIDE_1.19.0/STM32CubeIDE/plugins/com.st.stm32cube.ide.mcu.externaltools.gnu-tools-for-stm32.14.3.rel1.win32_1.0.100.202602081740/tools/bin/../lib/gcc/arm-none-eabi/14.3.1/../../../../arm-none-eabi/lib/thumb/v7e-m+fp/hard\libm.a(libm_a-s_round.o)
                0x0801b380                round
 .text.__kernel_cos
                0x0801b420      0x26c D:/STM32CubeIde/STM32CubeIDE_1.19.0/STM32CubeIDE/plugins/com.st.stm32cube.ide.mcu.externaltools.gnu-tools-for-stm32.14.3.rel1.win32_1.0.100.202602081740/tools/bin/../lib/gcc/arm-none-eabi/14.3.1/../../../../arm-none-eabi/lib/thumb/v7e-m+fp/hard\libm.a(libm_a-k_cos.o)
                0x0801b420                __kernel_cos
 *fill*         0x0801b68c        0x4 
 .text.__kernel_sin
                0x0801b690      0x184 D:/STM32CubeIde/STM32CubeIDE_1.19.0/STM32CubeIDE/plugins/com.st.stm32cube.ide.mcu.externaltools.gnu-tools-for-stm32.14.3.rel1.win32_1.0.100.202602081740/tools/bin/../lib/gcc/arm-none-eabi/14.3.1/../../../../arm-none-eabi/lib/thumb/v7e-m+fp/hard\libm.a(libm_a-k_sin.o)
                0x0801b690                __kernel_sin
 *fill*         0x0801b814        0x4 
 .text.__ieee754_atan2
                0x0801b818      0x1ac D:/STM32CubeIde/STM32CubeIDE_1.19.0/STM32CubeIDE/plugins/com.st.stm32cube.ide.mcu.externaltools.gnu-tools-for-stm32.14.3.rel1.win32_1.0.100.202602081740/tools/bin/../lib/gcc/arm-none-eabi/14.3.1/../../../../arm-none-eabi/lib/thumb/v7e-m+fp/hard\libm.a(libm_a-e_atan2.o)
                0x0801b818                __ieee754_atan2
 .text.__ieee754_fmod
                0x0801b9c4      0x3ac D:/STM32CubeIde/STM32CubeIDE_1.19.0/STM32CubeIDE/plugins/com.st.stm32cube.ide.mcu.externaltools.gnu-tools-for-stm32.14.3.rel1.win32_1.0.100.202602081740/tools/bin/../lib/gcc/arm-none-eabi/14.3.1/../../../../arm-none-eabi/lib/thumb/v7e-m+fp/hard\libm.a(libm_a-e_fmod.o)
                0x0801b9c4                __ieee754_fmod
 .text.__ieee754_rem_pio2
                0x0801bd70      0x424 D:/STM32CubeIde/STM32CubeIDE_1.19.0/STM32CubeIDE/plugins/com.st.stm32cube.ide.mcu.externaltools.gnu-tools-for-stm32.14.3.rel1.win32_1.0.100.202602081740/tools/bin/../lib/gcc/arm-none-eabi/14.3.1/../../../../arm-none-eabi/lib/thumb/v7e-m+fp/hard\libm.a(libm_a-e_rem_pio2.o)
                0x0801bd70                __ieee754_rem_pio2
 *fill*         0x0801c194        0x4 
 .text.atan     0x0801c198      0x358 D:/STM32CubeIde/STM32CubeIDE_1.19.0/STM32CubeIDE/plugins/com.st.stm32cube.ide.mcu.externaltools.gnu-tools-for-stm32.14.3.rel1.win32_1.0.100.202602081740/tools/bin/../lib/gcc/arm-none-eabi/14.3.1/../../../../arm-none-eabi/lib/thumb/v7e-m+fp/hard\libm.a(libm_a-s_atan.o)
                0x0801c198                atan
 .text.__kernel_rem_pio2
                0x0801c4f0      0x888 D:/STM32CubeIde/STM32CubeIDE_1.19.0/STM32CubeIDE/plugins/com.st.stm32cube.ide.mcu.externaltools.gnu-tools-for-stm32.14.3.rel1.win32_1.0.100.202602081740/tools/bin/../lib/gcc/arm-none-eabi/14.3.1/../../../../arm-none-eabi/lib/thumb/v7e-m+fp/hard\libm.a(libm_a-k_rem_pio2.o)
                0x0801c4f0                __kernel_rem_pio2
 .text.scalbn   0x0801cd78      0x114 D:/STM32CubeIde/STM32CubeIDE_1.19.0/STM32CubeIDE/plugins/com.st.stm32cube.ide.mcu.externaltools.gnu-tools-for-stm32.14.3.rel1.win32_1.0.100.202602081740/tools/bin/../lib/gcc/arm-none-eabi/14.3.1/../../../../arm-none-eabi/lib/thumb/v7e-m+fp/hard\libm.a(libm_a-s_scalbn.o)
                0x0801cd78                scalbn
 *fill*         0x0801ce8c        0x4 
 .text.floor    0x0801ce90      0x108 D:/STM32CubeIde/STM32CubeIDE_1.19.0/STM32CubeIDE/plugins/com.st.stm32cube.ide.mcu.externaltools.gnu-tools-for-stm32.14.3.rel1.win32_1.0.100.202602081740/tools/bin/../lib/gcc/arm-none-eabi/14.3.1/../../../../arm-none-eabi/lib/thumb/v7e-m+fp/hard\libm.a(libm_a-s_floor.o)
                0x0801ce90                floor
 .text.__cvt    0x0801cf98       0xca D:/STM32CubeIde/STM32CubeIDE_1.19.0/STM32CubeIDE/plugins/com.st.stm32cube.ide.mcu.externaltools.gnu-tools-for-stm32.14.3.rel1.win32_1.0.100.202602081740/tools/bin/../lib/gcc/arm-none-eabi/14.3.1/../../../../arm-none-eabi/lib/thumb/v7e-m+fp/hard\libg_nano.a(libc_a-nano-vfprintf_float.o)
                0x0801cf98                __cvt
 .text.__exponent
                0x0801d062       0x74 D:/STM32CubeIde/STM32CubeIDE_1.19.0/STM32CubeIDE/plugins/com.st.stm32cube.ide.mcu.externaltools.gnu-tools-for-stm32.14.3.rel1.win32_1.0.100.202602081740/tools/bin/../lib/gcc/arm-none-eabi/14.3.1/../../../../arm-none-eabi/lib/thumb/v7e-m+fp/hard\libg_nano.a(libc_a-nano-vfprintf_float.o)
                0x0801d062                __exponent
 *fill*         0x0801d0d6        0x2 
 .text._printf_float
                0x0801d0d8      0x450 D:/STM32CubeIde/STM32CubeIDE_1.19.0/STM32CubeIDE/plugins/com.st.stm32cube.ide.mcu.externaltools.gnu-tools-for-stm32.14.3.rel1.win32_1.0.100.202602081740/tools/bin/../lib/gcc/arm-none-eabi/14.3.1/../../../../arm-none-eabi/lib/thumb/v7e-m+fp/hard\libg_nano.a(libc_a-nano-vfprintf_float.o)
                0x0801d0d8                _printf_float
 .text._printf_common
                0x0801d528       0xda D:/STM32CubeIde/STM32CubeIDE_1.19.0/STM32CubeIDE/plugins/com.st.stm32cube.ide.mcu.externaltools.gnu-tools-for-stm32.14.3.rel1.win32_1.0.100.202602081740/tools/bin/../lib/gcc/arm-none-eabi/14.3.1/../../../../arm-none-eabi/lib/thumb/v7e-m+fp/hard\libg_nano.a(libc_a-nano-vfprintf_i.o)
                0x0801d528                _printf_common
 *fill*         0x0801d602        0x2 
 .text._printf_i
                0x0801d604      0x24c D:/STM32CubeIde/STM32CubeIDE_1.19.0/STM32CubeIDE/plugins/com.st.stm32cube.ide.mcu.externaltools.gnu-tools-for-stm32.14.3.rel1.win32_1.0.100.202602081740/tools/bin/../lib/gcc/arm-none-eabi/14.3.1/../../../../arm-none-eabi/lib/thumb/v7e-m+fp/hard\libg_nano.a(libc_a-nano-vfprintf_i.o)
                0x0801d604                _printf_i
 .text.std      0x0801d850       0x6c D:/STM32CubeIde/STM32CubeIDE_1.19.0/STM32CubeIDE/plugins/com.st.stm32cube.ide.mcu.externaltools.gnu-tools-for-stm32.14.3.rel1.win32_1.0.100.202602081740/tools/bin/../lib/gcc/arm-none-eabi/14.3.1/../../../../arm-none-eabi/lib/thumb/v7e-m+fp/hard\libg_nano.a(libc_a-findfp.o)
 .text.stdio_exit_handler
                0x0801d8bc       0x18 D:/STM32CubeIde/STM32CubeIDE_1.19.0/STM32CubeIDE/plugins/com.st.stm32cube.ide.mcu.externaltools.gnu-tools-for-stm32.14.3.rel1.win32_1.0.100.202602081740/tools/bin/../lib/gcc/arm-none-eabi/14.3.1/../../../../arm-none-eabi/lib/thumb/v7e-m+fp/hard\libg_nano.a(libc_a-findfp.o)
 .text.cleanup_stdio
                0x0801d8d4       0x40 D:/STM32CubeIde/STM32CubeIDE_1.19.0/STM32CubeIDE/plugins/com.st.stm32cube.ide.mcu.externaltools.gnu-tools-for-stm32.14.3.rel1.win32_1.0.100.202602081740/tools/bin/../lib/gcc/arm-none-eabi/14.3.1/../../../../arm-none-eabi/lib/thumb/v7e-m+fp/hard\libg_nano.a(libc_a-findfp.o)
 .text.global_stdio_init.part.0
                0x0801d914       0x40 D:/STM32CubeIde/STM32CubeIDE_1.19.0/STM32CubeIDE/plugins/com.st.stm32cube.ide.mcu.externaltools.gnu-tools-for-stm32.14.3.rel1.win32_1.0.100.202602081740/tools/bin/../lib/gcc/arm-none-eabi/14.3.1/../../../../arm-none-eabi/lib/thumb/v7e-m+fp/hard\libg_nano.a(libc_a-findfp.o)
 .text.__sfp_lock_acquire
                0x0801d954        0xc D:/STM32CubeIde/STM32CubeIDE_1.19.0/STM32CubeIDE/plugins/com.st.stm32cube.ide.mcu.externaltools.gnu-tools-for-stm32.14.3.rel1.win32_1.0.100.202602081740/tools/bin/../lib/gcc/arm-none-eabi/14.3.1/../../../../arm-none-eabi/lib/thumb/v7e-m+fp/hard\libg_nano.a(libc_a-findfp.o)
                0x0801d954                __sfp_lock_acquire
 .text.__sfp_lock_release
                0x0801d960        0xc D:/STM32CubeIde/STM32CubeIDE_1.19.0/STM32CubeIDE/plugins/com.st.stm32cube.ide.mcu.externaltools.gnu-tools-for-stm32.14.3.rel1.win32_1.0.100.202602081740/tools/bin/../lib/gcc/arm-none-eabi/14.3.1/../../../../arm-none-eabi/lib/thumb/v7e-m+fp/hard\libg_nano.a(libc_a-findfp.o)
                0x0801d960                __sfp_lock_release
 .text.__sinit  0x0801d96c       0x30 D:/STM32CubeIde/STM32CubeIDE_1.19.0/STM32CubeIDE/plugins/com.st.stm32cube.ide.mcu.externaltools.gnu-tools-for-stm32.14.3.rel1.win32_1.0.100.202602081740/tools/bin/../lib/gcc/arm-none-eabi/14.3.1/../../../../arm-none-eabi/lib/thumb/v7e-m+fp/hard\libg_nano.a(libc_a-findfp.o)
                0x0801d96c                __sinit
 .text._fwalk_sglue
                0x0801d99c       0x3c D:/STM32CubeIde/STM32CubeIDE_1.19.0/STM32CubeIDE/plugins/com.st.stm32cube.ide.mcu.externaltools.gnu-tools-for-stm32.14.3.rel1.win32_1.0.100.202602081740/tools/bin/../lib/gcc/arm-none-eabi/14.3.1/../../../../arm-none-eabi/lib/thumb/v7e-m+fp/hard\libg_nano.a(libc_a-fwalk.o)
                0x0801d99c                _fwalk_sglue
 .text.__sread  0x0801d9d8       0x22 D:/STM32CubeIde/STM32CubeIDE_1.19.0/STM32CubeIDE/plugins/com.st.stm32cube.ide.mcu.externaltools.gnu-tools-for-stm32.14.3.rel1.win32_1.0.100.202602081740/tools/bin/../lib/gcc/arm-none-eabi/14.3.1/../../../../arm-none-eabi/lib/thumb/v7e-m+fp/hard\libg_nano.a(libc_a-stdio.o)
                0x0801d9d8                __sread
 .text.__swrite
                0x0801d9fa       0x38 D:/STM32CubeIde/STM32CubeIDE_1.19.0/STM32CubeIDE/plugins/com.st.stm32cube.ide.mcu.externaltools.gnu-tools-for-stm32.14.3.rel1.win32_1.0.100.202602081740/tools/bin/../lib/gcc/arm-none-eabi/14.3.1/../../../../arm-none-eabi/lib/thumb/v7e-m+fp/hard\libg_nano.a(libc_a-stdio.o)
                0x0801d9fa                __swrite
 .text.__sseek  0x0801da32       0x26 D:/STM32CubeIde/STM32CubeIDE_1.19.0/STM32CubeIDE/plugins/com.st.stm32cube.ide.mcu.externaltools.gnu-tools-for-stm32.14.3.rel1.win32_1.0.100.202602081740/tools/bin/../lib/gcc/arm-none-eabi/14.3.1/../../../../arm-none-eabi/lib/thumb/v7e-m+fp/hard\libg_nano.a(libc_a-stdio.o)
                0x0801da32                __sseek
 .text.__sclose
                0x0801da58        0x8 D:/STM32CubeIde/STM32CubeIDE_1.19.0/STM32CubeIDE/plugins/com.st.stm32cube.ide.mcu.externaltools.gnu-tools-for-stm32.14.3.rel1.win32_1.0.100.202602081740/tools/bin/../lib/gcc/arm-none-eabi/14.3.1/../../../../arm-none-eabi/lib/thumb/v7e-m+fp/hard\libg_nano.a(libc_a-stdio.o)
                0x0801da58                __sclose
 .text._vsnprintf_r
                0x0801da60       0x5c D:/STM32CubeIde/STM32CubeIDE_1.19.0/STM32CubeIDE/plugins/com.st.stm32cube.ide.mcu.externaltools.gnu-tools-for-stm32.14.3.rel1.win32_1.0.100.202602081740/tools/bin/../lib/gcc/arm-none-eabi/14.3.1/../../../../arm-none-eabi/lib/thumb/v7e-m+fp/hard\libg_nano.a(libc_a-vsnprintf.o)
                0x0801da60                _vsniprintf_r
                0x0801da60                _vsnprintf_r
 .text.vsnprintf
                0x0801dabc       0x1c D:/STM32CubeIde/STM32CubeIDE_1.19.0/STM32CubeIDE/plugins/com.st.stm32cube.ide.mcu.externaltools.gnu-tools-for-stm32.14.3.rel1.win32_1.0.100.202602081740/tools/bin/../lib/gcc/arm-none-eabi/14.3.1/../../../../arm-none-eabi/lib/thumb/v7e-m+fp/hard\libg_nano.a(libc_a-vsnprintf.o)
                0x0801dabc                vsniprintf
                0x0801dabc                vsnprintf
 .text._vsprintf_r
                0x0801dad8       0x2c D:/STM32CubeIde/STM32CubeIDE_1.19.0/STM32CubeIDE/plugins/com.st.stm32cube.ide.mcu.externaltools.gnu-tools-for-stm32.14.3.rel1.win32_1.0.100.202602081740/tools/bin/../lib/gcc/arm-none-eabi/14.3.1/../../../../arm-none-eabi/lib/thumb/v7e-m+fp/hard\libg_nano.a(libc_a-vsprintf.o)
                0x0801dad8                _vsprintf_r
                0x0801dad8                _vsiprintf_r
 .text.vsprintf
                0x0801db04       0x14 D:/STM32CubeIde/STM32CubeIDE_1.19.0/STM32CubeIDE/plugins/com.st.stm32cube.ide.mcu.externaltools.gnu-tools-for-stm32.14.3.rel1.win32_1.0.100.202602081740/tools/bin/../lib/gcc/arm-none-eabi/14.3.1/../../../../arm-none-eabi/lib/thumb/v7e-m+fp/hard\libg_nano.a(libc_a-vsprintf.o)
                0x0801db04                vsiprintf
                0x0801db04                vsprintf
 .text.memset   0x0801db18       0x10 D:/STM32CubeIde/STM32CubeIDE_1.19.0/STM32CubeIDE/plugins/com.st.stm32cube.ide.mcu.externaltools.gnu-tools-for-stm32.14.3.rel1.win32_1.0.100.202602081740/tools/bin/../lib/gcc/arm-none-eabi/14.3.1/../../../../arm-none-eabi/lib/thumb/v7e-m+fp/hard\libg_nano.a(libc_a-memset.o)
                0x0801db18                memset
 .text._localeconv_r
                0x0801db28        0x8 D:/STM32CubeIde/STM32CubeIDE_1.19.0/STM32CubeIDE/plugins/com.st.stm32cube.ide.mcu.externaltools.gnu-tools-for-stm32.14.3.rel1.win32_1.0.100.202602081740/tools/bin/../lib/gcc/arm-none-eabi/14.3.1/../../../../arm-none-eabi/lib/thumb/v7e-m+fp/hard\libg_nano.a(libc_a-localeconv.o)
                0x0801db28                _localeconv_r
 .text._close_r
                0x0801db30       0x20 D:/STM32CubeIde/STM32CubeIDE_1.19.0/STM32CubeIDE/plugins/com.st.stm32cube.ide.mcu.externaltools.gnu-tools-for-stm32.14.3.rel1.win32_1.0.100.202602081740/tools/bin/../lib/gcc/arm-none-eabi/14.3.1/../../../../arm-none-eabi/lib/thumb/v7e-m+fp/hard\libg_nano.a(libc_a-closer.o)
                0x0801db30                _close_r
 .text._lseek_r
                0x0801db50       0x24 D:/STM32CubeIde/STM32CubeIDE_1.19.0/STM32CubeIDE/plugins/com.st.stm32cube.ide.mcu.externaltools.gnu-tools-for-stm32.14.3.rel1.win32_1.0.100.202602081740/tools/bin/../lib/gcc/arm-none-eabi/14.3.1/../../../../arm-none-eabi/lib/thumb/v7e-m+fp/hard\libg_nano.a(libc_a-lseekr.o)
                0x0801db50                _lseek_r
 .text._read_r  0x0801db74       0x24 D:/STM32CubeIde/STM32CubeIDE_1.19.0/STM32CubeIDE/plugins/com.st.stm32cube.ide.mcu.externaltools.gnu-tools-for-stm32.14.3.rel1.win32_1.0.100.202602081740/tools/bin/../lib/gcc/arm-none-eabi/14.3.1/../../../../arm-none-eabi/lib/thumb/v7e-m+fp/hard\libg_nano.a(libc_a-readr.o)
                0x0801db74                _read_r
 .text._write_r
                0x0801db98       0x24 D:/STM32CubeIde/STM32CubeIDE_1.19.0/STM32CubeIDE/plugins/com.st.stm32cube.ide.mcu.externaltools.gnu-tools-for-stm32.14.3.rel1.win32_1.0.100.202602081740/tools/bin/../lib/gcc/arm-none-eabi/14.3.1/../../../../arm-none-eabi/lib/thumb/v7e-m+fp/hard\libg_nano.a(libc_a-writer.o)
                0x0801db98                _write_r
 .text.__errno  0x0801dbbc        0xc D:/STM32CubeIde/STM32CubeIDE_1.19.0/STM32CubeIDE/plugins/com.st.stm32cube.ide.mcu.externaltools.gnu-tools-for-stm32.14.3.rel1.win32_1.0.100.202602081740/tools/bin/../lib/gcc/arm-none-eabi/14.3.1/../../../../arm-none-eabi/lib/thumb/v7e-m+fp/hard\libg_nano.a(libc_a-errno.o)
                0x0801dbbc                __errno
 .text.__libc_init_array
                0x0801dbc8       0x48 D:/STM32CubeIde/STM32CubeIDE_1.19.0/STM32CubeIDE/plugins/com.st.stm32cube.ide.mcu.externaltools.gnu-tools-for-stm32.14.3.rel1.win32_1.0.100.202602081740/tools/bin/../lib/gcc/arm-none-eabi/14.3.1/../../../../arm-none-eabi/lib/thumb/v7e-m+fp/hard\libg_nano.a(libc_a-init.o)
                0x0801dbc8                __libc_init_array
 .text.__retarget_lock_init_recursive
                0x0801dc10        0x2 D:/STM32CubeIde/STM32CubeIDE_1.19.0/STM32CubeIDE/plugins/com.st.stm32cube.ide.mcu.externaltools.gnu-tools-for-stm32.14.3.rel1.win32_1.0.100.202602081740/tools/bin/../lib/gcc/arm-none-eabi/14.3.1/../../../../arm-none-eabi/lib/thumb/v7e-m+fp/hard\libg_nano.a(libc_a-lock.o)
                0x0801dc10                __retarget_lock_init_recursive
 .text.__retarget_lock_acquire_recursive
                0x0801dc12        0x2 D:/STM32CubeIde/STM32CubeIDE_1.19.0/STM32CubeIDE/plugins/com.st.stm32cube.ide.mcu.externaltools.gnu-tools-for-stm32.14.3.rel1.win32_1.0.100.202602081740/tools/bin/../lib/gcc/arm-none-eabi/14.3.1/../../../../arm-none-eabi/lib/thumb/v7e-m+fp/hard\libg_nano.a(libc_a-lock.o)
                0x0801dc12                __retarget_lock_acquire_recursive
 .text.__retarget_lock_release_recursive
                0x0801dc14        0x2 D:/STM32CubeIde/STM32CubeIDE_1.19.0/STM32CubeIDE/plugins/com.st.stm32cube.ide.mcu.externaltools.gnu-tools-for-stm32.14.3.rel1.win32_1.0.100.202602081740/tools/bin/../lib/gcc/arm-none-eabi/14.3.1/../../../../arm-none-eabi/lib/thumb/v7e-m+fp/hard\libg_nano.a(libc_a-lock.o)
                0x0801dc14                __retarget_lock_release_recursive
 .text.memcpy   0x0801dc16       0x1c D:/STM32CubeIde/STM32CubeIDE_1.19.0/STM32CubeIDE/plugins/com.st.stm32cube.ide.mcu.externaltools.gnu-tools-for-stm32.14.3.rel1.win32_1.0.100.202602081740/tools/bin/../lib/gcc/arm-none-eabi/14.3.1/../../../../arm-none-eabi/lib/thumb/v7e-m+fp/hard\libg_nano.a(libc_a-memcpy-stub.o)
                0x0801dc16                memcpy
 .text.quorem   0x0801dc32      0x110 D:/STM32CubeIde/STM32CubeIDE_1.19.0/STM32CubeIDE/plugins/com.st.stm32cube.ide.mcu.externaltools.gnu-tools-for-stm32.14.3.rel1.win32_1.0.100.202602081740/tools/bin/../lib/gcc/arm-none-eabi/14.3.1/../../../../arm-none-eabi/lib/thumb/v7e-m+fp/hard\libg_nano.a(libc_a-dtoa.o)
 *fill*         0x0801dd42        0x6 
 .text._dtoa_r  0x0801dd48      0xbb8 D:/STM32CubeIde/STM32CubeIDE_1.19.0/STM32CubeIDE/plugins/com.st.stm32cube.ide.mcu.externaltools.gnu-tools-for-stm32.14.3.rel1.win32_1.0.100.202602081740/tools/bin/../lib/gcc/arm-none-eabi/14.3.1/../../../../arm-none-eabi/lib/thumb/v7e-m+fp/hard\libg_nano.a(libc_a-dtoa.o)
                0x0801dd48                _dtoa_r
 .text._free_r  0x0801e900       0x94 D:/STM32CubeIde/STM32CubeIDE_1.19.0/STM32CubeIDE/plugins/com.st.stm32cube.ide.mcu.externaltools.gnu-tools-for-stm32.14.3.rel1.win32_1.0.100.202602081740/tools/bin/../lib/gcc/arm-none-eabi/14.3.1/../../../../arm-none-eabi/lib/thumb/v7e-m+fp/hard\libg_nano.a(libc_a-freer.o)
                0x0801e900                _free_r
 .text.malloc   0x0801e994       0x10 D:/STM32CubeIde/STM32CubeIDE_1.19.0/STM32CubeIDE/plugins/com.st.stm32cube.ide.mcu.externaltools.gnu-tools-for-stm32.14.3.rel1.win32_1.0.100.202602081740/tools/bin/../lib/gcc/arm-none-eabi/14.3.1/../../../../arm-none-eabi/lib/thumb/v7e-m+fp/hard\libg_nano.a(libc_a-malloc.o)
                0x0801e994                malloc
 .text.sbrk_aligned
                0x0801e9a4       0x44 D:/STM32CubeIde/STM32CubeIDE_1.19.0/STM32CubeIDE/plugins/com.st.stm32cube.ide.mcu.externaltools.gnu-tools-for-stm32.14.3.rel1.win32_1.0.100.202602081740/tools/bin/../lib/gcc/arm-none-eabi/14.3.1/../../../../arm-none-eabi/lib/thumb/v7e-m+fp/hard\libg_nano.a(libc_a-mallocr.o)
 .text._malloc_r
                0x0801e9e8      0x100 D:/STM32CubeIde/STM32CubeIDE_1.19.0/STM32CubeIDE/plugins/com.st.stm32cube.ide.mcu.externaltools.gnu-tools-for-stm32.14.3.rel1.win32_1.0.100.202602081740/tools/bin/../lib/gcc/arm-none-eabi/14.3.1/../../../../arm-none-eabi/lib/thumb/v7e-m+fp/hard\libg_nano.a(libc_a-mallocr.o)
                0x0801e9e8                _malloc_r
 .text.__ascii_mbtowc
                0x0801eae8       0x24 D:/STM32CubeIde/STM32CubeIDE_1.19.0/STM32CubeIDE/plugins/com.st.stm32cube.ide.mcu.externaltools.gnu-tools-for-stm32.14.3.rel1.win32_1.0.100.202602081740/tools/bin/../lib/gcc/arm-none-eabi/14.3.1/../../../../arm-none-eabi/lib/thumb/v7e-m+fp/hard\libg_nano.a(libc_a-mbtowc_r.o)
                0x0801eae8                __ascii_mbtowc
 .text.__malloc_lock
                0x0801eb0c        0xc D:/STM32CubeIde/STM32CubeIDE_1.19.0/STM32CubeIDE/plugins/com.st.stm32cube.ide.mcu.externaltools.gnu-tools-for-stm32.14.3.rel1.win32_1.0.100.202602081740/tools/bin/../lib/gcc/arm-none-eabi/14.3.1/../../../../arm-none-eabi/lib/thumb/v7e-m+fp/hard\libg_nano.a(libc_a-mlock.o)
                0x0801eb0c                __malloc_lock
 .text.__malloc_unlock
                0x0801eb18        0xc D:/STM32CubeIde/STM32CubeIDE_1.19.0/STM32CubeIDE/plugins/com.st.stm32cube.ide.mcu.externaltools.gnu-tools-for-stm32.14.3.rel1.win32_1.0.100.202602081740/tools/bin/../lib/gcc/arm-none-eabi/14.3.1/../../../../arm-none-eabi/lib/thumb/v7e-m+fp/hard\libg_nano.a(libc_a-mlock.o)
                0x0801eb18                __malloc_unlock
 .text._Balloc  0x0801eb24       0x7c D:/STM32CubeIde/STM32CubeIDE_1.19.0/STM32CubeIDE/plugins/com.st.stm32cube.ide.mcu.externaltools.gnu-tools-for-stm32.14.3.rel1.win32_1.0.100.202602081740/tools/bin/../lib/gcc/arm-none-eabi/14.3.1/../../../../arm-none-eabi/lib/thumb/v7e-m+fp/hard\libg_nano.a(libc_a-mprec.o)
                0x0801eb24                _Balloc
 .text._Bfree   0x0801eba0       0x44 D:/STM32CubeIde/STM32CubeIDE_1.19.0/STM32CubeIDE/plugins/com.st.stm32cube.ide.mcu.externaltools.gnu-tools-for-stm32.14.3.rel1.win32_1.0.100.202602081740/tools/bin/../lib/gcc/arm-none-eabi/14.3.1/../../../../arm-none-eabi/lib/thumb/v7e-m+fp/hard\libg_nano.a(libc_a-mprec.o)
                0x0801eba0                _Bfree
 .text.__multadd
                0x0801ebe4       0x8c D:/STM32CubeIde/STM32CubeIDE_1.19.0/STM32CubeIDE/plugins/com.st.stm32cube.ide.mcu.externaltools.gnu-tools-for-stm32.14.3.rel1.win32_1.0.100.202602081740/tools/bin/../lib/gcc/arm-none-eabi/14.3.1/../../../../arm-none-eabi/lib/thumb/v7e-m+fp/hard\libg_nano.a(libc_a-mprec.o)
                0x0801ebe4                __multadd
 .text.__hi0bits
                0x0801ec70       0x3e D:/STM32CubeIde/STM32CubeIDE_1.19.0/STM32CubeIDE/plugins/com.st.stm32cube.ide.mcu.externaltools.gnu-tools-for-stm32.14.3.rel1.win32_1.0.100.202602081740/tools/bin/../lib/gcc/arm-none-eabi/14.3.1/../../../../arm-none-eabi/lib/thumb/v7e-m+fp/hard\libg_nano.a(libc_a-mprec.o)
                0x0801ec70                __hi0bits
 .text.__lo0bits
                0x0801ecae       0x5a D:/STM32CubeIde/STM32CubeIDE_1.19.0/STM32CubeIDE/plugins/com.st.stm32cube.ide.mcu.externaltools.gnu-tools-for-stm32.14.3.rel1.win32_1.0.100.202602081740/tools/bin/../lib/gcc/arm-none-eabi/14.3.1/../../../../arm-none-eabi/lib/thumb/v7e-m+fp/hard\libg_nano.a(libc_a-mprec.o)
                0x0801ecae                __lo0bits
 .text.__i2b    0x0801ed08       0x2c D:/STM32CubeIde/STM32CubeIDE_1.19.0/STM32CubeIDE/plugins/com.st.stm32cube.ide.mcu.externaltools.gnu-tools-for-stm32.14.3.rel1.win32_1.0.100.202602081740/tools/bin/../lib/gcc/arm-none-eabi/14.3.1/../../../../arm-none-eabi/lib/thumb/v7e-m+fp/hard\libg_nano.a(libc_a-mprec.o)
                0x0801ed08                __i2b
 .text.__multiply
                0x0801ed34      0x154 D:/STM32CubeIde/STM32CubeIDE_1.19.0/STM32CubeIDE/plugins/com.st.stm32cube.ide.mcu.externaltools.gnu-tools-for-stm32.14.3.rel1.win32_1.0.100.202602081740/tools/bin/../lib/gcc/arm-none-eabi/14.3.1/../../../../arm-none-eabi/lib/thumb/v7e-m+fp/hard\libg_nano.a(libc_a-mprec.o)
                0x0801ed34                __multiply
 .text.__pow5mult
                0x0801ee88       0xb8 D:/STM32CubeIde/STM32CubeIDE_1.19.0/STM32CubeIDE/plugins/com.st.stm32cube.ide.mcu.externaltools.gnu-tools-for-stm32.14.3.rel1.win32_1.0.100.202602081740/tools/bin/../lib/gcc/arm-none-eabi/14.3.1/../../../../arm-none-eabi/lib/thumb/v7e-m+fp/hard\libg_nano.a(libc_a-mprec.o)
                0x0801ee88                __pow5mult
 .text.__lshift
                0x0801ef40       0xdc D:/STM32CubeIde/STM32CubeIDE_1.19.0/STM32CubeIDE/plugins/com.st.stm32cube.ide.mcu.externaltools.gnu-tools-for-stm32.14.3.rel1.win32_1.0.100.202602081740/tools/bin/../lib/gcc/arm-none-eabi/14.3.1/../../../../arm-none-eabi/lib/thumb/v7e-m+fp/hard\libg_nano.a(libc_a-mprec.o)
                0x0801ef40                __lshift
 .text.__mcmp   0x0801f01c       0x36 D:/STM32CubeIde/STM32CubeIDE_1.19.0/STM32CubeIDE/plugins/com.st.stm32cube.ide.mcu.externaltools.gnu-tools-for-stm32.14.3.rel1.win32_1.0.100.202602081740/tools/bin/../lib/gcc/arm-none-eabi/14.3.1/../../../../arm-none-eabi/lib/thumb/v7e-m+fp/hard\libg_nano.a(libc_a-mprec.o)
                0x0801f01c                __mcmp
 *fill*         0x0801f052        0x2 
 .text.__mdiff  0x0801f054      0x130 D:/STM32CubeIde/STM32CubeIDE_1.19.0/STM32CubeIDE/plugins/com.st.stm32cube.ide.mcu.externaltools.gnu-tools-for-stm32.14.3.rel1.win32_1.0.100.202602081740/tools/bin/../lib/gcc/arm-none-eabi/14.3.1/../../../../arm-none-eabi/lib/thumb/v7e-m+fp/hard\libg_nano.a(libc_a-mprec.o)
                0x0801f054                __mdiff
 .text.__d2b    0x0801f184       0xb0 D:/STM32CubeIde/STM32CubeIDE_1.19.0/STM32CubeIDE/plugins/com.st.stm32cube.ide.mcu.externaltools.gnu-tools-for-stm32.14.3.rel1.win32_1.0.100.202602081740/tools/bin/../lib/gcc/arm-none-eabi/14.3.1/../../../../arm-none-eabi/lib/thumb/v7e-m+fp/hard\libg_nano.a(libc_a-mprec.o)
                0x0801f184                __d2b
 .text.__ascii_wctomb
                0x0801f234       0x1a D:/STM32CubeIde/STM32CubeIDE_1.19.0/STM32CubeIDE/plugins/com.st.stm32cube.ide.mcu.externaltools.gnu-tools-for-stm32.14.3.rel1.win32_1.0.100.202602081740/tools/bin/../lib/gcc/arm-none-eabi/14.3.1/../../../../arm-none-eabi/lib/thumb/v7e-m+fp/hard\libg_nano.a(libc_a-wctomb_r.o)
                0x0801f234                __ascii_wctomb
 .text.__ssputs_r
                0x0801f24e       0xc0 D:/STM32CubeIde/STM32CubeIDE_1.19.0/STM32CubeIDE/plugins/com.st.stm32cube.ide.mcu.externaltools.gnu-tools-for-stm32.14.3.rel1.win32_1.0.100.202602081740/tools/bin/../lib/gcc/arm-none-eabi/14.3.1/../../../../arm-none-eabi/lib/thumb/v7e-m+fp/hard\libg_nano.a(libc_a-nano-svfprintf.o)
                0x0801f24e                __ssputs_r
 *fill*         0x0801f30e        0x2 
 .text._svfprintf_r
                0x0801f310      0x1f0 D:/STM32CubeIde/STM32CubeIDE_1.19.0/STM32CubeIDE/plugins/com.st.stm32cube.ide.mcu.externaltools.gnu-tools-for-stm32.14.3.rel1.win32_1.0.100.202602081740/tools/bin/../lib/gcc/arm-none-eabi/14.3.1/../../../../arm-none-eabi/lib/thumb/v7e-m+fp/hard\libg_nano.a(libc_a-nano-svfprintf.o)
                0x0801f310                _svfiprintf_r
                0x0801f310                _svfprintf_r
 .text.__sflush_r
                0x0801f500      0x104 D:/STM32CubeIde/STM32CubeIDE_1.19.0/STM32CubeIDE/plugins/com.st.stm32cube.ide.mcu.externaltools.gnu-tools-for-stm32.14.3.rel1.win32_1.0.100.202602081740/tools/bin/../lib/gcc/arm-none-eabi/14.3.1/../../../../arm-none-eabi/lib/thumb/v7e-m+fp/hard\libg_nano.a(libc_a-fflush.o)
                0x0801f500                __sflush_r
 .text._fflush_r
                0x0801f604       0x50 D:/STM32CubeIde/STM32CubeIDE_1.19.0/STM32CubeIDE/plugins/com.st.stm32cube.ide.mcu.externaltools.gnu-tools-for-stm32.14.3.rel1.win32_1.0.100.202602081740/tools/bin/../lib/gcc/arm-none-eabi/14.3.1/../../../../arm-none-eabi/lib/thumb/v7e-m+fp/hard\libg_nano.a(libc_a-fflush.o)
                0x0801f604                _fflush_r
 .text.memmove  0x0801f654       0x32 D:/STM32CubeIde/STM32CubeIDE_1.19.0/STM32CubeIDE/plugins/com.st.stm32cube.ide.mcu.externaltools.gnu-tools-for-stm32.14.3.rel1.win32_1.0.100.202602081740/tools/bin/../lib/gcc/arm-none-eabi/14.3.1/../../../../arm-none-eabi/lib/thumb/v7e-m+fp/hard\libg_nano.a(libc_a-memmove.o)
                0x0801f654                memmove
 *fill*         0x0801f686        0x2 
 .text._sbrk_r  0x0801f688       0x20 D:/STM32CubeIde/STM32CubeIDE_1.19.0/STM32CubeIDE/plugins/com.st.stm32cube.ide.mcu.externaltools.gnu-tools-for-stm32.14.3.rel1.win32_1.0.100.202602081740/tools/bin/../lib/gcc/arm-none-eabi/14.3.1/../../../../arm-none-eabi/lib/thumb/v7e-m+fp/hard\libg_nano.a(libc_a-sbrkr.o)
                0x0801f688                _sbrk_r
 .text.__assert_func
                0x0801f6a8       0x3c D:/STM32CubeIde/STM32CubeIDE_1.19.0/STM32CubeIDE/plugins/com.st.stm32cube.ide.mcu.externaltools.gnu-tools-for-stm32.14.3.rel1.win32_1.0.100.202602081740/tools/bin/../lib/gcc/arm-none-eabi/14.3.1/../../../../arm-none-eabi/lib/thumb/v7e-m+fp/hard\libg_nano.a(libc_a-assert.o)
                0x0801f6a8                __assert_func
 .text._calloc_r
                0x0801f6e4       0x28 D:/STM32CubeIde/STM32CubeIDE_1.19.0/STM32CubeIDE/plugins/com.st.stm32cube.ide.mcu.externaltools.gnu-tools-for-stm32.14.3.rel1.win32_1.0.100.202602081740/tools/bin/../lib/gcc/arm-none-eabi/14.3.1/../../../../arm-none-eabi/lib/thumb/v7e-m+fp/hard\libg_nano.a(libc_a-callocr.o)
                0x0801f6e4                _calloc_r
 .text._realloc_r
                0x0801f70c       0x5c D:/STM32CubeIde/STM32CubeIDE_1.19.0/STM32CubeIDE/plugins/com.st.stm32cube.ide.mcu.externaltools.gnu-tools-for-stm32.14.3.rel1.win32_1.0.100.202602081740/tools/bin/../lib/gcc/arm-none-eabi/14.3.1/../../../../arm-none-eabi/lib/thumb/v7e-m+fp/hard\libg_nano.a(libc_a-reallocr.o)
                0x0801f70c                _realloc_r
 .text.fprintf  0x0801f768       0x24 D:/STM32CubeIde/STM32CubeIDE_1.19.0/STM32CubeIDE/plugins/com.st.stm32cube.ide.mcu.externaltools.gnu-tools-for-stm32.14.3.rel1.win32_1.0.100.202602081740/tools/bin/../lib/gcc/arm-none-eabi/14.3.1/../../../../arm-none-eabi/lib/thumb/v7e-m+fp/hard\libg_nano.a(libc_a-fprintf.o)
                0x0801f768                fiprintf
                0x0801f768                fprintf
 .text.abort    0x0801f78c        0xe D:/STM32CubeIde/STM32CubeIDE_1.19.0/STM32CubeIDE/plugins/com.st.stm32cube.ide.mcu.externaltools.gnu-tools-for-stm32.14.3.rel1.win32_1.0.100.202602081740/tools/bin/../lib/gcc/arm-none-eabi/14.3.1/../../../../arm-none-eabi/lib/thumb/v7e-m+fp/hard\libg_nano.a(libc_a-abort.o)
                0x0801f78c                abort
 .text._malloc_usable_size_r
                0x0801f79a       0x10 D:/STM32CubeIde/STM32CubeIDE_1.19.0/STM32CubeIDE/plugins/com.st.stm32cube.ide.mcu.externaltools.gnu-tools-for-stm32.14.3.rel1.win32_1.0.100.202602081740/tools/bin/../lib/gcc/arm-none-eabi/14.3.1/../../../../arm-none-eabi/lib/thumb/v7e-m+fp/hard\libg_nano.a(libc_a-msizer.o)
                0x0801f79a                _malloc_usable_size_r
 .text.__sfputc_r
                0x0801f7aa       0x2e D:/STM32CubeIde/STM32CubeIDE_1.19.0/STM32CubeIDE/plugins/com.st.stm32cube.ide.mcu.externaltools.gnu-tools-for-stm32.14.3.rel1.win32_1.0.100.202602081740/tools/bin/../lib/gcc/arm-none-eabi/14.3.1/../../../../arm-none-eabi/lib/thumb/v7e-m+fp/hard\libg_nano.a(libc_a-nano-vfprintf.o)
 .text.__sfputs_r
                0x0801f7d8       0x24 D:/STM32CubeIde/STM32CubeIDE_1.19.0/STM32CubeIDE/plugins/com.st.stm32cube.ide.mcu.externaltools.gnu-tools-for-stm32.14.3.rel1.win32_1.0.100.202602081740/tools/bin/../lib/gcc/arm-none-eabi/14.3.1/../../../../arm-none-eabi/lib/thumb/v7e-m+fp/hard\libg_nano.a(libc_a-nano-vfprintf.o)
                0x0801f7d8                __sfputs_r
 .text._vfprintf_r
                0x0801f7fc      0x228 D:/STM32CubeIde/STM32CubeIDE_1.19.0/STM32CubeIDE/plugins/com.st.stm32cube.ide.mcu.externaltools.gnu-tools-for-stm32.14.3.rel1.win32_1.0.100.202602081740/tools/bin/../lib/gcc/arm-none-eabi/14.3.1/../../../../arm-none-eabi/lib/thumb/v7e-m+fp/hard\libg_nano.a(libc_a-nano-vfprintf.o)
                0x0801f7fc                _vfprintf_r
                0x0801f7fc                _vfiprintf_r
 .text.__swbuf_r
                0x0801fa24       0x7c D:/STM32CubeIde/STM32CubeIDE_1.19.0/STM32CubeIDE/plugins/com.st.stm32cube.ide.mcu.externaltools.gnu-tools-for-stm32.14.3.rel1.win32_1.0.100.202602081740/tools/bin/../lib/gcc/arm-none-eabi/14.3.1/../../../../arm-none-eabi/lib/thumb/v7e-m+fp/hard\libg_nano.a(libc_a-wbuf.o)
                0x0801fa24                __swbuf_r
 .text.__swsetup_r
                0x0801faa0       0xa8 D:/STM32CubeIde/STM32CubeIDE_1.19.0/STM32CubeIDE/plugins/com.st.stm32cube.ide.mcu.externaltools.gnu-tools-for-stm32.14.3.rel1.win32_1.0.100.202602081740/tools/bin/../lib/gcc/arm-none-eabi/14.3.1/../../../../arm-none-eabi/lib/thumb/v7e-m+fp/hard\libg_nano.a(libc_a-wsetup.o)
                0x0801faa0                __swsetup_r
 .text._raise_r
                0x0801fb48       0x50 D:/STM32CubeIde/STM32CubeIDE_1.19.0/STM32CubeIDE/plugins/com.st.stm32cube.ide.mcu.externaltools.gnu-tools-for-stm32.14.3.rel1.win32_1.0.100.202602081740/tools/bin/../lib/gcc/arm-none-eabi/14.3.1/../../../../arm-none-eabi/lib/thumb/v7e-m+fp/hard\libg_nano.a(libc_a-signal.o)
                0x0801fb48                _raise_r
 .text.raise    0x0801fb98       0x10 D:/STM32CubeIde/STM32CubeIDE_1.19.0/STM32CubeIDE/plugins/com.st.stm32cube.ide.mcu.externaltools.gnu-tools-for-stm32.14.3.rel1.win32_1.0.100.202602081740/tools/bin/../lib/gcc/arm-none-eabi/14.3.1/../../../../arm-none-eabi/lib/thumb/v7e-m+fp/hard\libg_nano.a(libc_a-signal.o)
                0x0801fb98                raise
 .text._kill_r  0x0801fba8       0x24 D:/STM32CubeIde/STM32CubeIDE_1.19.0/STM32CubeIDE/plugins/com.st.stm32cube.ide.mcu.externaltools.gnu-tools-for-stm32.14.3.rel1.win32_1.0.100.202602081740/tools/bin/../lib/gcc/arm-none-eabi/14.3.1/../../../../arm-none-eabi/lib/thumb/v7e-m+fp/hard\libg_nano.a(libc_a-signalr.o)
                0x0801fba8                _kill_r
 .text._getpid_r
                0x0801fbcc        0x4 D:/STM32CubeIde/STM32CubeIDE_1.19.0/STM32CubeIDE/plugins/com.st.stm32cube.ide.mcu.externaltools.gnu-tools-for-stm32.14.3.rel1.win32_1.0.100.202602081740/tools/bin/../lib/gcc/arm-none-eabi/14.3.1/../../../../arm-none-eabi/lib/thumb/v7e-m+fp/hard\libg_nano.a(libc_a-signalr.o)
                0x0801fbcc                _getpid_r
 .text.__swhatbuf_r
                0x0801fbd0       0x48 D:/STM32CubeIde/STM32CubeIDE_1.19.0/STM32CubeIDE/plugins/com.st.stm32cube.ide.mcu.externaltools.gnu-tools-for-stm32.14.3.rel1.win32_1.0.100.202602081740/tools/bin/../lib/gcc/arm-none-eabi/14.3.1/../../../../arm-none-eabi/lib/thumb/v7e-m+fp/hard\libg_nano.a(libc_a-makebuf.o)
                0x0801fbd0                __swhatbuf_r
 .text.__smakebuf_r
                0x0801fc18       0x72 D:/STM32CubeIde/STM32CubeIDE_1.19.0/STM32CubeIDE/plugins/com.st.stm32cube.ide.mcu.externaltools.gnu-tools-for-stm32.14.3.rel1.win32_1.0.100.202602081740/tools/bin/../lib/gcc/arm-none-eabi/14.3.1/../../../../arm-none-eabi/lib/thumb/v7e-m+fp/hard\libg_nano.a(libc_a-makebuf.o)
                0x0801fc18                __smakebuf_r
 *fill*         0x0801fc8a        0x2 
 .text._fstat_r
                0x0801fc8c       0x24 D:/STM32CubeIde/STM32CubeIDE_1.19.0/STM32CubeIDE/plugins/com.st.stm32cube.ide.mcu.externaltools.gnu-tools-for-stm32.14.3.rel1.win32_1.0.100.202602081740/tools/bin/../lib/gcc/arm-none-eabi/14.3.1/../../../../arm-none-eabi/lib/thumb/v7e-m+fp/hard\libg_nano.a(libc_a-fstatr.o)
                0x0801fc8c                _fstat_r
 .text._isatty_r
                0x0801fcb0       0x20 D:/STM32CubeIde/STM32CubeIDE_1.19.0/STM32CubeIDE/plugins/com.st.stm32cube.ide.mcu.externaltools.gnu-tools-for-stm32.14.3.rel1.win32_1.0.100.202602081740/tools/bin/../lib/gcc/arm-none-eabi/14.3.1/../../../../arm-none-eabi/lib/thumb/v7e-m+fp/hard\libg_nano.a(libc_a-isattyr.o)
                0x0801fcb0                _isatty_r
 *(.glue_7)
 .glue_7        0x0801fcd0        0x0 linker stubs
 *(.glue_7t)
 .glue_7t       0x0801fcd0        0x0 linker stubs
 *(.eh_frame)
 .eh_frame      0x0801fcd0        0x0 D:/STM32CubeIde/STM32CubeIDE_1.19.0/STM32CubeIDE/plugins/com.st.stm32cube.ide.mcu.externaltools.gnu-tools-for-stm32.14.3.rel1.win32_1.0.100.202602081740/tools/bin/../lib/gcc/arm-none-eabi/14.3.1/thumb/v7e-m+fp/hard/crtbegin.o
 *(.init)
 .init          0x0801fcd0        0x4 D:/STM32CubeIde/STM32CubeIDE_1.19.0/STM32CubeIDE/plugins/com.st.stm32cube.ide.mcu.externaltools.gnu-tools-for-stm32.14.3.rel1.win32_1.0.100.202602081740/tools/bin/../lib/gcc/arm-none-eabi/14.3.1/thumb/v7e-m+fp/hard/crti.o
                0x0801fcd0                _init
 .init          0x0801fcd4        0x8 D:/STM32CubeIde/STM32CubeIDE_1.19.0/STM32CubeIDE/plugins/com.st.stm32cube.ide.mcu.externaltools.gnu-tools-for-stm32.14.3.rel1.win32_1.0.100.202602081740/tools/bin/../lib/gcc/arm-none-eabi/14.3.1/thumb/v7e-m+fp/hard/crtn.o
 *(.fini)
 .fini          0x0801fcdc        0x4 D:/STM32CubeIde/STM32CubeIDE_1.19.0/STM32CubeIDE/plugins/com.st.stm32cube.ide.mcu.externaltools.gnu-tools-for-stm32.14.3.rel1.win32_1.0.100.202602081740/tools/bin/../lib/gcc/arm-none-eabi/14.3.1/thumb/v7e-m+fp/hard/crti.o
                0x0801fcdc                _fini
 .fini          0x0801fce0        0x8 D:/STM32CubeIde/STM32CubeIDE_1.19.0/STM32CubeIDE/plugins/com.st.stm32cube.ide.mcu.externaltools.gnu-tools-for-stm32.14.3.rel1.win32_1.0.100.202602081740/tools/bin/../lib/gcc/arm-none-eabi/14.3.1/thumb/v7e-m+fp/hard/crtn.o
                0x0801fce8                        . = ALIGN (0x4)
                0x0801fce8                        _etext = .

.vfp11_veneer   0x0801fce8        0x0
 .vfp11_veneer  0x0801fce8        0x0 linker stubs

.v4_bx          0x0801fce8        0x0
 .v4_bx         0x0801fce8        0x0 linker stubs

.iplt           0x0801fce8        0x0
 .iplt          0x0801fce8        0x0 D:/STM32CubeIde/STM32CubeIDE_1.19.0/STM32CubeIDE/plugins/com.st.stm32cube.ide.mcu.externaltools.gnu-tools-for-stm32.14.3.rel1.win32_1.0.100.202602081740/tools/bin/../lib/gcc/arm-none-eabi/14.3.1/thumb/v7e-m+fp/hard/crtbegin.o

.rodata         0x0801fce8     0x1240
                0x0801fce8                        . = ALIGN (0x4)
 *(.rodata)
 .rodata        0x0801fce8       0x18 cmake/stm32cubemx/CMakeFiles/STM32_Drivers.dir/__/__/Core/Src/system_stm32f4xx.c.obj
                0x0801fce8                AHBPrescTable
                0x0801fcf8                APBPrescTable
 .rodata        0x0801fd00        0x8 cmake/stm32cubemx/CMakeFiles/STM32_Drivers.dir/__/__/Drivers/STM32F4xx_HAL_Driver/Src/stm32f4xx_hal_dma.c.obj
 .rodata        0x0801fd08       0x10 CMakeFiles/7_AutomatedSortingRobot_26.dir/Mycode/car.c.obj
 .rodata        0x0801fd18      0xc34 CMakeFiles/7_AutomatedSortingRobot_26.dir/Mycode/oled_jiangkeda/oled_data.c.obj
                0x0801fd18                OLED_F8x16
                0x08020308                OLED_F6x8
                0x08020544                OLED_CF16x16
                0x08020718                Diode
                0x08020738                abc
                0x0802074c                Battery
                0x0802076c                GEDA
 *(.rodata*)
 *fill*         0x0802094c        0x4 
 .rodata.tiny   0x08020950        0x8 D:/STM32CubeIde/STM32CubeIDE_1.19.0/STM32CubeIDE/plugins/com.st.stm32cube.ide.mcu.externaltools.gnu-tools-for-stm32.14.3.rel1.win32_1.0.100.202602081740/tools/bin/../lib/gcc/arm-none-eabi/14.3.1/../../../../arm-none-eabi/lib/thumb/v7e-m+fp/hard\libm.a(libm_a-e_sqrt.o)
 .rodata.one    0x08020958        0x8 D:/STM32CubeIde/STM32CubeIDE_1.19.0/STM32CubeIDE/plugins/com.st.stm32cube.ide.mcu.externaltools.gnu-tools-for-stm32.14.3.rel1.win32_1.0.100.202602081740/tools/bin/../lib/gcc/arm-none-eabi/14.3.1/../../../../arm-none-eabi/lib/thumb/v7e-m+fp/hard\libm.a(libm_a-e_sqrt.o)
 .rodata.CSWTCH.9
                0x08020960       0x18 D:/STM32CubeIde/STM32CubeIDE_1.19.0/STM32CubeIDE/plugins/com.st.stm32cube.ide.mcu.externaltools.gnu-tools-for-stm32.14.3.rel1.win32_1.0.100.202602081740/tools/bin/../lib/gcc/arm-none-eabi/14.3.1/../../../../arm-none-eabi/lib/thumb/v7e-m+fp/hard\libm.a(libm_a-e_atan2.o)
 .rodata.CSWTCH.8
                0x08020978       0x18 D:/STM32CubeIde/STM32CubeIDE_1.19.0/STM32CubeIDE/plugins/com.st.stm32cube.ide.mcu.externaltools.gnu-tools-for-stm32.14.3.rel1.win32_1.0.100.202602081740/tools/bin/../lib/gcc/arm-none-eabi/14.3.1/../../../../arm-none-eabi/lib/thumb/v7e-m+fp/hard\libm.a(libm_a-e_atan2.o)
 .rodata.Zero   0x08020990       0x10 D:/STM32CubeIde/STM32CubeIDE_1.19.0/STM32CubeIDE/plugins/com.st.stm32cube.ide.mcu.externaltools.gnu-tools-for-stm32.14.3.rel1.win32_1.0.100.202602081740/tools/bin/../lib/gcc/arm-none-eabi/14.3.1/../../../../arm-none-eabi/lib/thumb/v7e-m+fp/hard\libm.a(libm_a-e_fmod.o)
 .rodata.npio2_hw
                0x080209a0       0x80 D:/STM32CubeIde/STM32CubeIDE_1.19.0/STM32CubeIDE/plugins/com.st.stm32cube.ide.mcu.externaltools.gnu-tools-for-stm32.14.3.rel1.win32_1.0.100.202602081740/tools/bin/../lib/gcc/arm-none-eabi/14.3.1/../../../../arm-none-eabi/lib/thumb/v7e-m+fp/hard\libm.a(libm_a-e_rem_pio2.o)
 .rodata.two_over_pi
                0x08020a20      0x108 D:/STM32CubeIde/STM32CubeIDE_1.19.0/STM32CubeIDE/plugins/com.st.stm32cube.ide.mcu.externaltools.gnu-tools-for-stm32.14.3.rel1.win32_1.0.100.202602081740/tools/bin/../lib/gcc/arm-none-eabi/14.3.1/../../../../arm-none-eabi/lib/thumb/v7e-m+fp/hard\libm.a(libm_a-e_rem_pio2.o)
 .rodata.atanlo
                0x08020b28       0x20 D:/STM32CubeIde/STM32CubeIDE_1.19.0/STM32CubeIDE/plugins/com.st.stm32cube.ide.mcu.externaltools.gnu-tools-for-stm32.14.3.rel1.win32_1.0.100.202602081740/tools/bin/../lib/gcc/arm-none-eabi/14.3.1/../../../../arm-none-eabi/lib/thumb/v7e-m+fp/hard\libm.a(libm_a-s_atan.o)
 .rodata.atanhi
                0x08020b48       0x20 D:/STM32CubeIde/STM32CubeIDE_1.19.0/STM32CubeIDE/plugins/com.st.stm32cube.ide.mcu.externaltools.gnu-tools-for-stm32.14.3.rel1.win32_1.0.100.202602081740/tools/bin/../lib/gcc/arm-none-eabi/14.3.1/../../../../arm-none-eabi/lib/thumb/v7e-m+fp/hard\libm.a(libm_a-s_atan.o)
 .rodata.PIo2   0x08020b68       0x40 D:/STM32CubeIde/STM32CubeIDE_1.19.0/STM32CubeIDE/plugins/com.st.stm32cube.ide.mcu.externaltools.gnu-tools-for-stm32.14.3.rel1.win32_1.0.100.202602081740/tools/bin/../lib/gcc/arm-none-eabi/14.3.1/../../../../arm-none-eabi/lib/thumb/v7e-m+fp/hard\libm.a(libm_a-k_rem_pio2.o)
 .rodata.init_jk
                0x08020ba8       0x10 D:/STM32CubeIde/STM32CubeIDE_1.19.0/STM32CubeIDE/plugins/com.st.stm32cube.ide.mcu.externaltools.gnu-tools-for-stm32.14.3.rel1.win32_1.0.100.202602081740/tools/bin/../lib/gcc/arm-none-eabi/14.3.1/../../../../arm-none-eabi/lib/thumb/v7e-m+fp/hard\libm.a(libm_a-k_rem_pio2.o)
 .rodata._ctype_