<!doctype html public "-//w3c//dtd html 4.0 transitional//en">
<html><head>
<title>Static Call Graph - [..\..\Output\Fire_FreeRTOS.axf]</title></head>
<body><HR>
<H1>Static Call Graph for image ..\..\Output\Fire_FreeRTOS.axf</H1><HR>
<BR><P>#&#060CALLGRAPH&#062# ARM Linker, 5060960: Last Updated: Fri Oct 17 22:26:30 2025
<BR><P>
<H3>Maximum Stack Usage =        384 bytes + Unknown(Cycles, Untraceable Function Pointers)</H3><H3>
Call chain for Maximum Stack Depth:</H3>
main &rArr; jieti2223 &rArr; go_to_xy &rArr; calcTrapezoidalProfile &rArr; __aeabi_dsub &rArr; __aeabi_dadd &rArr; _double_epilogue &rArr; _double_round
<P>
<H3>
Mutually Recursive functions
</H3> <LI><a href="#[1c]">ADC1_2_IRQHandler</a>&nbsp;&nbsp;&nbsp;&rArr;&nbsp;&nbsp;&nbsp;<a href="#[1c]">ADC1_2_IRQHandler</a><BR>
 <LI><a href="#[2]">HardFault_Handler</a>&nbsp;&nbsp;&nbsp;&rArr;&nbsp;&nbsp;&nbsp;<a href="#[2]">HardFault_Handler</a><BR>
 <LI><a href="#[3]">MemManage_Handler</a>&nbsp;&nbsp;&nbsp;&rArr;&nbsp;&nbsp;&nbsp;<a href="#[3]">MemManage_Handler</a><BR>
 <LI><a href="#[4]">BusFault_Handler</a>&nbsp;&nbsp;&nbsp;&rArr;&nbsp;&nbsp;&nbsp;<a href="#[4]">BusFault_Handler</a><BR>
 <LI><a href="#[5]">UsageFault_Handler</a>&nbsp;&nbsp;&nbsp;&rArr;&nbsp;&nbsp;&nbsp;<a href="#[5]">UsageFault_Handler</a><BR>
</UL>
<P>
<H3>
Function Pointers
</H3><UL>
 <LI><a href="#[1c]">ADC1_2_IRQHandler</a> from startup_stm32f10x_hd.o(.text) referenced from startup_stm32f10x_hd.o(RESET)
 <LI><a href="#[39]">ADC3_IRQHandler</a> from startup_stm32f10x_hd.o(.text) referenced from startup_stm32f10x_hd.o(RESET)
 <LI><a href="#[4]">BusFault_Handler</a> from stm32f10x_it.o(.text) referenced from startup_stm32f10x_hd.o(RESET)
 <LI><a href="#[1f]">CAN1_RX1_IRQHandler</a> from startup_stm32f10x_hd.o(.text) referenced from startup_stm32f10x_hd.o(RESET)
 <LI><a href="#[20]">CAN1_SCE_IRQHandler</a> from startup_stm32f10x_hd.o(.text) referenced from startup_stm32f10x_hd.o(RESET)
 <LI><a href="#[15]">DMA1_Channel1_IRQHandler</a> from startup_stm32f10x_hd.o(.text) referenced from startup_stm32f10x_hd.o(RESET)
 <LI><a href="#[16]">DMA1_Channel2_IRQHandler</a> from startup_stm32f10x_hd.o(.text) referenced from startup_stm32f10x_hd.o(RESET)
 <LI><a href="#[17]">DMA1_Channel3_IRQHandler</a> from startup_stm32f10x_hd.o(.text) referenced from startup_stm32f10x_hd.o(RESET)
 <LI><a href="#[18]">DMA1_Channel4_IRQHandler</a> from startup_stm32f10x_hd.o(.text) referenced from startup_stm32f10x_hd.o(RESET)
 <LI><a href="#[19]">DMA1_Channel5_IRQHandler</a> from startup_stm32f10x_hd.o(.text) referenced from startup_stm32f10x_hd.o(RESET)
 <LI><a href="#[1a]">DMA1_Channel6_IRQHandler</a> from startup_stm32f10x_hd.o(.text) referenced from startup_stm32f10x_hd.o(RESET)
 <LI><a href="#[1b]">DMA1_Channel7_IRQHandler</a> from startup_stm32f10x_hd.o(.text) referenced from startup_stm32f10x_hd.o(RESET)
 <LI><a href="#[42]">DMA2_Channel1_IRQHandler</a> from startup_stm32f10x_hd.o(.text) referenced from startup_stm32f10x_hd.o(RESET)
 <LI><a href="#[43]">DMA2_Channel2_IRQHandler</a> from startup_stm32f10x_hd.o(.text) referenced from startup_stm32f10x_hd.o(RESET)
 <LI><a href="#[44]">DMA2_Channel3_IRQHandler</a> from startup_stm32f10x_hd.o(.text) referenced from startup_stm32f10x_hd.o(RESET)
 <LI><a href="#[45]">DMA2_Channel4_5_IRQHandler</a> from startup_stm32f10x_hd.o(.text) referenced from startup_stm32f10x_hd.o(RESET)
 <LI><a href="#[7]">DebugMon_Handler</a> from stm32f10x_it.o(.text) referenced from startup_stm32f10x_hd.o(RESET)
 <LI><a href="#[10]">EXTI0_IRQHandler</a> from startup_stm32f10x_hd.o(.text) referenced from startup_stm32f10x_hd.o(RESET)
 <LI><a href="#[32]">EXTI15_10_IRQHandler</a> from startup_stm32f10x_hd.o(.text) referenced from startup_stm32f10x_hd.o(RESET)
 <LI><a href="#[11]">EXTI1_IRQHandler</a> from startup_stm32f10x_hd.o(.text) referenced from startup_stm32f10x_hd.o(RESET)
 <LI><a href="#[12]">EXTI2_IRQHandler</a> from startup_stm32f10x_hd.o(.text) referenced from startup_stm32f10x_hd.o(RESET)
 <LI><a href="#[13]">EXTI3_IRQHandler</a> from startup_stm32f10x_hd.o(.text) referenced from startup_stm32f10x_hd.o(RESET)
 <LI><a href="#[14]">EXTI4_IRQHandler</a> from startup_stm32f10x_hd.o(.text) referenced from startup_stm32f10x_hd.o(RESET)
 <LI><a href="#[21]">EXTI9_5_IRQHandler</a> from startup_stm32f10x_hd.o(.text) referenced from startup_stm32f10x_hd.o(RESET)
 <LI><a href="#[e]">FLASH_IRQHandler</a> from startup_stm32f10x_hd.o(.text) referenced from startup_stm32f10x_hd.o(RESET)
 <LI><a href="#[3a]">FSMC_IRQHandler</a> from startup_stm32f10x_hd.o(.text) referenced from startup_stm32f10x_hd.o(RESET)
 <LI><a href="#[2]">HardFault_Handler</a> from stm32f10x_it.o(.text) referenced from startup_stm32f10x_hd.o(RESET)
 <LI><a href="#[2a]">I2C1_ER_IRQHandler</a> from startup_stm32f10x_hd.o(.text) referenced from startup_stm32f10x_hd.o(RESET)
 <LI><a href="#[29]">I2C1_EV_IRQHandler</a> from startup_stm32f10x_hd.o(.text) referenced from startup_stm32f10x_hd.o(RESET)
 <LI><a href="#[2c]">I2C2_ER_IRQHandler</a> from startup_stm32f10x_hd.o(.text) referenced from startup_stm32f10x_hd.o(RESET)
 <LI><a href="#[2b]">I2C2_EV_IRQHandler</a> from startup_stm32f10x_hd.o(.text) referenced from startup_stm32f10x_hd.o(RESET)
 <LI><a href="#[3]">MemManage_Handler</a> from stm32f10x_it.o(.text) referenced from startup_stm32f10x_hd.o(RESET)
 <LI><a href="#[1]">NMI_Handler</a> from stm32f10x_it.o(.text) referenced from startup_stm32f10x_hd.o(RESET)
 <LI><a href="#[b]">PVD_IRQHandler</a> from startup_stm32f10x_hd.o(.text) referenced from startup_stm32f10x_hd.o(RESET)
 <LI><a href="#[8]">PendSV_Handler</a> from port.o(.emb_text) referenced from startup_stm32f10x_hd.o(RESET)
 <LI><a href="#[f]">RCC_IRQHandler</a> from startup_stm32f10x_hd.o(.text) referenced from startup_stm32f10x_hd.o(RESET)
 <LI><a href="#[33]">RTCAlarm_IRQHandler</a> from startup_stm32f10x_hd.o(.text) referenced from startup_stm32f10x_hd.o(RESET)
 <LI><a href="#[d]">RTC_IRQHandler</a> from startup_stm32f10x_hd.o(.text) referenced from startup_stm32f10x_hd.o(RESET)
 <LI><a href="#[0]">Reset_Handler</a> from startup_stm32f10x_hd.o(.text) referenced from startup_stm32f10x_hd.o(RESET)
 <LI><a href="#[3b]">SDIO_IRQHandler</a> from startup_stm32f10x_hd.o(.text) referenced from startup_stm32f10x_hd.o(RESET)
 <LI><a href="#[2d]">SPI1_IRQHandler</a> from startup_stm32f10x_hd.o(.text) referenced from startup_stm32f10x_hd.o(RESET)
 <LI><a href="#[2e]">SPI2_IRQHandler</a> from startup_stm32f10x_hd.o(.text) referenced from startup_stm32f10x_hd.o(RESET)
 <LI><a href="#[3d]">SPI3_IRQHandler</a> from startup_stm32f10x_hd.o(.text) referenced from startup_stm32f10x_hd.o(RESET)
 <LI><a href="#[6]">SVC_Handler</a> from port.o(.emb_text) referenced from startup_stm32f10x_hd.o(RESET)
 <LI><a href="#[9]">SysTick_Handler</a> from stm32f10x_it.o(.text) referenced from startup_stm32f10x_hd.o(RESET)
 <LI><a href="#[47]">SystemInit</a> from system_stm32f10x.o(.text) referenced from startup_stm32f10x_hd.o(.text)
 <LI><a href="#[c]">TAMPER_IRQHandler</a> from startup_stm32f10x_hd.o(.text) referenced from startup_stm32f10x_hd.o(RESET)
 <LI><a href="#[22]">TIM1_BRK_IRQHandler</a> from startup_stm32f10x_hd.o(.text) referenced from startup_stm32f10x_hd.o(RESET)
 <LI><a href="#[25]">TIM1_CC_IRQHandler</a> from startup_stm32f10x_hd.o(.text) referenced from startup_stm32f10x_hd.o(RESET)
 <LI><a href="#[24]">TIM1_TRG_COM_IRQHandler</a> from startup_stm32f10x_hd.o(.text) referenced from startup_stm32f10x_hd.o(RESET)
 <LI><a href="#[23]">TIM1_UP_IRQHandler</a> from startup_stm32f10x_hd.o(.text) referenced from startup_stm32f10x_hd.o(RESET)
 <LI><a href="#[26]">TIM2_IRQHandler</a> from stm32f10x_it.o(.text) referenced from startup_stm32f10x_hd.o(RESET)
 <LI><a href="#[27]">TIM3_IRQHandler</a> from stm32f10x_it.o(.text) referenced from startup_stm32f10x_hd.o(RESET)
 <LI><a href="#[28]">TIM4_IRQHandler</a> from stm32f10x_it.o(.text) referenced from startup_stm32f10x_hd.o(RESET)
 <LI><a href="#[3c]">TIM5_IRQHandler</a> from stm32f10x_it.o(.text) referenced from startup_stm32f10x_hd.o(RESET)
 <LI><a href="#[40]">TIM6_IRQHandler</a> from stm32f10x_it.o(.text) referenced from startup_stm32f10x_hd.o(RESET)
 <LI><a href="#[41]">TIM7_IRQHandler</a> from startup_stm32f10x_hd.o(.text) referenced from startup_stm32f10x_hd.o(RESET)
 <LI><a href="#[35]">TIM8_BRK_IRQHandler</a> from startup_stm32f10x_hd.o(.text) referenced from startup_stm32f10x_hd.o(RESET)
 <LI><a href="#[38]">TIM8_CC_IRQHandler</a> from startup_stm32f10x_hd.o(.text) referenced from startup_stm32f10x_hd.o(RESET)
 <LI><a href="#[37]">TIM8_TRG_COM_IRQHandler</a> from startup_stm32f10x_hd.o(.text) referenced from startup_stm32f10x_hd.o(RESET)
 <LI><a href="#[36]">TIM8_UP_IRQHandler</a> from startup_stm32f10x_hd.o(.text) referenced from startup_stm32f10x_hd.o(RESET)
 <LI><a href="#[3e]">UART4_IRQHandler</a> from stm32f10x_it.o(.text) referenced from startup_stm32f10x_hd.o(RESET)
 <LI><a href="#[3f]">UART5_IRQHandler</a> from stm32f10x_it.o(.text) referenced from startup_stm32f10x_hd.o(RESET)
 <LI><a href="#[2f]">USART1_IRQHandler</a> from stm32f10x_it.o(.text) referenced from startup_stm32f10x_hd.o(RESET)
 <LI><a href="#[30]">USART2_IRQHandler</a> from stm32f10x_it.o(.text) referenced from startup_stm32f10x_hd.o(RESET)
 <LI><a href="#[31]">USART3_IRQHandler</a> from stm32f10x_it.o(.text) referenced from startup_stm32f10x_hd.o(RESET)
 <LI><a href="#[34]">USBWakeUp_IRQHandler</a> from startup_stm32f10x_hd.o(.text) referenced from startup_stm32f10x_hd.o(RESET)
 <LI><a href="#[1d]">USB_HP_CAN1_TX_IRQHandler</a> from startup_stm32f10x_hd.o(.text) referenced from startup_stm32f10x_hd.o(RESET)
 <LI><a href="#[1e]">USB_LP_CAN1_RX0_IRQHandler</a> from startup_stm32f10x_hd.o(.text) referenced from startup_stm32f10x_hd.o(RESET)
 <LI><a href="#[5]">UsageFault_Handler</a> from stm32f10x_it.o(.text) referenced from startup_stm32f10x_hd.o(RESET)
 <LI><a href="#[a]">WWDG_IRQHandler</a> from startup_stm32f10x_hd.o(.text) referenced from startup_stm32f10x_hd.o(RESET)
 <LI><a href="#[48]">__main</a> from entry.o(.ARM.Collect$$$$00000000) referenced from startup_stm32f10x_hd.o(.text)
 <LI><a href="#[4f]">fputc</a> from usart.o(.text) referenced from printfa.o(i.__0printf)
 <LI><a href="#[46]">main</a> from main.o(.text) referenced from entry9a.o(.ARM.Collect$$$$0000000B)
 <LI><a href="#[49]">prvIdleTask</a> from tasks.o(.text) referenced from tasks.o(.text)
 <LI><a href="#[4a]">prvTaskExitError</a> from port.o(.text) referenced from port.o(.text)
 <LI><a href="#[171]">u8g2_font_calc_vref_bottom</a> from u8g2_font.o(.text) referenced from u8g2_font.o(.text)
 <LI><a href="#[173]">u8g2_font_calc_vref_center</a> from u8g2_font.o(.text) referenced from u8g2_font.o(.text)
 <LI><a href="#[170]">u8g2_font_calc_vref_font</a> from u8g2_font.o(.text) referenced from u8g2_font.o(.text)
 <LI><a href="#[172]">u8g2_font_calc_vref_top</a> from u8g2_font.o(.text) referenced from u8g2_font.o(.text)
 <LI><a href="#[4d]">u8x8_ascii_next</a> from u8x8_8x8.o(.text) referenced 4 times from u8g2_font.o(.text)
 <LI><a href="#[4b]">u8x8_capture_get_pixel_1</a> from u8x8_capture.o(.text) referenced from u8g2_buffer.o(.text)
 <LI><a href="#[4c]">u8x8_capture_get_pixel_2</a> from u8x8_capture.o(.text) referenced from u8g2_buffer.o(.text)
 <LI><a href="#[4e]">u8x8_utf8_next</a> from u8x8_8x8.o(.text) referenced 4 times from u8g2_font.o(.text)
</UL>
<P>
<H3>
Global Symbols
</H3>
<P><STRONG><a name="[48]"></a>__main</STRONG> (Thumb, 0 bytes, Stack size unknown bytes, entry.o(.ARM.Collect$$$$00000000))
<BR>[Address Reference Count : 1]<UL><LI> startup_stm32f10x_hd.o(.text)
</UL>
<P><STRONG><a name="[1b8]"></a>_main_stk</STRONG> (Thumb, 0 bytes, Stack size unknown bytes, entry2.o(.ARM.Collect$$$$00000001))

<P><STRONG><a name="[50]"></a>_main_scatterload</STRONG> (Thumb, 0 bytes, Stack size unknown bytes, entry5.o(.ARM.Collect$$$$00000004))
<BR><BR>[Calls]<UL><LI><a href="#[51]">&gt;&gt;</a>&nbsp;&nbsp;&nbsp;__scatterload
</UL>

<P><STRONG><a name="[1a5]"></a>__main_after_scatterload</STRONG> (Thumb, 0 bytes, Stack size unknown bytes, entry5.o(.ARM.Collect$$$$00000004))
<BR><BR>[Called By]<UL><LI><a href="#[51]">&gt;&gt;</a>&nbsp;&nbsp;&nbsp;__scatterload
</UL>

<P><STRONG><a name="[1b9]"></a>_main_clock</STRONG> (Thumb, 0 bytes, Stack size unknown bytes, entry7b.o(.ARM.Collect$$$$00000008))

<P><STRONG><a name="[1ba]"></a>_main_cpp_init</STRONG> (Thumb, 0 bytes, Stack size unknown bytes, entry8b.o(.ARM.Collect$$$$0000000A))

<P><STRONG><a name="[1bb]"></a>_main_init</STRONG> (Thumb, 0 bytes, Stack size unknown bytes, entry9a.o(.ARM.Collect$$$$0000000B))

<P><STRONG><a name="[1bc]"></a>__rt_lib_shutdown_fini</STRONG> (Thumb, 0 bytes, Stack size unknown bytes, entry12b.o(.ARM.Collect$$$$0000000E))

<P><STRONG><a name="[1bd]"></a>__rt_final_cpp</STRONG> (Thumb, 0 bytes, Stack size unknown bytes, entry10a.o(.ARM.Collect$$$$0000000F))

<P><STRONG><a name="[1be]"></a>__rt_final_exit</STRONG> (Thumb, 0 bytes, Stack size unknown bytes, entry11a.o(.ARM.Collect$$$$00000011))

<P><STRONG><a name="[6]"></a>SVC_Handler</STRONG> (Thumb, 32 bytes, Stack size 0 bytes, port.o(.emb_text))
<BR>[Address Reference Count : 1]<UL><LI> startup_stm32f10x_hd.o(RESET)
</UL>
<P><STRONG><a name="[d6]"></a>__asm___6_port_c_39a90d8d__prvStartFirstTask</STRONG> (Thumb, 28 bytes, Stack size 0 bytes, port.o(.emb_text), UNUSED)
<BR><BR>[Called By]<UL><LI><a href="#[c0]">&gt;&gt;</a>&nbsp;&nbsp;&nbsp;xPortStartScheduler
</UL>

<P><STRONG><a name="[8]"></a>PendSV_Handler</STRONG> (Thumb, 72 bytes, Stack size 0 bytes, port.o(.emb_text))
<BR><BR>[Stack]<UL><LI>Max Depth = 40<LI>Call Chain = PendSV_Handler &rArr; vTaskSwitchContext &rArr; __2printf
</UL>
<BR>[Calls]<UL><LI><a href="#[52]">&gt;&gt;</a>&nbsp;&nbsp;&nbsp;vTaskSwitchContext
</UL>
<BR>[Address Reference Count : 1]<UL><LI> startup_stm32f10x_hd.o(RESET)
</UL>
<P><STRONG><a name="[d7]"></a>vPortGetIPSR</STRONG> (Thumb, 6 bytes, Stack size 0 bytes, port.o(.emb_text), UNUSED)
<BR><BR>[Called By]<UL><LI><a href="#[b8]">&gt;&gt;</a>&nbsp;&nbsp;&nbsp;vPortValidateInterruptPriority
</UL>

<P><STRONG><a name="[0]"></a>Reset_Handler</STRONG> (Thumb, 8 bytes, Stack size 0 bytes, startup_stm32f10x_hd.o(.text))
<BR>[Address Reference Count : 1]<UL><LI> startup_stm32f10x_hd.o(RESET)
</UL>
<P><STRONG><a name="[1c]"></a>ADC1_2_IRQHandler</STRONG> (Thumb, 0 bytes, Stack size 0 bytes, startup_stm32f10x_hd.o(.text))
<BR><BR>[Calls]<UL><LI><a href="#[1c]">&gt;&gt;</a>&nbsp;&nbsp;&nbsp;ADC1_2_IRQHandler
</UL>
<BR>[Called By]<UL><LI><a href="#[1c]">&gt;&gt;</a>&nbsp;&nbsp;&nbsp;ADC1_2_IRQHandler
</UL>
<BR>[Address Reference Count : 1]<UL><LI> startup_stm32f10x_hd.o(RESET)
</UL>
<P><STRONG><a name="[39]"></a>ADC3_IRQHandler</STRONG> (Thumb, 0 bytes, Stack size 0 bytes, startup_stm32f10x_hd.o(.text))
<BR>[Address Reference Count : 1]<UL><LI> startup_stm32f10x_hd.o(RESET)
</UL>
<P><STRONG><a name="[1f]"></a>CAN1_RX1_IRQHandler</STRONG> (Thumb, 0 bytes, Stack size 0 bytes, startup_stm32f10x_hd.o(.text))
<BR>[Address Reference Count : 1]<UL><LI> startup_stm32f10x_hd.o(RESET)
</UL>
<P><STRONG><a name="[20]"></a>CAN1_SCE_IRQHandler</STRONG> (Thumb, 0 bytes, Stack size 0 bytes, startup_stm32f10x_hd.o(.text))
<BR>[Address Reference Count : 1]<UL><LI> startup_stm32f10x_hd.o(RESET)
</UL>
<P><STRONG><a name="[15]"></a>DMA1_Channel1_IRQHandler</STRONG> (Thumb, 0 bytes, Stack size 0 bytes, startup_stm32f10x_hd.o(.text))
<BR>[Address Reference Count : 1]<UL><LI> startup_stm32f10x_hd.o(RESET)
</UL>
<P><STRONG><a name="[16]"></a>DMA1_Channel2_IRQHandler</STRONG> (Thumb, 0 bytes, Stack size 0 bytes, startup_stm32f10x_hd.o(.text))
<BR>[Address Reference Count : 1]<UL><LI> startup_stm32f10x_hd.o(RESET)
</UL>
<P><STRONG><a name="[17]"></a>DMA1_Channel3_IRQHandler</STRONG> (Thumb, 0 bytes, Stack size 0 bytes, startup_stm32f10x_hd.o(.text))
<BR>[Address Reference Count : 1]<UL><LI> startup_stm32f10x_hd.o(RESET)
</UL>
<P><STRONG><a name="[18]"></a>DMA1_Channel4_IRQHandler</STRONG> (Thumb, 0 bytes, Stack size 0 bytes, startup_stm32f10x_hd.o(.text))
<BR>[Address Reference Count : 1]<UL><LI> startup_stm32f10x_hd.o(RESET)
</UL>
<P><STRONG><a name="[19]"></a>DMA1_Channel5_IRQHandler</STRONG> (Thumb, 0 bytes, Stack size 0 bytes, startup_stm32f10x_hd.o(.text))
<BR>[Address Reference Count : 1]<UL><LI> startup_stm32f10x_hd.o(RESET)
</UL>
<P><STRONG><a name="[1a]"></a>DMA1_Channel6_IRQHandler</STRONG> (Thumb, 0 bytes, Stack size 0 bytes, startup_stm32f10x_hd.o(.text))
<BR>[Address Reference Count : 1]<UL><LI> startup_stm32f10x_hd.o(RESET)
</UL>
<P><STRONG><a name="[1b]"></a>DMA1_Channel7_IRQHandler</STRONG> (Thumb, 0 bytes, Stack size 0 bytes, startup_stm32f10x_hd.o(.text))
<BR>[Address Reference Count : 1]<UL><LI> startup_stm32f10x_hd.o(RESET)
</UL>
<P><STRONG><a name="[42]"></a>DMA2_Channel1_IRQHandler</STRONG> (Thumb, 0 bytes, Stack size 0 bytes, startup_stm32f10x_hd.o(.text))
<BR>[Address Reference Count : 1]<UL><LI> startup_stm32f10x_hd.o(RESET)
</UL>
<P><STRONG><a name="[43]"></a>DMA2_Channel2_IRQHandler</STRONG> (Thumb, 0 bytes, Stack size 0 bytes, startup_stm32f10x_hd.o(.text))
<BR>[Address Reference Count : 1]<UL><LI> startup_stm32f10x_hd.o(RESET)
</UL>
<P><STRONG><a name="[44]"></a>DMA2_Channel3_IRQHandler</STRONG> (Thumb, 0 bytes, Stack size 0 bytes, startup_stm32f10x_hd.o(.text))
<BR>[Address Reference Count : 1]<UL><LI> startup_stm32f10x_hd.o(RESET)
</UL>
<P><STRONG><a name="[45]"></a>DMA2_Channel4_5_IRQHandler</STRONG> (Thumb, 0 bytes, Stack size 0 bytes, startup_stm32f10x_hd.o(.text))
<BR>[Address Reference Count : 1]<UL><LI> startup_stm32f10x_hd.o(RESET)
</UL>
<P><STRONG><a name="[10]"></a>EXTI0_IRQHandler</STRONG> (Thumb, 0 bytes, Stack size 0 bytes, startup_stm32f10x_hd.o(.text))
<BR>[Address Reference Count : 1]<UL><LI> startup_stm32f10x_hd.o(RESET)
</UL>
<P><STRONG><a name="[32]"></a>EXTI15_10_IRQHandler</STRONG> (Thumb, 0 bytes, Stack size 0 bytes, startup_stm32f10x_hd.o(.text))
<BR>[Address Reference Count : 1]<UL><LI> startup_stm32f10x_hd.o(RESET)
</UL>
<P><STRONG><a name="[11]"></a>EXTI1_IRQHandler</STRONG> (Thumb, 0 bytes, Stack size 0 bytes, startup_stm32f10x_hd.o(.text))
<BR>[Address Reference Count : 1]<UL><LI> startup_stm32f10x_hd.o(RESET)
</UL>
<P><STRONG><a name="[12]"></a>EXTI2_IRQHandler</STRONG> (Thumb, 0 bytes, Stack size 0 bytes, startup_stm32f10x_hd.o(.text))
<BR>[Address Reference Count : 1]<UL><LI> startup_stm32f10x_hd.o(RESET)
</UL>
<P><STRONG><a name="[13]"></a>EXTI3_IRQHandler</STRONG> (Thumb, 0 bytes, Stack size 0 bytes, startup_stm32f10x_hd.o(.text))
<BR>[Address Reference Count : 1]<UL><LI> startup_stm32f10x_hd.o(RESET)
</UL>
<P><STRONG><a name="[14]"></a>EXTI4_IRQHandler</STRONG> (Thumb, 0 bytes, Stack size 0 bytes, startup_stm32f10x_hd.o(.text))
<BR>[Address Reference Count : 1]<UL><LI> startup_stm32f10x_hd.o(RESET)
</UL>
<P><STRONG><a name="[21]"></a>EXTI9_5_IRQHandler</STRONG> (Thumb, 0 bytes, Stack size 0 bytes, startup_stm32f10x_hd.o(.text))
<BR>[Address Reference Count : 1]<UL><LI> startup_stm32f10x_hd.o(RESET)
</UL>
<P><STRONG><a name="[e]"></a>FLASH_IRQHandler</STRONG> (Thumb, 0 bytes, Stack size 0 bytes, startup_stm32f10x_hd.o(.text))
<BR>[Address Reference Count : 1]<UL><LI> startup_stm32f10x_hd.o(RESET)
</UL>
<P><STRONG><a name="[3a]"></a>FSMC_IRQHandler</STRONG> (Thumb, 0 bytes, Stack size 0 bytes, startup_stm32f10x_hd.o(.text))
<BR>[Address Reference Count : 1]<UL><LI> startup_stm32f10x_hd.o(RESET)
</UL>
<P><STRONG><a name="[2a]"></a>I2C1_ER_IRQHandler</STRONG> (Thumb, 0 bytes, Stack size 0 bytes, startup_stm32f10x_hd.o(.text))
<BR>[Address Reference Count : 1]<UL><LI> startup_stm32f10x_hd.o(RESET)
</UL>
<P><STRONG><a name="[29]"></a>I2C1_EV_IRQHandler</STRONG> (Thumb, 0 bytes, Stack size 0 bytes, startup_stm32f10x_hd.o(.text))
<BR>[Address Reference Count : 1]<UL><LI> startup_stm32f10x_hd.o(RESET)
</UL>
<P><STRONG><a name="[2c]"></a>I2C2_ER_IRQHandler</STRONG> (Thumb, 0 bytes, Stack size 0 bytes, startup_stm32f10x_hd.o(.text))
<BR>[Address Reference Count : 1]<UL><LI> startup_stm32f10x_hd.o(RESET)
</UL>
<P><STRONG><a name="[2b]"></a>I2C2_EV_IRQHandler</STRONG> (Thumb, 0 bytes, Stack size 0 bytes, startup_stm32f10x_hd.o(.text))
<BR>[Address Reference Count : 1]<UL><LI> startup_stm32f10x_hd.o(RESET)
</UL>
<P><STRONG><a name="[b]"></a>PVD_IRQHandler</STRONG> (Thumb, 0 bytes, Stack size 0 bytes, startup_stm32f10x_hd.o(.text))
<BR>[Address Reference Count : 1]<UL><LI> startup_stm32f10x_hd.o(RESET)
</UL>
<P><STRONG><a name="[f]"></a>RCC_IRQHandler</STRONG> (Thumb, 0 bytes, Stack size 0 bytes, startup_stm32f10x_hd.o(.text))
<BR>[Address Reference Count : 1]<UL><LI> startup_stm32f10x_hd.o(RESET)
</UL>
<P><STRONG><a name="[33]"></a>RTCAlarm_IRQHandler</STRONG> (Thumb, 0 bytes, Stack size 0 bytes, startup_stm32f10x_hd.o(.text))
<BR>[Address Reference Count : 1]<UL><LI> startup_stm32f10x_hd.o(RESET)
</UL>
<P><STRONG><a name="[d]"></a>RTC_IRQHandler</STRONG> (Thumb, 0 bytes, Stack size 0 bytes, startup_stm32f10x_hd.o(.text))
<BR>[Address Reference Count : 1]<UL><LI> startup_stm32f10x_hd.o(RESET)
</UL>
<P><STRONG><a name="[3b]"></a>SDIO_IRQHandler</STRONG> (Thumb, 0 bytes, Stack size 0 bytes, startup_stm32f10x_hd.o(.text))
<BR>[Address Reference Count : 1]<UL><LI> startup_stm32f10x_hd.o(RESET)
</UL>
<P><STRONG><a name="[2d]"></a>SPI1_IRQHandler</STRONG> (Thumb, 0 bytes, Stack size 0 bytes, startup_stm32f10x_hd.o(.text))
<BR>[Address Reference Count : 1]<UL><LI> startup_stm32f10x_hd.o(RESET)
</UL>
<P><STRONG><a name="[2e]"></a>SPI2_IRQHandler</STRONG> (Thumb, 0 bytes, Stack size 0 bytes, startup_stm32f10x_hd.o(.text))
<BR>[Address Reference Count : 1]<UL><LI> startup_stm32f10x_hd.o(RESET)
</UL>
<P><STRONG><a name="[3d]"></a>SPI3_IRQHandler</STRONG> (Thumb, 0 bytes, Stack size 0 bytes, startup_stm32f10x_hd.o(.text))
<BR>[Address Reference Count : 1]<UL><LI> startup_stm32f10x_hd.o(RESET)
</UL>
<P><STRONG><a name="[c]"></a>TAMPER_IRQHandler</STRONG> (Thumb, 0 bytes, Stack size 0 bytes, startup_stm32f10x_hd.o(.text))
<BR>[Address Reference Count : 1]<UL><LI> startup_stm32f10x_hd.o(RESET)
</UL>
<P><STRONG><a name="[22]"></a>TIM1_BRK_IRQHandler</STRONG> (Thumb, 0 bytes, Stack size 0 bytes, startup_stm32f10x_hd.o(.text))
<BR>[Address Reference Count : 1]<UL><LI> startup_stm32f10x_hd.o(RESET)
</UL>
<P><STRONG><a name="[25]"></a>TIM1_CC_IRQHandler</STRONG> (Thumb, 0 bytes, Stack size 0 bytes, startup_stm32f10x_hd.o(.text))
<BR>[Address Reference Count : 1]<UL><LI> startup_stm32f10x_hd.o(RESET)
</UL>
<P><STRONG><a name="[24]"></a>TIM1_TRG_COM_IRQHandler</STRONG> (Thumb, 0 bytes, Stack size 0 bytes, startup_stm32f10x_hd.o(.text))
<BR>[Address Reference Count : 1]<UL><LI> startup_stm32f10x_hd.o(RESET)
</UL>
<P><STRONG><a name="[23]"></a>TIM1_UP_IRQHandler</STRONG> (Thumb, 0 bytes, Stack size 0 bytes, startup_stm32f10x_hd.o(.text))
<BR>[Address Reference Count : 1]<UL><LI> startup_stm32f10x_hd.o(RESET)
</UL>
<P><STRONG><a name="[41]"></a>TIM7_IRQHandler</STRONG> (Thumb, 0 bytes, Stack size 0 bytes, startup_stm32f10x_hd.o(.text))
<BR>[Address Reference Count : 1]<UL><LI> startup_stm32f10x_hd.o(RESET)
</UL>
<P><STRONG><a name="[35]"></a>TIM8_BRK_IRQHandler</STRONG> (Thumb, 0 bytes, Stack size 0 bytes, startup_stm32f10x_hd.o(.text))
<BR>[Address Reference Count : 1]<UL><LI> startup_stm32f10x_hd.o(RESET)
</UL>
<P><STRONG><a name="[38]"></a>TIM8_CC_IRQHandler</STRONG> (Thumb, 0 bytes, Stack size 0 bytes, startup_stm32f10x_hd.o(.text))
<BR>[Address Reference Count : 1]<UL><LI> startup_stm32f10x_hd.o(RESET)
</UL>
<P><STRONG><a name="[37]"></a>TIM8_TRG_COM_IRQHandler</STRONG> (Thumb, 0 bytes, Stack size 0 bytes, startup_stm32f10x_hd.o(.text))
<BR>[Address Reference Count : 1]<UL><LI> startup_stm32f10x_hd.o(RESET)
</UL>
<P><STRONG><a name="[36]"></a>TIM8_UP_IRQHandler</STRONG> (Thumb, 0 bytes, Stack size 0 bytes, startup_stm32f10x_hd.o(.text))
<BR>[Address Reference Count : 1]<UL><LI> startup_stm32f10x_hd.o(RESET)
</UL>
<P><STRONG><a name="[34]"></a>USBWakeUp_IRQHandler</STRONG> (Thumb, 0 bytes, Stack size 0 bytes, startup_stm32f10x_hd.o(.text))
<BR>[Address Reference Count : 1]<UL><LI> startup_stm32f10x_hd.o(RESET)
</UL>
<P><STRONG><a name="[1d]"></a>USB_HP_CAN1_TX_IRQHandler</STRONG> (Thumb, 0 bytes, Stack size 0 bytes, startup_stm32f10x_hd.o(.text))
<BR>[Address Reference Count : 1]<UL><LI> startup_stm32f10x_hd.o(RESET)
</UL>
<P><STRONG><a name="[1e]"></a>USB_LP_CAN1_RX0_IRQHandler</STRONG> (Thumb, 0 bytes, Stack size 0 bytes, startup_stm32f10x_hd.o(.text))
<BR>[Address Reference Count : 1]<UL><LI> startup_stm32f10x_hd.o(RESET)
</UL>
<P><STRONG><a name="[a]"></a>WWDG_IRQHandler</STRONG> (Thumb, 0 bytes, Stack size 0 bytes, startup_stm32f10x_hd.o(.text))
<BR>[Address Reference Count : 1]<UL><LI> startup_stm32f10x_hd.o(RESET)
</UL>
<P><STRONG><a name="[47]"></a>SystemInit</STRONG> (Thumb, 64 bytes, Stack size 8 bytes, system_stm32f10x.o(.text))
<BR><BR>[Stack]<UL><LI>Max Depth = 20<LI>Call Chain = SystemInit &rArr; SetSysClockTo72
</UL>
<BR>[Calls]<UL><LI><a href="#[53]">&gt;&gt;</a>&nbsp;&nbsp;&nbsp;SetSysClockTo72
</UL>
<BR>[Address Reference Count : 1]<UL><LI> startup_stm32f10x_hd.o(.text)
</UL>
<P><STRONG><a name="[1bf]"></a>SystemCoreClockUpdate</STRONG> (Thumb, 86 bytes, Stack size 8 bytes, system_stm32f10x.o(.text), UNUSED)

<P><STRONG><a name="[79]"></a>NVIC_PriorityGroupConfig</STRONG> (Thumb, 10 bytes, Stack size 0 bytes, misc.o(.text))
<BR><BR>[Called By]<UL><LI><a href="#[46]">&gt;&gt;</a>&nbsp;&nbsp;&nbsp;main
</UL>

<P><STRONG><a name="[d9]"></a>NVIC_Init</STRONG> (Thumb, 94 bytes, Stack size 12 bytes, misc.o(.text))
<BR><BR>[Stack]<UL><LI>Max Depth = 12<LI>Call Chain = NVIC_Init
</UL>
<BR>[Called By]<UL><LI><a href="#[7a]">&gt;&gt;</a>&nbsp;&nbsp;&nbsp;USART_Config
<LI><a href="#[86]">&gt;&gt;</a>&nbsp;&nbsp;&nbsp;PID_BasicTim_Init
<LI><a href="#[fe]">&gt;&gt;</a>&nbsp;&nbsp;&nbsp;TIM5_NVIC_Config
<LI><a href="#[fd]">&gt;&gt;</a>&nbsp;&nbsp;&nbsp;TIM4_NVIC_Config
<LI><a href="#[fc]">&gt;&gt;</a>&nbsp;&nbsp;&nbsp;TIM3_NVIC_Config
<LI><a href="#[f3]">&gt;&gt;</a>&nbsp;&nbsp;&nbsp;TIM2_NVIC_Config
<LI><a href="#[f0]">&gt;&gt;</a>&nbsp;&nbsp;&nbsp;USART2_NVIC_Config
<LI><a href="#[ee]">&gt;&gt;</a>&nbsp;&nbsp;&nbsp;USART5_NVIC_Config
<LI><a href="#[d8]">&gt;&gt;</a>&nbsp;&nbsp;&nbsp;USART3_NVIC_Config
</UL>

<P><STRONG><a name="[1c0]"></a>NVIC_SetVectorTable</STRONG> (Thumb, 14 bytes, Stack size 0 bytes, misc.o(.text), UNUSED)

<P><STRONG><a name="[1c1]"></a>NVIC_SystemLPConfig</STRONG> (Thumb, 20 bytes, Stack size 0 bytes, misc.o(.text), UNUSED)

<P><STRONG><a name="[1c2]"></a>SysTick_CLKSourceConfig</STRONG> (Thumb, 24 bytes, Stack size 0 bytes, misc.o(.text), UNUSED)

<P><STRONG><a name="[dc]"></a>DMA_DeInit</STRONG> (Thumb, 218 bytes, Stack size 0 bytes, stm32f10x_dma.o(.text))
<BR><BR>[Called By]<UL><LI><a href="#[e8]">&gt;&gt;</a>&nbsp;&nbsp;&nbsp;USART1_DMA_Config
<LI><a href="#[da]">&gt;&gt;</a>&nbsp;&nbsp;&nbsp;USART3_DMA_Config
</UL>

<P><STRONG><a name="[dd]"></a>DMA_Init</STRONG> (Thumb, 58 bytes, Stack size 12 bytes, stm32f10x_dma.o(.text))
<BR><BR>[Stack]<UL><LI>Max Depth = 12<LI>Call Chain = DMA_Init
</UL>
<BR>[Called By]<UL><LI><a href="#[e8]">&gt;&gt;</a>&nbsp;&nbsp;&nbsp;USART1_DMA_Config
<LI><a href="#[da]">&gt;&gt;</a>&nbsp;&nbsp;&nbsp;USART3_DMA_Config
</UL>

<P><STRONG><a name="[1c3]"></a>DMA_StructInit</STRONG> (Thumb, 26 bytes, Stack size 0 bytes, stm32f10x_dma.o(.text), UNUSED)

<P><STRONG><a name="[99]"></a>DMA_Cmd</STRONG> (Thumb, 22 bytes, Stack size 0 bytes, stm32f10x_dma.o(.text))
<BR><BR>[Called By]<UL><LI><a href="#[31]">&gt;&gt;</a>&nbsp;&nbsp;&nbsp;USART3_IRQHandler
<LI><a href="#[e8]">&gt;&gt;</a>&nbsp;&nbsp;&nbsp;USART1_DMA_Config
<LI><a href="#[da]">&gt;&gt;</a>&nbsp;&nbsp;&nbsp;USART3_DMA_Config
</UL>

<P><STRONG><a name="[1c4]"></a>DMA_ITConfig</STRONG> (Thumb, 16 bytes, Stack size 0 bytes, stm32f10x_dma.o(.text), UNUSED)

<P><STRONG><a name="[1c5]"></a>DMA_SetCurrDataCounter</STRONG> (Thumb, 4 bytes, Stack size 0 bytes, stm32f10x_dma.o(.text), UNUSED)

<P><STRONG><a name="[1c6]"></a>DMA_GetCurrDataCounter</STRONG> (Thumb, 6 bytes, Stack size 0 bytes, stm32f10x_dma.o(.text), UNUSED)

<P><STRONG><a name="[1c7]"></a>DMA_GetFlagStatus</STRONG> (Thumb, 28 bytes, Stack size 0 bytes, stm32f10x_dma.o(.text), UNUSED)

<P><STRONG><a name="[1c8]"></a>DMA_ClearFlag</STRONG> (Thumb, 20 bytes, Stack size 0 bytes, stm32f10x_dma.o(.text), UNUSED)

<P><STRONG><a name="[1c9]"></a>DMA_GetITStatus</STRONG> (Thumb, 28 bytes, Stack size 0 bytes, stm32f10x_dma.o(.text), UNUSED)

<P><STRONG><a name="[1ca]"></a>DMA_ClearITPendingBit</STRONG> (Thumb, 20 bytes, Stack size 0 bytes, stm32f10x_dma.o(.text), UNUSED)

<P><STRONG><a name="[54]"></a>GPIO_DeInit</STRONG> (Thumb, 152 bytes, Stack size 8 bytes, stm32f10x_gpio.o(.text), UNUSED)
<BR><BR>[Calls]<UL><LI><a href="#[55]">&gt;&gt;</a>&nbsp;&nbsp;&nbsp;RCC_APB2PeriphResetCmd
</UL>

<P><STRONG><a name="[56]"></a>GPIO_AFIODeInit</STRONG> (Thumb, 22 bytes, Stack size 8 bytes, stm32f10x_gpio.o(.text), UNUSED)
<BR><BR>[Calls]<UL><LI><a href="#[55]">&gt;&gt;</a>&nbsp;&nbsp;&nbsp;RCC_APB2PeriphResetCmd
</UL>

<P><STRONG><a name="[e0]"></a>GPIO_Init</STRONG> (Thumb, 156 bytes, Stack size 20 bytes, stm32f10x_gpio.o(.text))
<BR><BR>[Stack]<UL><LI>Max Depth = 20<LI>Call Chain = GPIO_Init
</UL>
<BR>[Called By]<UL><LI><a href="#[82]">&gt;&gt;</a>&nbsp;&nbsp;&nbsp;vl53l1x_init
<LI><a href="#[7a]">&gt;&gt;</a>&nbsp;&nbsp;&nbsp;USART_Config
<LI><a href="#[83]">&gt;&gt;</a>&nbsp;&nbsp;&nbsp;USART4_Config
<LI><a href="#[7c]">&gt;&gt;</a>&nbsp;&nbsp;&nbsp;TIM8_PWM_init
<LI><a href="#[80]">&gt;&gt;</a>&nbsp;&nbsp;&nbsp;Encoder_Init_TIM5
<LI><a href="#[7f]">&gt;&gt;</a>&nbsp;&nbsp;&nbsp;Encoder_Init_TIM4
<LI><a href="#[7e]">&gt;&gt;</a>&nbsp;&nbsp;&nbsp;Encoder_Init_TIM3
<LI><a href="#[7d]">&gt;&gt;</a>&nbsp;&nbsp;&nbsp;Encoder_Init_TIM2
<LI><a href="#[142]">&gt;&gt;</a>&nbsp;&nbsp;&nbsp;key_Config
<LI><a href="#[ff]">&gt;&gt;</a>&nbsp;&nbsp;&nbsp;TIM1_PWM_init
<LI><a href="#[f1]">&gt;&gt;</a>&nbsp;&nbsp;&nbsp;openMV_uart2_init
<LI><a href="#[ef]">&gt;&gt;</a>&nbsp;&nbsp;&nbsp;openMV_uart_init
<LI><a href="#[de]">&gt;&gt;</a>&nbsp;&nbsp;&nbsp;HWT101CT_uart_init
</UL>

<P><STRONG><a name="[1cb]"></a>GPIO_StructInit</STRONG> (Thumb, 16 bytes, Stack size 0 bytes, stm32f10x_gpio.o(.text), UNUSED)

<P><STRONG><a name="[70]"></a>GPIO_ReadInputDataBit</STRONG> (Thumb, 14 bytes, Stack size 0 bytes, stm32f10x_gpio.o(.text))
<BR><BR>[Called By]<UL><LI><a href="#[89]">&gt;&gt;</a>&nbsp;&nbsp;&nbsp;read_dis2
<LI><a href="#[73]">&gt;&gt;</a>&nbsp;&nbsp;&nbsp;read_dis1
<LI><a href="#[93]">&gt;&gt;</a>&nbsp;&nbsp;&nbsp;jieti2221
<LI><a href="#[92]">&gt;&gt;</a>&nbsp;&nbsp;&nbsp;jieti222
<LI><a href="#[8d]">&gt;&gt;</a>&nbsp;&nbsp;&nbsp;LiZhuang
<LI><a href="#[8c]">&gt;&gt;</a>&nbsp;&nbsp;&nbsp;WareHouse
<LI><a href="#[8a]">&gt;&gt;</a>&nbsp;&nbsp;&nbsp;lizhuang222
<LI><a href="#[46]">&gt;&gt;</a>&nbsp;&nbsp;&nbsp;main
<LI><a href="#[6f]">&gt;&gt;</a>&nbsp;&nbsp;&nbsp;lizhuang2221
<LI><a href="#[13a]">&gt;&gt;</a>&nbsp;&nbsp;&nbsp;read_dis3
</UL>

<P><STRONG><a name="[1cc]"></a>GPIO_ReadInputData</STRONG> (Thumb, 6 bytes, Stack size 0 bytes, stm32f10x_gpio.o(.text), UNUSED)

<P><STRONG><a name="[1cd]"></a>GPIO_ReadOutputDataBit</STRONG> (Thumb, 14 bytes, Stack size 0 bytes, stm32f10x_gpio.o(.text), UNUSED)

<P><STRONG><a name="[1ce]"></a>GPIO_ReadOutputData</STRONG> (Thumb, 6 bytes, Stack size 0 bytes, stm32f10x_gpio.o(.text), UNUSED)

<P><STRONG><a name="[132]"></a>GPIO_SetBits</STRONG> (Thumb, 4 bytes, Stack size 0 bytes, stm32f10x_gpio.o(.text))
<BR><BR>[Called By]<UL><LI><a href="#[124]">&gt;&gt;</a>&nbsp;&nbsp;&nbsp;motor_control
</UL>

<P><STRONG><a name="[133]"></a>GPIO_ResetBits</STRONG> (Thumb, 4 bytes, Stack size 0 bytes, stm32f10x_gpio.o(.text))
<BR><BR>[Called By]<UL><LI><a href="#[124]">&gt;&gt;</a>&nbsp;&nbsp;&nbsp;motor_control
</UL>

<P><STRONG><a name="[1cf]"></a>GPIO_WriteBit</STRONG> (Thumb, 10 bytes, Stack size 0 bytes, stm32f10x_gpio.o(.text), UNUSED)

<P><STRONG><a name="[1d0]"></a>GPIO_Write</STRONG> (Thumb, 4 bytes, Stack size 0 bytes, stm32f10x_gpio.o(.text), UNUSED)

<P><STRONG><a name="[1d1]"></a>GPIO_PinLockConfig</STRONG> (Thumb, 16 bytes, Stack size 0 bytes, stm32f10x_gpio.o(.text), UNUSED)

<P><STRONG><a name="[1d2]"></a>GPIO_EventOutputConfig</STRONG> (Thumb, 22 bytes, Stack size 8 bytes, stm32f10x_gpio.o(.text), UNUSED)

<P><STRONG><a name="[1d3]"></a>GPIO_EventOutputCmd</STRONG> (Thumb, 6 bytes, Stack size 0 bytes, stm32f10x_gpio.o(.text), UNUSED)

<P><STRONG><a name="[e1]"></a>GPIO_PinRemapConfig</STRONG> (Thumb, 82 bytes, Stack size 20 bytes, stm32f10x_gpio.o(.text))
<BR><BR>[Stack]<UL><LI>Max Depth = 20<LI>Call Chain = GPIO_PinRemapConfig
</UL>
<BR>[Called By]<UL><LI><a href="#[7e]">&gt;&gt;</a>&nbsp;&nbsp;&nbsp;Encoder_Init_TIM3
<LI><a href="#[7d]">&gt;&gt;</a>&nbsp;&nbsp;&nbsp;Encoder_Init_TIM2
<LI><a href="#[ff]">&gt;&gt;</a>&nbsp;&nbsp;&nbsp;TIM1_PWM_init
<LI><a href="#[de]">&gt;&gt;</a>&nbsp;&nbsp;&nbsp;HWT101CT_uart_init
</UL>

<P><STRONG><a name="[1d4]"></a>GPIO_EXTILineConfig</STRONG> (Thumb, 34 bytes, Stack size 8 bytes, stm32f10x_gpio.o(.text), UNUSED)

<P><STRONG><a name="[1d5]"></a>GPIO_ETH_MediaInterfaceConfig</STRONG> (Thumb, 8 bytes, Stack size 0 bytes, stm32f10x_gpio.o(.text), UNUSED)

<P><STRONG><a name="[1d6]"></a>RCC_DeInit</STRONG> (Thumb, 50 bytes, Stack size 0 bytes, stm32f10x_rcc.o(.text), UNUSED)

<P><STRONG><a name="[1d7]"></a>RCC_HSEConfig</STRONG> (Thumb, 48 bytes, Stack size 0 bytes, stm32f10x_rcc.o(.text), UNUSED)

<P><STRONG><a name="[58]"></a>RCC_GetFlagStatus</STRONG> (Thumb, 42 bytes, Stack size 0 bytes, stm32f10x_rcc.o(.text), UNUSED)
<BR><BR>[Called By]<UL><LI><a href="#[57]">&gt;&gt;</a>&nbsp;&nbsp;&nbsp;RCC_WaitForHSEStartUp
</UL>

<P><STRONG><a name="[57]"></a>RCC_WaitForHSEStartUp</STRONG> (Thumb, 44 bytes, Stack size 12 bytes, stm32f10x_rcc.o(.text), UNUSED)
<BR><BR>[Calls]<UL><LI><a href="#[58]">&gt;&gt;</a>&nbsp;&nbsp;&nbsp;RCC_GetFlagStatus
</UL>

<P><STRONG><a name="[1d8]"></a>RCC_AdjustHSICalibrationValue</STRONG> (Thumb, 16 bytes, Stack size 0 bytes, stm32f10x_rcc.o(.text), UNUSED)

<P><STRONG><a name="[1d9]"></a>RCC_HSICmd</STRONG> (Thumb, 6 bytes, Stack size 0 bytes, stm32f10x_rcc.o(.text), UNUSED)

<P><STRONG><a name="[1da]"></a>RCC_PLLConfig</STRONG> (Thumb, 16 bytes, Stack size 0 bytes, stm32f10x_rcc.o(.text), UNUSED)

<P><STRONG><a name="[1db]"></a>RCC_PLLCmd</STRONG> (Thumb, 6 bytes, Stack size 0 bytes, stm32f10x_rcc.o(.text), UNUSED)

<P><STRONG><a name="[1dc]"></a>RCC_SYSCLKConfig</STRONG> (Thumb, 14 bytes, Stack size 0 bytes, stm32f10x_rcc.o(.text), UNUSED)

<P><STRONG><a name="[1dd]"></a>RCC_GetSYSCLKSource</STRONG> (Thumb, 10 bytes, Stack size 0 bytes, stm32f10x_rcc.o(.text), UNUSED)

<P><STRONG><a name="[1de]"></a>RCC_HCLKConfig</STRONG> (Thumb, 14 bytes, Stack size 0 bytes, stm32f10x_rcc.o(.text), UNUSED)

<P><STRONG><a name="[1df]"></a>RCC_PCLK1Config</STRONG> (Thumb, 14 bytes, Stack size 0 bytes, stm32f10x_rcc.o(.text), UNUSED)

<P><STRONG><a name="[1e0]"></a>RCC_PCLK2Config</STRONG> (Thumb, 16 bytes, Stack size 0 bytes, stm32f10x_rcc.o(.text), UNUSED)

<P><STRONG><a name="[1e1]"></a>RCC_ITConfig</STRONG> (Thumb, 18 bytes, Stack size 0 bytes, stm32f10x_rcc.o(.text), UNUSED)

<P><STRONG><a name="[1e2]"></a>RCC_USBCLKConfig</STRONG> (Thumb, 8 bytes, Stack size 0 bytes, stm32f10x_rcc.o(.text), UNUSED)

<P><STRONG><a name="[1e3]"></a>RCC_ADCCLKConfig</STRONG> (Thumb, 14 bytes, Stack size 0 bytes, stm32f10x_rcc.o(.text), UNUSED)

<P><STRONG><a name="[1e4]"></a>RCC_LSEConfig</STRONG> (Thumb, 28 bytes, Stack size 0 bytes, stm32f10x_rcc.o(.text), UNUSED)

<P><STRONG><a name="[1e5]"></a>RCC_LSICmd</STRONG> (Thumb, 6 bytes, Stack size 0 bytes, stm32f10x_rcc.o(.text), UNUSED)

<P><STRONG><a name="[1e6]"></a>RCC_RTCCLKConfig</STRONG> (Thumb, 10 bytes, Stack size 0 bytes, stm32f10x_rcc.o(.text), UNUSED)

<P><STRONG><a name="[1e7]"></a>RCC_RTCCLKCmd</STRONG> (Thumb, 8 bytes, Stack size 0 bytes, stm32f10x_rcc.o(.text), UNUSED)

<P><STRONG><a name="[6b]"></a>RCC_GetClocksFreq</STRONG> (Thumb, 132 bytes, Stack size 12 bytes, stm32f10x_rcc.o(.text))
<BR><BR>[Stack]<UL><LI>Max Depth = 12<LI>Call Chain = RCC_GetClocksFreq
</UL>
<BR>[Called By]<UL><LI><a href="#[6a]">&gt;&gt;</a>&nbsp;&nbsp;&nbsp;USART_Init
</UL>

<P><STRONG><a name="[db]"></a>RCC_AHBPeriphClockCmd</STRONG> (Thumb, 18 bytes, Stack size 0 bytes, stm32f10x_rcc.o(.text))
<BR><BR>[Called By]<UL><LI><a href="#[e8]">&gt;&gt;</a>&nbsp;&nbsp;&nbsp;USART1_DMA_Config
<LI><a href="#[da]">&gt;&gt;</a>&nbsp;&nbsp;&nbsp;USART3_DMA_Config
</UL>

<P><STRONG><a name="[df]"></a>RCC_APB2PeriphClockCmd</STRONG> (Thumb, 18 bytes, Stack size 0 bytes, stm32f10x_rcc.o(.text))
<BR><BR>[Called By]<UL><LI><a href="#[82]">&gt;&gt;</a>&nbsp;&nbsp;&nbsp;vl53l1x_init
<LI><a href="#[7a]">&gt;&gt;</a>&nbsp;&nbsp;&nbsp;USART_Config
<LI><a href="#[83]">&gt;&gt;</a>&nbsp;&nbsp;&nbsp;USART4_Config
<LI><a href="#[7c]">&gt;&gt;</a>&nbsp;&nbsp;&nbsp;TIM8_PWM_init
<LI><a href="#[80]">&gt;&gt;</a>&nbsp;&nbsp;&nbsp;Encoder_Init_TIM5
<LI><a href="#[7f]">&gt;&gt;</a>&nbsp;&nbsp;&nbsp;Encoder_Init_TIM4
<LI><a href="#[7e]">&gt;&gt;</a>&nbsp;&nbsp;&nbsp;Encoder_Init_TIM3
<LI><a href="#[7d]">&gt;&gt;</a>&nbsp;&nbsp;&nbsp;Encoder_Init_TIM2
<LI><a href="#[142]">&gt;&gt;</a>&nbsp;&nbsp;&nbsp;key_Config
<LI><a href="#[ff]">&gt;&gt;</a>&nbsp;&nbsp;&nbsp;TIM1_PWM_init
<LI><a href="#[f1]">&gt;&gt;</a>&nbsp;&nbsp;&nbsp;openMV_uart2_init
<LI><a href="#[ef]">&gt;&gt;</a>&nbsp;&nbsp;&nbsp;openMV_uart_init
<LI><a href="#[de]">&gt;&gt;</a>&nbsp;&nbsp;&nbsp;HWT101CT_uart_init
</UL>

<P><STRONG><a name="[e2]"></a>RCC_APB1PeriphClockCmd</STRONG> (Thumb, 18 bytes, Stack size 0 bytes, stm32f10x_rcc.o(.text))
<BR><BR>[Called By]<UL><LI><a href="#[82]">&gt;&gt;</a>&nbsp;&nbsp;&nbsp;vl53l1x_init
<LI><a href="#[83]">&gt;&gt;</a>&nbsp;&nbsp;&nbsp;USART4_Config
<LI><a href="#[86]">&gt;&gt;</a>&nbsp;&nbsp;&nbsp;PID_BasicTim_Init
<LI><a href="#[80]">&gt;&gt;</a>&nbsp;&nbsp;&nbsp;Encoder_Init_TIM5
<LI><a href="#[7f]">&gt;&gt;</a>&nbsp;&nbsp;&nbsp;Encoder_Init_TIM4
<LI><a href="#[7e]">&gt;&gt;</a>&nbsp;&nbsp;&nbsp;Encoder_Init_TIM3
<LI><a href="#[7d]">&gt;&gt;</a>&nbsp;&nbsp;&nbsp;Encoder_Init_TIM2
<LI><a href="#[f1]">&gt;&gt;</a>&nbsp;&nbsp;&nbsp;openMV_uart2_init
<LI><a href="#[ef]">&gt;&gt;</a>&nbsp;&nbsp;&nbsp;openMV_uart_init
<LI><a href="#[de]">&gt;&gt;</a>&nbsp;&nbsp;&nbsp;HWT101CT_uart_init
</UL>

<P><STRONG><a name="[55]"></a>RCC_APB2PeriphResetCmd</STRONG> (Thumb, 18 bytes, Stack size 0 bytes, stm32f10x_rcc.o(.text))
<BR><BR>[Called By]<UL><LI><a href="#[69]">&gt;&gt;</a>&nbsp;&nbsp;&nbsp;USART_DeInit
<LI><a href="#[59]">&gt;&gt;</a>&nbsp;&nbsp;&nbsp;TIM_DeInit
<LI><a href="#[56]">&gt;&gt;</a>&nbsp;&nbsp;&nbsp;GPIO_AFIODeInit
<LI><a href="#[54]">&gt;&gt;</a>&nbsp;&nbsp;&nbsp;GPIO_DeInit
</UL>

<P><STRONG><a name="[5a]"></a>RCC_APB1PeriphResetCmd</STRONG> (Thumb, 18 bytes, Stack size 0 bytes, stm32f10x_rcc.o(.text))
<BR><BR>[Called By]<UL><LI><a href="#[69]">&gt;&gt;</a>&nbsp;&nbsp;&nbsp;USART_DeInit
<LI><a href="#[59]">&gt;&gt;</a>&nbsp;&nbsp;&nbsp;TIM_DeInit
</UL>

<P><STRONG><a name="[1e8]"></a>RCC_BackupResetCmd</STRONG> (Thumb, 8 bytes, Stack size 0 bytes, stm32f10x_rcc.o(.text), UNUSED)

<P><STRONG><a name="[1e9]"></a>RCC_ClockSecuritySystemCmd</STRONG> (Thumb, 6 bytes, Stack size 0 bytes, stm32f10x_rcc.o(.text), UNUSED)

<P><STRONG><a name="[1ea]"></a>RCC_MCOConfig</STRONG> (Thumb, 6 bytes, Stack size 0 bytes, stm32f10x_rcc.o(.text), UNUSED)

<P><STRONG><a name="[1eb]"></a>RCC_ClearFlag</STRONG> (Thumb, 12 bytes, Stack size 0 bytes, stm32f10x_rcc.o(.text), UNUSED)

<P><STRONG><a name="[1ec]"></a>RCC_GetITStatus</STRONG> (Thumb, 16 bytes, Stack size 0 bytes, stm32f10x_rcc.o(.text), UNUSED)

<P><STRONG><a name="[1ed]"></a>RCC_ClearITPendingBit</STRONG> (Thumb, 6 bytes, Stack size 0 bytes, stm32f10x_rcc.o(.text), UNUSED)

<P><STRONG><a name="[59]"></a>TIM_DeInit</STRONG> (Thumb, 304 bytes, Stack size 8 bytes, stm32f10x_tim.o(.text))
<BR><BR>[Stack]<UL><LI>Max Depth = 8<LI>Call Chain = TIM_DeInit
</UL>
<BR>[Calls]<UL><LI><a href="#[5a]">&gt;&gt;</a>&nbsp;&nbsp;&nbsp;RCC_APB1PeriphResetCmd
<LI><a href="#[55]">&gt;&gt;</a>&nbsp;&nbsp;&nbsp;RCC_APB2PeriphResetCmd
</UL>
<BR>[Called By]<UL><LI><a href="#[80]">&gt;&gt;</a>&nbsp;&nbsp;&nbsp;Encoder_Init_TIM5
<LI><a href="#[7f]">&gt;&gt;</a>&nbsp;&nbsp;&nbsp;Encoder_Init_TIM4
<LI><a href="#[7e]">&gt;&gt;</a>&nbsp;&nbsp;&nbsp;Encoder_Init_TIM3
<LI><a href="#[7d]">&gt;&gt;</a>&nbsp;&nbsp;&nbsp;Encoder_Init_TIM2
</UL>

<P><STRONG><a name="[f5]"></a>TIM_TimeBaseInit</STRONG> (Thumb, 114 bytes, Stack size 12 bytes, stm32f10x_tim.o(.text))
<BR><BR>[Stack]<UL><LI>Max Depth = 12<LI>Call Chain = TIM_TimeBaseInit
</UL>
<BR>[Called By]<UL><LI><a href="#[82]">&gt;&gt;</a>&nbsp;&nbsp;&nbsp;vl53l1x_init
<LI><a href="#[7c]">&gt;&gt;</a>&nbsp;&nbsp;&nbsp;TIM8_PWM_init
<LI><a href="#[86]">&gt;&gt;</a>&nbsp;&nbsp;&nbsp;PID_BasicTim_Init
<LI><a href="#[80]">&gt;&gt;</a>&nbsp;&nbsp;&nbsp;Encoder_Init_TIM5
<LI><a href="#[7f]">&gt;&gt;</a>&nbsp;&nbsp;&nbsp;Encoder_Init_TIM4
<LI><a href="#[7e]">&gt;&gt;</a>&nbsp;&nbsp;&nbsp;Encoder_Init_TIM3
<LI><a href="#[7d]">&gt;&gt;</a>&nbsp;&nbsp;&nbsp;Encoder_Init_TIM2
<LI><a href="#[ff]">&gt;&gt;</a>&nbsp;&nbsp;&nbsp;TIM1_PWM_init
</UL>

<P><STRONG><a name="[100]"></a>TIM_OC1Init</STRONG> (Thumb, 106 bytes, Stack size 12 bytes, stm32f10x_tim.o(.text))
<BR><BR>[Stack]<UL><LI>Max Depth = 12<LI>Call Chain = TIM_OC1Init
</UL>
<BR>[Called By]<UL><LI><a href="#[7c]">&gt;&gt;</a>&nbsp;&nbsp;&nbsp;TIM8_PWM_init
<LI><a href="#[ff]">&gt;&gt;</a>&nbsp;&nbsp;&nbsp;TIM1_PWM_init
</UL>

<P><STRONG><a name="[103]"></a>TIM_OC2Init</STRONG> (Thumb, 120 bytes, Stack size 16 bytes, stm32f10x_tim.o(.text))
<BR><BR>[Stack]<UL><LI>Max Depth = 16<LI>Call Chain = TIM_OC2Init
</UL>
<BR>[Called By]<UL><LI><a href="#[7c]">&gt;&gt;</a>&nbsp;&nbsp;&nbsp;TIM8_PWM_init
<LI><a href="#[ff]">&gt;&gt;</a>&nbsp;&nbsp;&nbsp;TIM1_PWM_init
</UL>

<P><STRONG><a name="[105]"></a>TIM_OC3Init</STRONG> (Thumb, 116 bytes, Stack size 16 bytes, stm32f10x_tim.o(.text))
<BR><BR>[Stack]<UL><LI>Max Depth = 16<LI>Call Chain = TIM_OC3Init
</UL>
<BR>[Called By]<UL><LI><a href="#[7c]">&gt;&gt;</a>&nbsp;&nbsp;&nbsp;TIM8_PWM_init
<LI><a href="#[ff]">&gt;&gt;</a>&nbsp;&nbsp;&nbsp;TIM1_PWM_init
</UL>

<P><STRONG><a name="[107]"></a>TIM_OC4Init</STRONG> (Thumb, 90 bytes, Stack size 16 bytes, stm32f10x_tim.o(.text))
<BR><BR>[Stack]<UL><LI>Max Depth = 16<LI>Call Chain = TIM_OC4Init
</UL>
<BR>[Called By]<UL><LI><a href="#[7c]">&gt;&gt;</a>&nbsp;&nbsp;&nbsp;TIM8_PWM_init
<LI><a href="#[ff]">&gt;&gt;</a>&nbsp;&nbsp;&nbsp;TIM1_PWM_init
</UL>

<P><STRONG><a name="[61]"></a>TIM_SetIC4Prescaler</STRONG> (Thumb, 24 bytes, Stack size 0 bytes, stm32f10x_tim.o(.text))
<BR><BR>[Called By]<UL><LI><a href="#[5b]">&gt;&gt;</a>&nbsp;&nbsp;&nbsp;TIM_ICInit
</UL>

<P><STRONG><a name="[60]"></a>TIM_SetIC3Prescaler</STRONG> (Thumb, 16 bytes, Stack size 0 bytes, stm32f10x_tim.o(.text))
<BR><BR>[Called By]<UL><LI><a href="#[5b]">&gt;&gt;</a>&nbsp;&nbsp;&nbsp;TIM_ICInit
</UL>

<P><STRONG><a name="[5f]"></a>TIM_SetIC2Prescaler</STRONG> (Thumb, 24 bytes, Stack size 0 bytes, stm32f10x_tim.o(.text))
<BR><BR>[Called By]<UL><LI><a href="#[62]">&gt;&gt;</a>&nbsp;&nbsp;&nbsp;TIM_PWMIConfig
<LI><a href="#[5b]">&gt;&gt;</a>&nbsp;&nbsp;&nbsp;TIM_ICInit
</UL>

<P><STRONG><a name="[5d]"></a>TIM_SetIC1Prescaler</STRONG> (Thumb, 16 bytes, Stack size 0 bytes, stm32f10x_tim.o(.text))
<BR><BR>[Called By]<UL><LI><a href="#[62]">&gt;&gt;</a>&nbsp;&nbsp;&nbsp;TIM_PWMIConfig
<LI><a href="#[5b]">&gt;&gt;</a>&nbsp;&nbsp;&nbsp;TIM_ICInit
</UL>

<P><STRONG><a name="[5b]"></a>TIM_ICInit</STRONG> (Thumb, 270 bytes, Stack size 40 bytes, stm32f10x_tim.o(.text))
<BR><BR>[Stack]<UL><LI>Max Depth = 60<LI>Call Chain = TIM_ICInit &rArr; TI2_Config
</UL>
<BR>[Calls]<UL><LI><a href="#[5d]">&gt;&gt;</a>&nbsp;&nbsp;&nbsp;TIM_SetIC1Prescaler
<LI><a href="#[5f]">&gt;&gt;</a>&nbsp;&nbsp;&nbsp;TIM_SetIC2Prescaler
<LI><a href="#[60]">&gt;&gt;</a>&nbsp;&nbsp;&nbsp;TIM_SetIC3Prescaler
<LI><a href="#[61]">&gt;&gt;</a>&nbsp;&nbsp;&nbsp;TIM_SetIC4Prescaler
<LI><a href="#[5c]">&gt;&gt;</a>&nbsp;&nbsp;&nbsp;TI1_Config
<LI><a href="#[5e]">&gt;&gt;</a>&nbsp;&nbsp;&nbsp;TI2_Config
</UL>
<BR>[Called By]<UL><LI><a href="#[80]">&gt;&gt;</a>&nbsp;&nbsp;&nbsp;Encoder_Init_TIM5
<LI><a href="#[7f]">&gt;&gt;</a>&nbsp;&nbsp;&nbsp;Encoder_Init_TIM4
<LI><a href="#[7e]">&gt;&gt;</a>&nbsp;&nbsp;&nbsp;Encoder_Init_TIM3
<LI><a href="#[7d]">&gt;&gt;</a>&nbsp;&nbsp;&nbsp;Encoder_Init_TIM2
</UL>

<P><STRONG><a name="[62]"></a>TIM_PWMIConfig</STRONG> (Thumb, 104 bytes, Stack size 24 bytes, stm32f10x_tim.o(.text), UNUSED)
<BR><BR>[Calls]<UL><LI><a href="#[5d]">&gt;&gt;</a>&nbsp;&nbsp;&nbsp;TIM_SetIC1Prescaler
<LI><a href="#[5f]">&gt;&gt;</a>&nbsp;&nbsp;&nbsp;TIM_SetIC2Prescaler
<LI><a href="#[5c]">&gt;&gt;</a>&nbsp;&nbsp;&nbsp;TI1_Config
<LI><a href="#[5e]">&gt;&gt;</a>&nbsp;&nbsp;&nbsp;TI2_Config
</UL>

<P><STRONG><a name="[1ee]"></a>TIM_BDTRConfig</STRONG> (Thumb, 34 bytes, Stack size 8 bytes, stm32f10x_tim.o(.text), UNUSED)

<P><STRONG><a name="[f4]"></a>TIM_TimeBaseStructInit</STRONG> (Thumb, 18 bytes, Stack size 0 bytes, stm32f10x_tim.o(.text))
<BR><BR>[Called By]<UL><LI><a href="#[80]">&gt;&gt;</a>&nbsp;&nbsp;&nbsp;Encoder_Init_TIM5
<LI><a href="#[7f]">&gt;&gt;</a>&nbsp;&nbsp;&nbsp;Encoder_Init_TIM4
<LI><a href="#[7e]">&gt;&gt;</a>&nbsp;&nbsp;&nbsp;Encoder_Init_TIM3
<LI><a href="#[7d]">&gt;&gt;</a>&nbsp;&nbsp;&nbsp;Encoder_Init_TIM2
</UL>

<P><STRONG><a name="[1ef]"></a>TIM_OCStructInit</STRONG> (Thumb, 20 bytes, Stack size 0 bytes, stm32f10x_tim.o(.text), UNUSED)

<P><STRONG><a name="[f7]"></a>TIM_ICStructInit</STRONG> (Thumb, 16 bytes, Stack size 0 bytes, stm32f10x_tim.o(.text))
<BR><BR>[Called By]<UL><LI><a href="#[80]">&gt;&gt;</a>&nbsp;&nbsp;&nbsp;Encoder_Init_TIM5
<LI><a href="#[7f]">&gt;&gt;</a>&nbsp;&nbsp;&nbsp;Encoder_Init_TIM4
<LI><a href="#[7e]">&gt;&gt;</a>&nbsp;&nbsp;&nbsp;Encoder_Init_TIM3
<LI><a href="#[7d]">&gt;&gt;</a>&nbsp;&nbsp;&nbsp;Encoder_Init_TIM2
</UL>

<P><STRONG><a name="[1f0]"></a>TIM_BDTRStructInit</STRONG> (Thumb, 18 bytes, Stack size 0 bytes, stm32f10x_tim.o(.text), UNUSED)

<P><STRONG><a name="[fb]"></a>TIM_Cmd</STRONG> (Thumb, 20 bytes, Stack size 0 bytes, stm32f10x_tim.o(.text))
<BR><BR>[Called By]<UL><LI><a href="#[82]">&gt;&gt;</a>&nbsp;&nbsp;&nbsp;vl53l1x_init
<LI><a href="#[7c]">&gt;&gt;</a>&nbsp;&nbsp;&nbsp;TIM8_PWM_init
<LI><a href="#[86]">&gt;&gt;</a>&nbsp;&nbsp;&nbsp;PID_BasicTim_Init
<LI><a href="#[80]">&gt;&gt;</a>&nbsp;&nbsp;&nbsp;Encoder_Init_TIM5
<LI><a href="#[7f]">&gt;&gt;</a>&nbsp;&nbsp;&nbsp;Encoder_Init_TIM4
<LI><a href="#[7e]">&gt;&gt;</a>&nbsp;&nbsp;&nbsp;Encoder_Init_TIM3
<LI><a href="#[7d]">&gt;&gt;</a>&nbsp;&nbsp;&nbsp;Encoder_Init_TIM2
<LI><a href="#[114]">&gt;&gt;</a>&nbsp;&nbsp;&nbsp;receiving_process
<LI><a href="#[ff]">&gt;&gt;</a>&nbsp;&nbsp;&nbsp;TIM1_PWM_init
</UL>

<P><STRONG><a name="[109]"></a>TIM_CtrlPWMOutputs</STRONG> (Thumb, 22 bytes, Stack size 0 bytes, stm32f10x_tim.o(.text))
<BR><BR>[Called By]<UL><LI><a href="#[7c]">&gt;&gt;</a>&nbsp;&nbsp;&nbsp;TIM8_PWM_init
<LI><a href="#[ff]">&gt;&gt;</a>&nbsp;&nbsp;&nbsp;TIM1_PWM_init
</UL>

<P><STRONG><a name="[f9]"></a>TIM_ITConfig</STRONG> (Thumb, 16 bytes, Stack size 0 bytes, stm32f10x_tim.o(.text))
<BR><BR>[Called By]<UL><LI><a href="#[86]">&gt;&gt;</a>&nbsp;&nbsp;&nbsp;PID_BasicTim_Init
<LI><a href="#[80]">&gt;&gt;</a>&nbsp;&nbsp;&nbsp;Encoder_Init_TIM5
<LI><a href="#[7f]">&gt;&gt;</a>&nbsp;&nbsp;&nbsp;Encoder_Init_TIM4
<LI><a href="#[7e]">&gt;&gt;</a>&nbsp;&nbsp;&nbsp;Encoder_Init_TIM3
<LI><a href="#[7d]">&gt;&gt;</a>&nbsp;&nbsp;&nbsp;Encoder_Init_TIM2
</UL>

<P><STRONG><a name="[1f1]"></a>TIM_GenerateEvent</STRONG> (Thumb, 4 bytes, Stack size 0 bytes, stm32f10x_tim.o(.text), UNUSED)

<P><STRONG><a name="[1f2]"></a>TIM_DMAConfig</STRONG> (Thumb, 8 bytes, Stack size 0 bytes, stm32f10x_tim.o(.text), UNUSED)

<P><STRONG><a name="[1f3]"></a>TIM_DMACmd</STRONG> (Thumb, 16 bytes, Stack size 0 bytes, stm32f10x_tim.o(.text), UNUSED)

<P><STRONG><a name="[1f4]"></a>TIM_InternalClockConfig</STRONG> (Thumb, 10 bytes, Stack size 0 bytes, stm32f10x_tim.o(.text), UNUSED)

<P><STRONG><a name="[64]"></a>TIM_SelectInputTrigger</STRONG> (Thumb, 12 bytes, Stack size 0 bytes, stm32f10x_tim.o(.text), UNUSED)
<BR><BR>[Called By]<UL><LI><a href="#[65]">&gt;&gt;</a>&nbsp;&nbsp;&nbsp;TIM_TIxExternalClockConfig
<LI><a href="#[63]">&gt;&gt;</a>&nbsp;&nbsp;&nbsp;TIM_ITRxExternalClockConfig
</UL>

<P><STRONG><a name="[63]"></a>TIM_ITRxExternalClockConfig</STRONG> (Thumb, 18 bytes, Stack size 4 bytes, stm32f10x_tim.o(.text), UNUSED)
<BR><BR>[Calls]<UL><LI><a href="#[64]">&gt;&gt;</a>&nbsp;&nbsp;&nbsp;TIM_SelectInputTrigger
</UL>

<P><STRONG><a name="[65]"></a>TIM_TIxExternalClockConfig</STRONG> (Thumb, 46 bytes, Stack size 16 bytes, stm32f10x_tim.o(.text), UNUSED)
<BR><BR>[Calls]<UL><LI><a href="#[64]">&gt;&gt;</a>&nbsp;&nbsp;&nbsp;TIM_SelectInputTrigger
<LI><a href="#[5c]">&gt;&gt;</a>&nbsp;&nbsp;&nbsp;TI1_Config
<LI><a href="#[5e]">&gt;&gt;</a>&nbsp;&nbsp;&nbsp;TI2_Config
</UL>

<P><STRONG><a name="[67]"></a>TIM_ETRConfig</STRONG> (Thumb, 24 bytes, Stack size 12 bytes, stm32f10x_tim.o(.text), UNUSED)
<BR><BR>[Called By]<UL><LI><a href="#[68]">&gt;&gt;</a>&nbsp;&nbsp;&nbsp;TIM_ETRClockMode2Config
<LI><a href="#[66]">&gt;&gt;</a>&nbsp;&nbsp;&nbsp;TIM_ETRClockMode1Config
</UL>

<P><STRONG><a name="[66]"></a>TIM_ETRClockMode1Config</STRONG> (Thumb, 18 bytes, Stack size 8 bytes, stm32f10x_tim.o(.text), UNUSED)
<BR><BR>[Calls]<UL><LI><a href="#[67]">&gt;&gt;</a>&nbsp;&nbsp;&nbsp;TIM_ETRConfig
</UL>

<P><STRONG><a name="[68]"></a>TIM_ETRClockMode2Config</STRONG> (Thumb, 18 bytes, Stack size 8 bytes, stm32f10x_tim.o(.text), UNUSED)
<BR><BR>[Calls]<UL><LI><a href="#[67]">&gt;&gt;</a>&nbsp;&nbsp;&nbsp;TIM_ETRConfig
</UL>

<P><STRONG><a name="[1f5]"></a>TIM_PrescalerConfig</STRONG> (Thumb, 6 bytes, Stack size 0 bytes, stm32f10x_tim.o(.text), UNUSED)

<P><STRONG><a name="[1f6]"></a>TIM_CounterModeConfig</STRONG> (Thumb, 12 bytes, Stack size 0 bytes, stm32f10x_tim.o(.text), UNUSED)

<P><STRONG><a name="[f6]"></a>TIM_EncoderInterfaceConfig</STRONG> (Thumb, 50 bytes, Stack size 16 bytes, stm32f10x_tim.o(.text))
<BR><BR>[Stack]<UL><LI>Max Depth = 16<LI>Call Chain = TIM_EncoderInterfaceConfig
</UL>
<BR>[Called By]<UL><LI><a href="#[80]">&gt;&gt;</a>&nbsp;&nbsp;&nbsp;Encoder_Init_TIM5
<LI><a href="#[7f]">&gt;&gt;</a>&nbsp;&nbsp;&nbsp;Encoder_Init_TIM4
<LI><a href="#[7e]">&gt;&gt;</a>&nbsp;&nbsp;&nbsp;Encoder_Init_TIM3
<LI><a href="#[7d]">&gt;&gt;</a>&nbsp;&nbsp;&nbsp;Encoder_Init_TIM2
</UL>

<P><STRONG><a name="[1f7]"></a>TIM_ForcedOC1Config</STRONG> (Thumb, 12 bytes, Stack size 0 bytes, stm32f10x_tim.o(.text), UNUSED)

<P><STRONG><a name="[1f8]"></a>TIM_ForcedOC2Config</STRONG> (Thumb, 20 bytes, Stack size 0 bytes, stm32f10x_tim.o(.text), UNUSED)

<P><STRONG><a name="[1f9]"></a>TIM_ForcedOC3Config</STRONG> (Thumb, 12 bytes, Stack size 0 bytes, stm32f10x_tim.o(.text), UNUSED)

<P><STRONG><a name="[1fa]"></a>TIM_ForcedOC4Config</STRONG> (Thumb, 20 bytes, Stack size 0 bytes, stm32f10x_tim.o(.text), UNUSED)

<P><STRONG><a name="[102]"></a>TIM_ARRPreloadConfig</STRONG> (Thumb, 20 bytes, Stack size 0 bytes, stm32f10x_tim.o(.text))
<BR><BR>[Called By]<UL><LI><a href="#[7c]">&gt;&gt;</a>&nbsp;&nbsp;&nbsp;TIM8_PWM_init
<LI><a href="#[ff]">&gt;&gt;</a>&nbsp;&nbsp;&nbsp;TIM1_PWM_init
</UL>

<P><STRONG><a name="[1fb]"></a>TIM_SelectCOM</STRONG> (Thumb, 20 bytes, Stack size 0 bytes, stm32f10x_tim.o(.text), UNUSED)

<P><STRONG><a name="[1fc]"></a>TIM_SelectCCDMA</STRONG> (Thumb, 20 bytes, Stack size 0 bytes, stm32f10x_tim.o(.text), UNUSED)

<P><STRONG><a name="[1fd]"></a>TIM_CCPreloadControl</STRONG> (Thumb, 20 bytes, Stack size 0 bytes, stm32f10x_tim.o(.text), UNUSED)

<P><STRONG><a name="[101]"></a>TIM_OC1PreloadConfig</STRONG> (Thumb, 32 bytes, Stack size 0 bytes, stm32f10x_tim.o(.text))
<BR><BR>[Called By]<UL><LI><a href="#[7c]">&gt;&gt;</a>&nbsp;&nbsp;&nbsp;TIM8_PWM_init
<LI><a href="#[ff]">&gt;&gt;</a>&nbsp;&nbsp;&nbsp;TIM1_PWM_init
</UL>

<P><STRONG><a name="[104]"></a>TIM_OC2PreloadConfig</STRONG> (Thumb, 20 bytes, Stack size 0 bytes, stm32f10x_tim.o(.text))
<BR><BR>[Called By]<UL><LI><a href="#[7c]">&gt;&gt;</a>&nbsp;&nbsp;&nbsp;TIM8_PWM_init
<LI><a href="#[ff]">&gt;&gt;</a>&nbsp;&nbsp;&nbsp;TIM1_PWM_init
</UL>

<P><STRONG><a name="[106]"></a>TIM_OC3PreloadConfig</STRONG> (Thumb, 12 bytes, Stack size 0 bytes, stm32f10x_tim.o(.text))
<BR><BR>[Called By]<UL><LI><a href="#[7c]">&gt;&gt;</a>&nbsp;&nbsp;&nbsp;TIM8_PWM_init
<LI><a href="#[ff]">&gt;&gt;</a>&nbsp;&nbsp;&nbsp;TIM1_PWM_init
</UL>

<P><STRONG><a name="[108]"></a>TIM_OC4PreloadConfig</STRONG> (Thumb, 20 bytes, Stack size 0 bytes, stm32f10x_tim.o(.text))
<BR><BR>[Called By]<UL><LI><a href="#[7c]">&gt;&gt;</a>&nbsp;&nbsp;&nbsp;TIM8_PWM_init
<LI><a href="#[ff]">&gt;&gt;</a>&nbsp;&nbsp;&nbsp;TIM1_PWM_init
</UL>

<P><STRONG><a name="[1fe]"></a>TIM_OC1FastConfig</STRONG> (Thumb, 12 bytes, Stack size 0 bytes, stm32f10x_tim.o(.text), UNUSED)

<P><STRONG><a name="[1ff]"></a>TIM_OC2FastConfig</STRONG> (Thumb, 20 bytes, Stack size 0 bytes, stm32f10x_tim.o(.text), UNUSED)

<P><STRONG><a name="[200]"></a>TIM_OC3FastConfig</STRONG> (Thumb, 12 bytes, Stack size 0 bytes, stm32f10x_tim.o(.text), UNUSED)

<P><STRONG><a name="[201]"></a>TIM_OC4FastConfig</STRONG> (Thumb, 20 bytes, Stack size 0 bytes, stm32f10x_tim.o(.text), UNUSED)

<P><STRONG><a name="[202]"></a>TIM_ClearOC1Ref</STRONG> (Thumb, 12 bytes, Stack size 0 bytes, stm32f10x_tim.o(.text), UNUSED)

<P><STRONG><a name="[203]"></a>TIM_ClearOC2Ref</STRONG> (Thumb, 20 bytes, Stack size 0 bytes, stm32f10x_tim.o(.text), UNUSED)

<P><STRONG><a name="[204]"></a>TIM_ClearOC3Ref</STRONG> (Thumb, 12 bytes, Stack size 0 bytes, stm32f10x_tim.o(.text), UNUSED)

<P><STRONG><a name="[205]"></a>TIM_ClearOC4Ref</STRONG> (Thumb, 20 bytes, Stack size 0 bytes, stm32f10x_tim.o(.text), UNUSED)

<P><STRONG><a name="[206]"></a>TIM_OC1PolarityConfig</STRONG> (Thumb, 12 bytes, Stack size 0 bytes, stm32f10x_tim.o(.text), UNUSED)

<P><STRONG><a name="[207]"></a>TIM_OC1NPolarityConfig</STRONG> (Thumb, 12 bytes, Stack size 0 bytes, stm32f10x_tim.o(.text), UNUSED)

<P><STRONG><a name="[208]"></a>TIM_OC2PolarityConfig</STRONG> (Thumb, 20 bytes, Stack size 0 bytes, stm32f10x_tim.o(.text), UNUSED)

<P><STRONG><a name="[209]"></a>TIM_OC2NPolarityConfig</STRONG> (Thumb, 20 bytes, Stack size 0 bytes, stm32f10x_tim.o(.text), UNUSED)

<P><STRONG><a name="[20a]"></a>TIM_OC3PolarityConfig</STRONG> (Thumb, 20 bytes, Stack size 0 bytes, stm32f10x_tim.o(.text), UNUSED)

<P><STRONG><a name="[20b]"></a>TIM_OC3NPolarityConfig</STRONG> (Thumb, 20 bytes, Stack size 0 bytes, stm32f10x_tim.o(.text), UNUSED)

<P><STRONG><a name="[20c]"></a>TIM_OC4PolarityConfig</STRONG> (Thumb, 20 bytes, Stack size 0 bytes, stm32f10x_tim.o(.text), UNUSED)

<P><STRONG><a name="[20d]"></a>TIM_CCxCmd</STRONG> (Thumb, 22 bytes, Stack size 8 bytes, stm32f10x_tim.o(.text), UNUSED)

<P><STRONG><a name="[20e]"></a>TIM_CCxNCmd</STRONG> (Thumb, 22 bytes, Stack size 8 bytes, stm32f10x_tim.o(.text), UNUSED)

<P><STRONG><a name="[20f]"></a>TIM_SelectOCxM</STRONG> (Thumb, 70 bytes, Stack size 12 bytes, stm32f10x_tim.o(.text), UNUSED)

<P><STRONG><a name="[210]"></a>TIM_UpdateDisableConfig</STRONG> (Thumb, 20 bytes, Stack size 0 bytes, stm32f10x_tim.o(.text), UNUSED)

<P><STRONG><a name="[211]"></a>TIM_UpdateRequestConfig</STRONG> (Thumb, 20 bytes, Stack size 0 bytes, stm32f10x_tim.o(.text), UNUSED)

<P><STRONG><a name="[212]"></a>TIM_SelectHallSensor</STRONG> (Thumb, 20 bytes, Stack size 0 bytes, stm32f10x_tim.o(.text), UNUSED)

<P><STRONG><a name="[213]"></a>TIM_SelectOnePulseMode</STRONG> (Thumb, 16 bytes, Stack size 0 bytes, stm32f10x_tim.o(.text), UNUSED)

<P><STRONG><a name="[214]"></a>TIM_SelectOutputTrigger</STRONG> (Thumb, 16 bytes, Stack size 0 bytes, stm32f10x_tim.o(.text), UNUSED)

<P><STRONG><a name="[215]"></a>TIM_SelectSlaveMode</STRONG> (Thumb, 16 bytes, Stack size 0 bytes, stm32f10x_tim.o(.text), UNUSED)

<P><STRONG><a name="[216]"></a>TIM_SelectMasterSlaveMode</STRONG> (Thumb, 16 bytes, Stack size 0 bytes, stm32f10x_tim.o(.text), UNUSED)

<P><STRONG><a name="[fa]"></a>TIM_SetCounter</STRONG> (Thumb, 4 bytes, Stack size 0 bytes, stm32f10x_tim.o(.text))
<BR><BR>[Called By]<UL><LI><a href="#[89]">&gt;&gt;</a>&nbsp;&nbsp;&nbsp;read_dis2
<LI><a href="#[73]">&gt;&gt;</a>&nbsp;&nbsp;&nbsp;read_dis1
<LI><a href="#[80]">&gt;&gt;</a>&nbsp;&nbsp;&nbsp;Encoder_Init_TIM5
<LI><a href="#[7f]">&gt;&gt;</a>&nbsp;&nbsp;&nbsp;Encoder_Init_TIM4
<LI><a href="#[7e]">&gt;&gt;</a>&nbsp;&nbsp;&nbsp;Encoder_Init_TIM3
<LI><a href="#[7d]">&gt;&gt;</a>&nbsp;&nbsp;&nbsp;Encoder_Init_TIM2
<LI><a href="#[13a]">&gt;&gt;</a>&nbsp;&nbsp;&nbsp;read_dis3
</UL>

<P><STRONG><a name="[116]"></a>TIM_SetAutoreload</STRONG> (Thumb, 4 bytes, Stack size 0 bytes, stm32f10x_tim.o(.text), UNUSED)
<BR><BR>[Called By]<UL><LI><a href="#[114]">&gt;&gt;</a>&nbsp;&nbsp;&nbsp;receiving_process
</UL>

<P><STRONG><a name="[10a]"></a>TIM_SetCompare1</STRONG> (Thumb, 4 bytes, Stack size 0 bytes, stm32f10x_tim.o(.text))
<BR><BR>[Called By]<UL><LI><a href="#[7c]">&gt;&gt;</a>&nbsp;&nbsp;&nbsp;TIM8_PWM_init
<LI><a href="#[124]">&gt;&gt;</a>&nbsp;&nbsp;&nbsp;motor_control
<LI><a href="#[ff]">&gt;&gt;</a>&nbsp;&nbsp;&nbsp;TIM1_PWM_init
</UL>

<P><STRONG><a name="[10b]"></a>TIM_SetCompare2</STRONG> (Thumb, 4 bytes, Stack size 0 bytes, stm32f10x_tim.o(.text))
<BR><BR>[Called By]<UL><LI><a href="#[7c]">&gt;&gt;</a>&nbsp;&nbsp;&nbsp;TIM8_PWM_init
<LI><a href="#[124]">&gt;&gt;</a>&nbsp;&nbsp;&nbsp;motor_control
<LI><a href="#[ff]">&gt;&gt;</a>&nbsp;&nbsp;&nbsp;TIM1_PWM_init
</UL>

<P><STRONG><a name="[10c]"></a>TIM_SetCompare3</STRONG> (Thumb, 4 bytes, Stack size 0 bytes, stm32f10x_tim.o(.text))
<BR><BR>[Called By]<UL><LI><a href="#[7c]">&gt;&gt;</a>&nbsp;&nbsp;&nbsp;TIM8_PWM_init
<LI><a href="#[124]">&gt;&gt;</a>&nbsp;&nbsp;&nbsp;motor_control
<LI><a href="#[ff]">&gt;&gt;</a>&nbsp;&nbsp;&nbsp;TIM1_PWM_init
</UL>

<P><STRONG><a name="[10d]"></a>TIM_SetCompare4</STRONG> (Thumb, 6 bytes, Stack size 0 bytes, stm32f10x_tim.o(.text))
<BR><BR>[Called By]<UL><LI><a href="#[7c]">&gt;&gt;</a>&nbsp;&nbsp;&nbsp;TIM8_PWM_init
<LI><a href="#[124]">&gt;&gt;</a>&nbsp;&nbsp;&nbsp;motor_control
<LI><a href="#[ff]">&gt;&gt;</a>&nbsp;&nbsp;&nbsp;TIM1_PWM_init
</UL>

<P><STRONG><a name="[217]"></a>TIM_SetClockDivision</STRONG> (Thumb, 16 bytes, Stack size 0 bytes, stm32f10x_tim.o(.text), UNUSED)

<P><STRONG><a name="[218]"></a>TIM_GetCapture1</STRONG> (Thumb, 4 bytes, Stack size 0 bytes, stm32f10x_tim.o(.text), UNUSED)

<P><STRONG><a name="[219]"></a>TIM_GetCapture2</STRONG> (Thumb, 4 bytes, Stack size 0 bytes, stm32f10x_tim.o(.text), UNUSED)

<P><STRONG><a name="[21a]"></a>TIM_GetCapture3</STRONG> (Thumb, 4 bytes, Stack size 0 bytes, stm32f10x_tim.o(.text), UNUSED)

<P><STRONG><a name="[21b]"></a>TIM_GetCapture4</STRONG> (Thumb, 6 bytes, Stack size 0 bytes, stm32f10x_tim.o(.text), UNUSED)

<P><STRONG><a name="[9d]"></a>TIM_GetCounter</STRONG> (Thumb, 4 bytes, Stack size 0 bytes, stm32f10x_tim.o(.text))
<BR><BR>[Called By]<UL><LI><a href="#[3c]">&gt;&gt;</a>&nbsp;&nbsp;&nbsp;TIM5_IRQHandler
<LI><a href="#[28]">&gt;&gt;</a>&nbsp;&nbsp;&nbsp;TIM4_IRQHandler
<LI><a href="#[27]">&gt;&gt;</a>&nbsp;&nbsp;&nbsp;TIM3_IRQHandler
<LI><a href="#[26]">&gt;&gt;</a>&nbsp;&nbsp;&nbsp;TIM2_IRQHandler
<LI><a href="#[89]">&gt;&gt;</a>&nbsp;&nbsp;&nbsp;read_dis2
<LI><a href="#[73]">&gt;&gt;</a>&nbsp;&nbsp;&nbsp;read_dis1
<LI><a href="#[13a]">&gt;&gt;</a>&nbsp;&nbsp;&nbsp;read_dis3
<LI><a href="#[11b]">&gt;&gt;</a>&nbsp;&nbsp;&nbsp;encoder_count_get
</UL>

<P><STRONG><a name="[21c]"></a>TIM_GetPrescaler</STRONG> (Thumb, 4 bytes, Stack size 0 bytes, stm32f10x_tim.o(.text), UNUSED)

<P><STRONG><a name="[21d]"></a>TIM_GetFlagStatus</STRONG> (Thumb, 14 bytes, Stack size 0 bytes, stm32f10x_tim.o(.text), UNUSED)

<P><STRONG><a name="[f8]"></a>TIM_ClearFlag</STRONG> (Thumb, 6 bytes, Stack size 0 bytes, stm32f10x_tim.o(.text))
<BR><BR>[Called By]<UL><LI><a href="#[86]">&gt;&gt;</a>&nbsp;&nbsp;&nbsp;PID_BasicTim_Init
<LI><a href="#[80]">&gt;&gt;</a>&nbsp;&nbsp;&nbsp;Encoder_Init_TIM5
<LI><a href="#[7f]">&gt;&gt;</a>&nbsp;&nbsp;&nbsp;Encoder_Init_TIM4
<LI><a href="#[7e]">&gt;&gt;</a>&nbsp;&nbsp;&nbsp;Encoder_Init_TIM3
<LI><a href="#[7d]">&gt;&gt;</a>&nbsp;&nbsp;&nbsp;Encoder_Init_TIM2
</UL>

<P><STRONG><a name="[9a]"></a>TIM_GetITStatus</STRONG> (Thumb, 24 bytes, Stack size 0 bytes, stm32f10x_tim.o(.text))
<BR><BR>[Called By]<UL><LI><a href="#[3c]">&gt;&gt;</a>&nbsp;&nbsp;&nbsp;TIM5_IRQHandler
<LI><a href="#[28]">&gt;&gt;</a>&nbsp;&nbsp;&nbsp;TIM4_IRQHandler
<LI><a href="#[27]">&gt;&gt;</a>&nbsp;&nbsp;&nbsp;TIM3_IRQHandler
<LI><a href="#[26]">&gt;&gt;</a>&nbsp;&nbsp;&nbsp;TIM2_IRQHandler
<LI><a href="#[40]">&gt;&gt;</a>&nbsp;&nbsp;&nbsp;TIM6_IRQHandler
</UL>

<P><STRONG><a name="[9c]"></a>TIM_ClearITPendingBit</STRONG> (Thumb, 6 bytes, Stack size 0 bytes, stm32f10x_tim.o(.text))
<BR><BR>[Called By]<UL><LI><a href="#[3c]">&gt;&gt;</a>&nbsp;&nbsp;&nbsp;TIM5_IRQHandler
<LI><a href="#[28]">&gt;&gt;</a>&nbsp;&nbsp;&nbsp;TIM4_IRQHandler
<LI><a href="#[27]">&gt;&gt;</a>&nbsp;&nbsp;&nbsp;TIM3_IRQHandler
<LI><a href="#[26]">&gt;&gt;</a>&nbsp;&nbsp;&nbsp;TIM2_IRQHandler
<LI><a href="#[40]">&gt;&gt;</a>&nbsp;&nbsp;&nbsp;TIM6_IRQHandler
</UL>

<P><STRONG><a name="[69]"></a>USART_DeInit</STRONG> (Thumb, 96 bytes, Stack size 8 bytes, stm32f10x_usart.o(.text), UNUSED)
<BR><BR>[Calls]<UL><LI><a href="#[5a]">&gt;&gt;</a>&nbsp;&nbsp;&nbsp;RCC_APB1PeriphResetCmd
<LI><a href="#[55]">&gt;&gt;</a>&nbsp;&nbsp;&nbsp;RCC_APB2PeriphResetCmd
</UL>

<P><STRONG><a name="[6a]"></a>USART_Init</STRONG> (Thumb, 166 bytes, Stack size 32 bytes, stm32f10x_usart.o(.text))
<BR><BR>[Stack]<UL><LI>Max Depth = 44<LI>Call Chain = USART_Init &rArr; RCC_GetClocksFreq
</UL>
<BR>[Calls]<UL><LI><a href="#[6b]">&gt;&gt;</a>&nbsp;&nbsp;&nbsp;RCC_GetClocksFreq
</UL>
<BR>[Called By]<UL><LI><a href="#[7a]">&gt;&gt;</a>&nbsp;&nbsp;&nbsp;USART_Config
<LI><a href="#[83]">&gt;&gt;</a>&nbsp;&nbsp;&nbsp;USART4_Config
<LI><a href="#[f1]">&gt;&gt;</a>&nbsp;&nbsp;&nbsp;openMV_uart2_init
<LI><a href="#[ef]">&gt;&gt;</a>&nbsp;&nbsp;&nbsp;openMV_uart_init
<LI><a href="#[de]">&gt;&gt;</a>&nbsp;&nbsp;&nbsp;HWT101CT_uart_init
</UL>

<P><STRONG><a name="[21e]"></a>USART_StructInit</STRONG> (Thumb, 22 bytes, Stack size 0 bytes, stm32f10x_usart.o(.text), UNUSED)

<P><STRONG><a name="[21f]"></a>USART_ClockInit</STRONG> (Thumb, 30 bytes, Stack size 8 bytes, stm32f10x_usart.o(.text), UNUSED)

<P><STRONG><a name="[220]"></a>USART_ClockStructInit</STRONG> (Thumb, 12 bytes, Stack size 0 bytes, stm32f10x_usart.o(.text), UNUSED)

<P><STRONG><a name="[e5]"></a>USART_Cmd</STRONG> (Thumb, 20 bytes, Stack size 0 bytes, stm32f10x_usart.o(.text))
<BR><BR>[Called By]<UL><LI><a href="#[7a]">&gt;&gt;</a>&nbsp;&nbsp;&nbsp;USART_Config
<LI><a href="#[83]">&gt;&gt;</a>&nbsp;&nbsp;&nbsp;USART4_Config
<LI><a href="#[f1]">&gt;&gt;</a>&nbsp;&nbsp;&nbsp;openMV_uart2_init
<LI><a href="#[ef]">&gt;&gt;</a>&nbsp;&nbsp;&nbsp;openMV_uart_init
<LI><a href="#[de]">&gt;&gt;</a>&nbsp;&nbsp;&nbsp;HWT101CT_uart_init
</UL>

<P><STRONG><a name="[e3]"></a>USART_ITConfig</STRONG> (Thumb, 48 bytes, Stack size 8 bytes, stm32f10x_usart.o(.text))
<BR><BR>[Stack]<UL><LI>Max Depth = 8<LI>Call Chain = USART_ITConfig
</UL>
<BR>[Called By]<UL><LI><a href="#[7a]">&gt;&gt;</a>&nbsp;&nbsp;&nbsp;USART_Config
<LI><a href="#[f1]">&gt;&gt;</a>&nbsp;&nbsp;&nbsp;openMV_uart2_init
<LI><a href="#[ef]">&gt;&gt;</a>&nbsp;&nbsp;&nbsp;openMV_uart_init
<LI><a href="#[de]">&gt;&gt;</a>&nbsp;&nbsp;&nbsp;HWT101CT_uart_init
</UL>

<P><STRONG><a name="[e4]"></a>USART_DMACmd</STRONG> (Thumb, 16 bytes, Stack size 0 bytes, stm32f10x_usart.o(.text))
<BR><BR>[Called By]<UL><LI><a href="#[de]">&gt;&gt;</a>&nbsp;&nbsp;&nbsp;HWT101CT_uart_init
</UL>

<P><STRONG><a name="[221]"></a>USART_SetAddress</STRONG> (Thumb, 16 bytes, Stack size 0 bytes, stm32f10x_usart.o(.text), UNUSED)

<P><STRONG><a name="[222]"></a>USART_WakeUpConfig</STRONG> (Thumb, 16 bytes, Stack size 0 bytes, stm32f10x_usart.o(.text), UNUSED)

<P><STRONG><a name="[223]"></a>USART_ReceiverWakeUpCmd</STRONG> (Thumb, 20 bytes, Stack size 0 bytes, stm32f10x_usart.o(.text), UNUSED)

<P><STRONG><a name="[224]"></a>USART_LINBreakDetectLengthConfig</STRONG> (Thumb, 16 bytes, Stack size 0 bytes, stm32f10x_usart.o(.text), UNUSED)

<P><STRONG><a name="[225]"></a>USART_LINCmd</STRONG> (Thumb, 20 bytes, Stack size 0 bytes, stm32f10x_usart.o(.text), UNUSED)

<P><STRONG><a name="[e9]"></a>USART_SendData</STRONG> (Thumb, 8 bytes, Stack size 0 bytes, stm32f10x_usart.o(.text))
<BR><BR>[Called By]<UL><LI><a href="#[78]">&gt;&gt;</a>&nbsp;&nbsp;&nbsp;Usart_SendByte
<LI><a href="#[4f]">&gt;&gt;</a>&nbsp;&nbsp;&nbsp;fputc
<LI><a href="#[ec]">&gt;&gt;</a>&nbsp;&nbsp;&nbsp;Usart_SendHalfWord
</UL>

<P><STRONG><a name="[95]"></a>USART_ReceiveData</STRONG> (Thumb, 8 bytes, Stack size 0 bytes, stm32f10x_usart.o(.text))
<BR><BR>[Called By]<UL><LI><a href="#[30]">&gt;&gt;</a>&nbsp;&nbsp;&nbsp;USART2_IRQHandler
<LI><a href="#[3f]">&gt;&gt;</a>&nbsp;&nbsp;&nbsp;UART5_IRQHandler
<LI><a href="#[3e]">&gt;&gt;</a>&nbsp;&nbsp;&nbsp;UART4_IRQHandler
<LI><a href="#[31]">&gt;&gt;</a>&nbsp;&nbsp;&nbsp;USART3_IRQHandler
<LI><a href="#[2f]">&gt;&gt;</a>&nbsp;&nbsp;&nbsp;USART1_IRQHandler
<LI><a href="#[ed]">&gt;&gt;</a>&nbsp;&nbsp;&nbsp;fgetc
</UL>

<P><STRONG><a name="[226]"></a>USART_SendBreak</STRONG> (Thumb, 10 bytes, Stack size 0 bytes, stm32f10x_usart.o(.text), UNUSED)

<P><STRONG><a name="[227]"></a>USART_SetGuardTime</STRONG> (Thumb, 16 bytes, Stack size 0 bytes, stm32f10x_usart.o(.text), UNUSED)

<P><STRONG><a name="[228]"></a>USART_SetPrescaler</STRONG> (Thumb, 16 bytes, Stack size 0 bytes, stm32f10x_usart.o(.text), UNUSED)

<P><STRONG><a name="[229]"></a>USART_SmartCardCmd</STRONG> (Thumb, 20 bytes, Stack size 0 bytes, stm32f10x_usart.o(.text), UNUSED)

<P><STRONG><a name="[22a]"></a>USART_SmartCardNACKCmd</STRONG> (Thumb, 20 bytes, Stack size 0 bytes, stm32f10x_usart.o(.text), UNUSED)

<P><STRONG><a name="[22b]"></a>USART_HalfDuplexCmd</STRONG> (Thumb, 20 bytes, Stack size 0 bytes, stm32f10x_usart.o(.text), UNUSED)

<P><STRONG><a name="[22c]"></a>USART_OverSampling8Cmd</STRONG> (Thumb, 20 bytes, Stack size 0 bytes, stm32f10x_usart.o(.text), UNUSED)

<P><STRONG><a name="[22d]"></a>USART_OneBitMethodCmd</STRONG> (Thumb, 20 bytes, Stack size 0 bytes, stm32f10x_usart.o(.text), UNUSED)

<P><STRONG><a name="[22e]"></a>USART_IrDAConfig</STRONG> (Thumb, 16 bytes, Stack size 0 bytes, stm32f10x_usart.o(.text), UNUSED)

<P><STRONG><a name="[22f]"></a>USART_IrDACmd</STRONG> (Thumb, 20 bytes, Stack size 0 bytes, stm32f10x_usart.o(.text), UNUSED)

<P><STRONG><a name="[ea]"></a>USART_GetFlagStatus</STRONG> (Thumb, 14 bytes, Stack size 0 bytes, stm32f10x_usart.o(.text))
<BR><BR>[Called By]<UL><LI><a href="#[78]">&gt;&gt;</a>&nbsp;&nbsp;&nbsp;Usart_SendByte
<LI><a href="#[ed]">&gt;&gt;</a>&nbsp;&nbsp;&nbsp;fgetc
<LI><a href="#[4f]">&gt;&gt;</a>&nbsp;&nbsp;&nbsp;fputc
<LI><a href="#[ec]">&gt;&gt;</a>&nbsp;&nbsp;&nbsp;Usart_SendHalfWord
<LI><a href="#[eb]">&gt;&gt;</a>&nbsp;&nbsp;&nbsp;Usart_SendString
<LI><a href="#[e7]">&gt;&gt;</a>&nbsp;&nbsp;&nbsp;Usart_SendArray
</UL>

<P><STRONG><a name="[230]"></a>USART_ClearFlag</STRONG> (Thumb, 6 bytes, Stack size 0 bytes, stm32f10x_usart.o(.text), UNUSED)

<P><STRONG><a name="[94]"></a>USART_GetITStatus</STRONG> (Thumb, 62 bytes, Stack size 16 bytes, stm32f10x_usart.o(.text))
<BR><BR>[Stack]<UL><LI>Max Depth = 16<LI>Call Chain = USART_GetITStatus
</UL>
<BR>[Called By]<UL><LI><a href="#[30]">&gt;&gt;</a>&nbsp;&nbsp;&nbsp;USART2_IRQHandler
<LI><a href="#[3f]">&gt;&gt;</a>&nbsp;&nbsp;&nbsp;UART5_IRQHandler
<LI><a href="#[3e]">&gt;&gt;</a>&nbsp;&nbsp;&nbsp;UART4_IRQHandler
<LI><a href="#[31]">&gt;&gt;</a>&nbsp;&nbsp;&nbsp;USART3_IRQHandler
<LI><a href="#[2f]">&gt;&gt;</a>&nbsp;&nbsp;&nbsp;USART1_IRQHandler
</UL>

<P><STRONG><a name="[96]"></a>USART_ClearITPendingBit</STRONG> (Thumb, 12 bytes, Stack size 0 bytes, stm32f10x_usart.o(.text))
<BR><BR>[Called By]<UL><LI><a href="#[30]">&gt;&gt;</a>&nbsp;&nbsp;&nbsp;USART2_IRQHandler
<LI><a href="#[3f]">&gt;&gt;</a>&nbsp;&nbsp;&nbsp;UART5_IRQHandler
<LI><a href="#[2f]">&gt;&gt;</a>&nbsp;&nbsp;&nbsp;USART1_IRQHandler
</UL>

<P><STRONG><a name="[6c]"></a>go_to_xy</STRONG> (Thumb, 198 bytes, Stack size 88 bytes, main.o(.text))
<BR><BR>[Stack]<UL><LI>Max Depth = 272<LI>Call Chain = go_to_xy &rArr; calcTrapezoidalProfile &rArr; __aeabi_dsub &rArr; __aeabi_dadd &rArr; _double_epilogue &rArr; _double_round
</UL>
<BR>[Calls]<UL><LI><a href="#[6e]">&gt;&gt;</a>&nbsp;&nbsp;&nbsp;calcTrapezoidalProfile
<LI><a href="#[6d]">&gt;&gt;</a>&nbsp;&nbsp;&nbsp;__aeabi_f2d
</UL>
<BR>[Called By]<UL><LI><a href="#[93]">&gt;&gt;</a>&nbsp;&nbsp;&nbsp;jieti2221
<LI><a href="#[92]">&gt;&gt;</a>&nbsp;&nbsp;&nbsp;jieti222
<LI><a href="#[8d]">&gt;&gt;</a>&nbsp;&nbsp;&nbsp;LiZhuang
<LI><a href="#[8c]">&gt;&gt;</a>&nbsp;&nbsp;&nbsp;WareHouse
<LI><a href="#[8a]">&gt;&gt;</a>&nbsp;&nbsp;&nbsp;lizhuang222
<LI><a href="#[46]">&gt;&gt;</a>&nbsp;&nbsp;&nbsp;main
<LI><a href="#[77]">&gt;&gt;</a>&nbsp;&nbsp;&nbsp;jieti2223
<LI><a href="#[6f]">&gt;&gt;</a>&nbsp;&nbsp;&nbsp;lizhuang2221
</UL>

<P><STRONG><a name="[6f]"></a>lizhuang2221</STRONG> (Thumb, 324 bytes, Stack size 48 bytes, main.o(.text))
<BR><BR>[Stack]<UL><LI>Max Depth = 320<LI>Call Chain = lizhuang2221 &rArr; go_to_xy &rArr; calcTrapezoidalProfile &rArr; __aeabi_dsub &rArr; __aeabi_dadd &rArr; _double_epilogue &rArr; _double_round
</UL>
<BR>[Calls]<UL><LI><a href="#[70]">&gt;&gt;</a>&nbsp;&nbsp;&nbsp;GPIO_ReadInputDataBit
<LI><a href="#[71]">&gt;&gt;</a>&nbsp;&nbsp;&nbsp;runActionGroup
<LI><a href="#[73]">&gt;&gt;</a>&nbsp;&nbsp;&nbsp;read_dis1
<LI><a href="#[72]">&gt;&gt;</a>&nbsp;&nbsp;&nbsp;delay_ms
<LI><a href="#[75]">&gt;&gt;</a>&nbsp;&nbsp;&nbsp;__aeabi_fsub
<LI><a href="#[76]">&gt;&gt;</a>&nbsp;&nbsp;&nbsp;__aeabi_fdiv
<LI><a href="#[74]">&gt;&gt;</a>&nbsp;&nbsp;&nbsp;__aeabi_f2iz
<LI><a href="#[6c]">&gt;&gt;</a>&nbsp;&nbsp;&nbsp;go_to_xy
</UL>
<BR>[Called By]<UL><LI><a href="#[46]">&gt;&gt;</a>&nbsp;&nbsp;&nbsp;main
</UL>

<P><STRONG><a name="[77]"></a>jieti2223</STRONG> (Thumb, 908 bytes, Stack size 48 bytes, main.o(.text))
<BR><BR>[Stack]<UL><LI>Max Depth = 320<LI>Call Chain = jieti2223 &rArr; go_to_xy &rArr; calcTrapezoidalProfile &rArr; __aeabi_dsub &rArr; __aeabi_dadd &rArr; _double_epilogue &rArr; _double_round
</UL>
<BR>[Calls]<UL><LI><a href="#[71]">&gt;&gt;</a>&nbsp;&nbsp;&nbsp;runActionGroup
<LI><a href="#[73]">&gt;&gt;</a>&nbsp;&nbsp;&nbsp;read_dis1
<LI><a href="#[72]">&gt;&gt;</a>&nbsp;&nbsp;&nbsp;delay_ms
<LI><a href="#[75]">&gt;&gt;</a>&nbsp;&nbsp;&nbsp;__aeabi_fsub
<LI><a href="#[76]">&gt;&gt;</a>&nbsp;&nbsp;&nbsp;__aeabi_fdiv
<LI><a href="#[74]">&gt;&gt;</a>&nbsp;&nbsp;&nbsp;__aeabi_f2iz
<LI><a href="#[78]">&gt;&gt;</a>&nbsp;&nbsp;&nbsp;Usart_SendByte
<LI><a href="#[6c]">&gt;&gt;</a>&nbsp;&nbsp;&nbsp;go_to_xy
</UL>
<BR>[Called By]<UL><LI><a href="#[46]">&gt;&gt;</a>&nbsp;&nbsp;&nbsp;main
</UL>

<P><STRONG><a name="[46]"></a>main</STRONG> (Thumb, 3158 bytes, Stack size 64 bytes, main.o(.text))
<BR><BR>[Stack]<UL><LI>Max Depth = 384<LI>Call Chain = main &rArr; jieti2223 &rArr; go_to_xy &rArr; calcTrapezoidalProfile &rArr; __aeabi_dsub &rArr; __aeabi_dadd &rArr; _double_epilogue &rArr; _double_round
</UL>
<BR>[Calls]<UL><LI><a href="#[70]">&gt;&gt;</a>&nbsp;&nbsp;&nbsp;GPIO_ReadInputDataBit
<LI><a href="#[79]">&gt;&gt;</a>&nbsp;&nbsp;&nbsp;NVIC_PriorityGroupConfig
<LI><a href="#[82]">&gt;&gt;</a>&nbsp;&nbsp;&nbsp;vl53l1x_init
<LI><a href="#[87]">&gt;&gt;</a>&nbsp;&nbsp;&nbsp;set_computer_value
<LI><a href="#[71]">&gt;&gt;</a>&nbsp;&nbsp;&nbsp;runActionGroup
<LI><a href="#[89]">&gt;&gt;</a>&nbsp;&nbsp;&nbsp;read_dis2
<LI><a href="#[73]">&gt;&gt;</a>&nbsp;&nbsp;&nbsp;read_dis1
<LI><a href="#[81]">&gt;&gt;</a>&nbsp;&nbsp;&nbsp;protocol_init
<LI><a href="#[84]">&gt;&gt;</a>&nbsp;&nbsp;&nbsp;openMV_init
<LI><a href="#[72]">&gt;&gt;</a>&nbsp;&nbsp;&nbsp;delay_ms
<LI><a href="#[85]">&gt;&gt;</a>&nbsp;&nbsp;&nbsp;car_init
<LI><a href="#[75]">&gt;&gt;</a>&nbsp;&nbsp;&nbsp;__aeabi_fsub
<LI><a href="#[88]">&gt;&gt;</a>&nbsp;&nbsp;&nbsp;__aeabi_fmul
<LI><a href="#[76]">&gt;&gt;</a>&nbsp;&nbsp;&nbsp;__aeabi_fdiv
<LI><a href="#[74]">&gt;&gt;</a>&nbsp;&nbsp;&nbsp;__aeabi_f2iz
<LI><a href="#[78]">&gt;&gt;</a>&nbsp;&nbsp;&nbsp;Usart_SendByte
<LI><a href="#[7a]">&gt;&gt;</a>&nbsp;&nbsp;&nbsp;USART_Config
<LI><a href="#[83]">&gt;&gt;</a>&nbsp;&nbsp;&nbsp;USART4_Config
<LI><a href="#[7c]">&gt;&gt;</a>&nbsp;&nbsp;&nbsp;TIM8_PWM_init
<LI><a href="#[86]">&gt;&gt;</a>&nbsp;&nbsp;&nbsp;PID_BasicTim_Init
<LI><a href="#[7b]">&gt;&gt;</a>&nbsp;&nbsp;&nbsp;HWT101CT_init
<LI><a href="#[80]">&gt;&gt;</a>&nbsp;&nbsp;&nbsp;Encoder_Init_TIM5
<LI><a href="#[7f]">&gt;&gt;</a>&nbsp;&nbsp;&nbsp;Encoder_Init_TIM4
<LI><a href="#[7e]">&gt;&gt;</a>&nbsp;&nbsp;&nbsp;Encoder_Init_TIM3
<LI><a href="#[7d]">&gt;&gt;</a>&nbsp;&nbsp;&nbsp;Encoder_Init_TIM2
<LI><a href="#[77]">&gt;&gt;</a>&nbsp;&nbsp;&nbsp;jieti2223
<LI><a href="#[6f]">&gt;&gt;</a>&nbsp;&nbsp;&nbsp;lizhuang2221
<LI><a href="#[6c]">&gt;&gt;</a>&nbsp;&nbsp;&nbsp;go_to_xy
</UL>
<BR>[Address Reference Count : 1]<UL><LI> entry9a.o(.ARM.Collect$$$$0000000B)
</UL>
<P><STRONG><a name="[8a]"></a>lizhuang222</STRONG> (Thumb, 202 bytes, Stack size 48 bytes, main.o(.text), UNUSED)
<BR><BR>[Calls]<UL><LI><a href="#[70]">&gt;&gt;</a>&nbsp;&nbsp;&nbsp;GPIO_ReadInputDataBit
<LI><a href="#[8b]">&gt;&gt;</a>&nbsp;&nbsp;&nbsp;write_cri
<LI><a href="#[71]">&gt;&gt;</a>&nbsp;&nbsp;&nbsp;runActionGroup
<LI><a href="#[73]">&gt;&gt;</a>&nbsp;&nbsp;&nbsp;read_dis1
<LI><a href="#[72]">&gt;&gt;</a>&nbsp;&nbsp;&nbsp;delay_ms
<LI><a href="#[75]">&gt;&gt;</a>&nbsp;&nbsp;&nbsp;__aeabi_fsub
<LI><a href="#[76]">&gt;&gt;</a>&nbsp;&nbsp;&nbsp;__aeabi_fdiv
<LI><a href="#[74]">&gt;&gt;</a>&nbsp;&nbsp;&nbsp;__aeabi_f2iz
<LI><a href="#[6c]">&gt;&gt;</a>&nbsp;&nbsp;&nbsp;go_to_xy
</UL>

<P><STRONG><a name="[8c]"></a>WareHouse</STRONG> (Thumb, 228 bytes, Stack size 40 bytes, main.o(.text), UNUSED)
<BR><BR>[Calls]<UL><LI><a href="#[70]">&gt;&gt;</a>&nbsp;&nbsp;&nbsp;GPIO_ReadInputDataBit
<LI><a href="#[89]">&gt;&gt;</a>&nbsp;&nbsp;&nbsp;read_dis2
<LI><a href="#[72]">&gt;&gt;</a>&nbsp;&nbsp;&nbsp;delay_ms
<LI><a href="#[75]">&gt;&gt;</a>&nbsp;&nbsp;&nbsp;__aeabi_fsub
<LI><a href="#[76]">&gt;&gt;</a>&nbsp;&nbsp;&nbsp;__aeabi_fdiv
<LI><a href="#[74]">&gt;&gt;</a>&nbsp;&nbsp;&nbsp;__aeabi_f2iz
<LI><a href="#[6c]">&gt;&gt;</a>&nbsp;&nbsp;&nbsp;go_to_xy
</UL>

<P><STRONG><a name="[8d]"></a>LiZhuang</STRONG> (Thumb, 526 bytes, Stack size 48 bytes, main.o(.text), UNUSED)
<BR><BR>[Calls]<UL><LI><a href="#[70]">&gt;&gt;</a>&nbsp;&nbsp;&nbsp;GPIO_ReadInputDataBit
<LI><a href="#[8b]">&gt;&gt;</a>&nbsp;&nbsp;&nbsp;write_cri
<LI><a href="#[8f]">&gt;&gt;</a>&nbsp;&nbsp;&nbsp;u8g2_SetFont
<LI><a href="#[91]">&gt;&gt;</a>&nbsp;&nbsp;&nbsp;u8g2_SendBuffer
<LI><a href="#[90]">&gt;&gt;</a>&nbsp;&nbsp;&nbsp;u8g2_DrawStr
<LI><a href="#[8e]">&gt;&gt;</a>&nbsp;&nbsp;&nbsp;u8g2_ClearBuffer
<LI><a href="#[71]">&gt;&gt;</a>&nbsp;&nbsp;&nbsp;runActionGroup
<LI><a href="#[72]">&gt;&gt;</a>&nbsp;&nbsp;&nbsp;delay_ms
<LI><a href="#[78]">&gt;&gt;</a>&nbsp;&nbsp;&nbsp;Usart_SendByte
<LI><a href="#[6c]">&gt;&gt;</a>&nbsp;&nbsp;&nbsp;go_to_xy
</UL>

<P><STRONG><a name="[231]"></a>GoBack</STRONG> (Thumb, 2 bytes, Stack size 0 bytes, main.o(.text), UNUSED)

<P><STRONG><a name="[92]"></a>jieti222</STRONG> (Thumb, 1152 bytes, Stack size 48 bytes, main.o(.text), UNUSED)
<BR><BR>[Calls]<UL><LI><a href="#[70]">&gt;&gt;</a>&nbsp;&nbsp;&nbsp;GPIO_ReadInputDataBit
<LI><a href="#[8f]">&gt;&gt;</a>&nbsp;&nbsp;&nbsp;u8g2_SetFont
<LI><a href="#[91]">&gt;&gt;</a>&nbsp;&nbsp;&nbsp;u8g2_SendBuffer
<LI><a href="#[90]">&gt;&gt;</a>&nbsp;&nbsp;&nbsp;u8g2_DrawStr
<LI><a href="#[8e]">&gt;&gt;</a>&nbsp;&nbsp;&nbsp;u8g2_ClearBuffer
<LI><a href="#[71]">&gt;&gt;</a>&nbsp;&nbsp;&nbsp;runActionGroup
<LI><a href="#[73]">&gt;&gt;</a>&nbsp;&nbsp;&nbsp;read_dis1
<LI><a href="#[72]">&gt;&gt;</a>&nbsp;&nbsp;&nbsp;delay_ms
<LI><a href="#[75]">&gt;&gt;</a>&nbsp;&nbsp;&nbsp;__aeabi_fsub
<LI><a href="#[76]">&gt;&gt;</a>&nbsp;&nbsp;&nbsp;__aeabi_fdiv
<LI><a href="#[74]">&gt;&gt;</a>&nbsp;&nbsp;&nbsp;__aeabi_f2iz
<LI><a href="#[78]">&gt;&gt;</a>&nbsp;&nbsp;&nbsp;Usart_SendByte
<LI><a href="#[6c]">&gt;&gt;</a>&nbsp;&nbsp;&nbsp;go_to_xy
</UL>

<P><STRONG><a name="[93]"></a>jieti2221</STRONG> (Thumb, 862 bytes, Stack size 48 bytes, main.o(.text), UNUSED)
<BR><BR>[Calls]<UL><LI><a href="#[70]">&gt;&gt;</a>&nbsp;&nbsp;&nbsp;GPIO_ReadInputDataBit
<LI><a href="#[71]">&gt;&gt;</a>&nbsp;&nbsp;&nbsp;runActionGroup
<LI><a href="#[73]">&gt;&gt;</a>&nbsp;&nbsp;&nbsp;read_dis1
<LI><a href="#[72]">&gt;&gt;</a>&nbsp;&nbsp;&nbsp;delay_ms
<LI><a href="#[75]">&gt;&gt;</a>&nbsp;&nbsp;&nbsp;__aeabi_fsub
<LI><a href="#[76]">&gt;&gt;</a>&nbsp;&nbsp;&nbsp;__aeabi_fdiv
<LI><a href="#[74]">&gt;&gt;</a>&nbsp;&nbsp;&nbsp;__aeabi_f2iz
<LI><a href="#[78]">&gt;&gt;</a>&nbsp;&nbsp;&nbsp;Usart_SendByte
<LI><a href="#[6c]">&gt;&gt;</a>&nbsp;&nbsp;&nbsp;go_to_xy
</UL>

<P><STRONG><a name="[2f]"></a>USART1_IRQHandler</STRONG> (Thumb, 40 bytes, Stack size 16 bytes, stm32f10x_it.o(.text))
<BR><BR>[Stack]<UL><LI>Max Depth = 32<LI>Call Chain = USART1_IRQHandler &rArr; USART_GetITStatus
</UL>
<BR>[Calls]<UL><LI><a href="#[96]">&gt;&gt;</a>&nbsp;&nbsp;&nbsp;USART_ClearITPendingBit
<LI><a href="#[94]">&gt;&gt;</a>&nbsp;&nbsp;&nbsp;USART_GetITStatus
<LI><a href="#[95]">&gt;&gt;</a>&nbsp;&nbsp;&nbsp;USART_ReceiveData
</UL>
<BR>[Address Reference Count : 1]<UL><LI> startup_stm32f10x_hd.o(RESET)
</UL>
<P><STRONG><a name="[31]"></a>USART3_IRQHandler</STRONG> (Thumb, 112 bytes, Stack size 8 bytes, stm32f10x_it.o(.text))
<BR><BR>[Stack]<UL><LI>Max Depth = 24<LI>Call Chain = USART3_IRQHandler &rArr; USART_GetITStatus
</UL>
<BR>[Calls]<UL><LI><a href="#[99]">&gt;&gt;</a>&nbsp;&nbsp;&nbsp;DMA_Cmd
<LI><a href="#[97]">&gt;&gt;</a>&nbsp;&nbsp;&nbsp;__aeabi_ui2f
<LI><a href="#[98]">&gt;&gt;</a>&nbsp;&nbsp;&nbsp;__ARM_scalbnf
<LI><a href="#[88]">&gt;&gt;</a>&nbsp;&nbsp;&nbsp;__aeabi_fmul
<LI><a href="#[94]">&gt;&gt;</a>&nbsp;&nbsp;&nbsp;USART_GetITStatus
<LI><a href="#[95]">&gt;&gt;</a>&nbsp;&nbsp;&nbsp;USART_ReceiveData
</UL>
<BR>[Address Reference Count : 1]<UL><LI> startup_stm32f10x_hd.o(RESET)
</UL>
<P><STRONG><a name="[3e]"></a>UART4_IRQHandler</STRONG> (Thumb, 34 bytes, Stack size 8 bytes, stm32f10x_it.o(.text))
<BR><BR>[Stack]<UL><LI>Max Depth = 24<LI>Call Chain = UART4_IRQHandler &rArr; USART_GetITStatus
</UL>
<BR>[Calls]<UL><LI><a href="#[97]">&gt;&gt;</a>&nbsp;&nbsp;&nbsp;__aeabi_ui2f
<LI><a href="#[94]">&gt;&gt;</a>&nbsp;&nbsp;&nbsp;USART_GetITStatus
<LI><a href="#[95]">&gt;&gt;</a>&nbsp;&nbsp;&nbsp;USART_ReceiveData
</UL>
<BR>[Address Reference Count : 1]<UL><LI> startup_stm32f10x_hd.o(RESET)
</UL>
<P><STRONG><a name="[3f]"></a>UART5_IRQHandler</STRONG> (Thumb, 40 bytes, Stack size 16 bytes, stm32f10x_it.o(.text))
<BR><BR>[Stack]<UL><LI>Max Depth = 32<LI>Call Chain = UART5_IRQHandler &rArr; USART_GetITStatus
</UL>
<BR>[Calls]<UL><LI><a href="#[96]">&gt;&gt;</a>&nbsp;&nbsp;&nbsp;USART_ClearITPendingBit
<LI><a href="#[94]">&gt;&gt;</a>&nbsp;&nbsp;&nbsp;USART_GetITStatus
<LI><a href="#[95]">&gt;&gt;</a>&nbsp;&nbsp;&nbsp;USART_ReceiveData
</UL>
<BR>[Address Reference Count : 1]<UL><LI> startup_stm32f10x_hd.o(RESET)
</UL>
<P><STRONG><a name="[30]"></a>USART2_IRQHandler</STRONG> (Thumb, 40 bytes, Stack size 16 bytes, stm32f10x_it.o(.text))
<BR><BR>[Stack]<UL><LI>Max Depth = 32<LI>Call Chain = USART2_IRQHandler &rArr; USART_GetITStatus
</UL>
<BR>[Calls]<UL><LI><a href="#[96]">&gt;&gt;</a>&nbsp;&nbsp;&nbsp;USART_ClearITPendingBit
<LI><a href="#[94]">&gt;&gt;</a>&nbsp;&nbsp;&nbsp;USART_GetITStatus
<LI><a href="#[95]">&gt;&gt;</a>&nbsp;&nbsp;&nbsp;USART_ReceiveData
</UL>
<BR>[Address Reference Count : 1]<UL><LI> startup_stm32f10x_hd.o(RESET)
</UL>
[...]
<BR><BR>[Stack]<UL><LI>Max Depth = 112<LI>Call Chain = __kernel_poly &rArr; __aeabi_dadd &rArr; _double_epilogue &rArr; _double_round
</UL>
<BR>[Calls]<UL><LI><a href="#[12b]">&gt;&gt;</a>&nbsp;&nbsp;&nbsp;__aeabi_dadd
<LI><a href="#[11e]">&gt;&gt;</a>&nbsp;&nbsp;&nbsp;__aeabi_dmul
</UL>
<BR>[Called By]<UL><LI><a href="#[1ae]">&gt;&gt;</a>&nbsp;&nbsp;&nbsp;__kernel_sin
<LI><a href="#[1ac]">&gt;&gt;</a>&nbsp;&nbsp;&nbsp;__kernel_cos
</UL>

<P><STRONG><a name="[1ae]"></a>__kernel_sin</STRONG> (Thumb, 224 bytes, Stack size 64 bytes, sin_i.o(i.__kernel_sin))
<BR><BR>[Stack]<UL><LI>Max Depth = 176<LI>Call Chain = __kernel_sin &rArr; __kernel_poly &rArr; __aeabi_dadd &rArr; _double_epilogue &rArr; _double_round
</UL>
<BR>[Calls]<UL><LI><a href="#[137]">&gt;&gt;</a>&nbsp;&nbsp;&nbsp;__ARM_scalbn
<LI><a href="#[12c]">&gt;&gt;</a>&nbsp;&nbsp;&nbsp;__aeabi_dsub
<LI><a href="#[12b]">&gt;&gt;</a>&nbsp;&nbsp;&nbsp;__aeabi_dadd
<LI><a href="#[11e]">&gt;&gt;</a>&nbsp;&nbsp;&nbsp;__aeabi_dmul
<LI><a href="#[1ad]">&gt;&gt;</a>&nbsp;&nbsp;&nbsp;__kernel_poly
<LI><a href="#[1af]">&gt;&gt;</a>&nbsp;&nbsp;&nbsp;__ARM_fpclassify
<LI><a href="#[1b0]">&gt;&gt;</a>&nbsp;&nbsp;&nbsp;__mathlib_dbl_underflow
<LI><a href="#[19f]">&gt;&gt;</a>&nbsp;&nbsp;&nbsp;__aeabi_drsub
</UL>
<BR>[Called By]<UL><LI><a href="#[131]">&gt;&gt;</a>&nbsp;&nbsp;&nbsp;sin
<LI><a href="#[130]">&gt;&gt;</a>&nbsp;&nbsp;&nbsp;cos
</UL>

<P><STRONG><a name="[1b1]"></a>__mathlib_dbl_infnan</STRONG> (Thumb, 6 bytes, Stack size 0 bytes, dunder.o(i.__mathlib_dbl_infnan))
<BR><BR>[Stack]<UL><LI>Max Depth = 16<LI>Call Chain = __mathlib_dbl_infnan &rArr; __ARM_scalbn
</UL>
<BR>[Calls]<UL><LI><a href="#[137]">&gt;&gt;</a>&nbsp;&nbsp;&nbsp;__ARM_scalbn
</UL>
<BR>[Called By]<UL><LI><a href="#[131]">&gt;&gt;</a>&nbsp;&nbsp;&nbsp;sin
<LI><a href="#[130]">&gt;&gt;</a>&nbsp;&nbsp;&nbsp;cos
</UL>

<P><STRONG><a name="[1b2]"></a>__mathlib_dbl_invalid</STRONG> (Thumb, 12 bytes, Stack size 0 bytes, dunder.o(i.__mathlib_dbl_invalid))
<BR><BR>[Stack]<UL><LI>Max Depth = 40<LI>Call Chain = __mathlib_dbl_invalid &rArr; __aeabi_ddiv &rArr; _double_round
</UL>
<BR>[Calls]<UL><LI><a href="#[12f]">&gt;&gt;</a>&nbsp;&nbsp;&nbsp;__aeabi_ddiv
</UL>
<BR>[Called By]<UL><LI><a href="#[131]">&gt;&gt;</a>&nbsp;&nbsp;&nbsp;sin
<LI><a href="#[12e]">&gt;&gt;</a>&nbsp;&nbsp;&nbsp;fmod
<LI><a href="#[130]">&gt;&gt;</a>&nbsp;&nbsp;&nbsp;cos
</UL>

<P><STRONG><a name="[1b0]"></a>__mathlib_dbl_underflow</STRONG> (Thumb, 10 bytes, Stack size 0 bytes, dunder.o(i.__mathlib_dbl_underflow))
<BR><BR>[Stack]<UL><LI>Max Depth = 16<LI>Call Chain = __mathlib_dbl_underflow &rArr; __ARM_scalbn
</UL>
<BR>[Calls]<UL><LI><a href="#[137]">&gt;&gt;</a>&nbsp;&nbsp;&nbsp;__ARM_scalbn
</UL>
<BR>[Called By]<UL><LI><a href="#[1ae]">&gt;&gt;</a>&nbsp;&nbsp;&nbsp;__kernel_sin
</UL>

<P><STRONG><a name="[26c]"></a>__scatterload_copy</STRONG> (Thumb, 14 bytes, Stack size unknown bytes, handlers.o(i.__scatterload_copy), UNUSED)

<P><STRONG><a name="[26d]"></a>__scatterload_null</STRONG> (Thumb, 2 bytes, Stack size unknown bytes, handlers.o(i.__scatterload_null), UNUSED)

<P><STRONG><a name="[26e]"></a>__scatterload_zeroinit</STRONG> (Thumb, 14 bytes, Stack size unknown bytes, handlers.o(i.__scatterload_zeroinit), UNUSED)

<P><STRONG><a name="[1b7]"></a>__set_errno</STRONG> (Thumb, 6 bytes, Stack size 0 bytes, errno.o(i.__set_errno))
<BR><BR>[Called By]<UL><LI><a href="#[136]">&gt;&gt;</a>&nbsp;&nbsp;&nbsp;sqrt
<LI><a href="#[131]">&gt;&gt;</a>&nbsp;&nbsp;&nbsp;sin
<LI><a href="#[12e]">&gt;&gt;</a>&nbsp;&nbsp;&nbsp;fmod
<LI><a href="#[130]">&gt;&gt;</a>&nbsp;&nbsp;&nbsp;cos
</UL>

<P><STRONG><a name="[130]"></a>cos</STRONG> (Thumb, 148 bytes, Stack size 32 bytes, cos.o(i.cos))
<BR><BR>[Stack]<UL><LI>Max Depth = 248<LI>Call Chain = cos &rArr; __ieee754_rem_pio2 &rArr; __aeabi_dsub &rArr; __aeabi_dadd &rArr; _double_epilogue &rArr; _double_round
</UL>
<BR>[Calls]<UL><LI><a href="#[1b7]">&gt;&gt;</a>&nbsp;&nbsp;&nbsp;__set_errno
<LI><a href="#[1ae]">&gt;&gt;</a>&nbsp;&nbsp;&nbsp;__kernel_sin
<LI><a href="#[1ab]">&gt;&gt;</a>&nbsp;&nbsp;&nbsp;__ieee754_rem_pio2
<LI><a href="#[1b2]">&gt;&gt;</a>&nbsp;&nbsp;&nbsp;__mathlib_dbl_invalid
<LI><a href="#[1b1]">&gt;&gt;</a>&nbsp;&nbsp;&nbsp;__mathlib_dbl_infnan
<LI><a href="#[1ac]">&gt;&gt;</a>&nbsp;&nbsp;&nbsp;__kernel_cos
</UL>
<BR>[Called By]<UL><LI><a href="#[12d]">&gt;&gt;</a>&nbsp;&nbsp;&nbsp;mecanum_polar
<LI><a href="#[121]">&gt;&gt;</a>&nbsp;&nbsp;&nbsp;RobotCalculate
</UL>

<P><STRONG><a name="[12e]"></a>fmod</STRONG> (Thumb, 144 bytes, Stack size 16 bytes, fmod.o(i.fmod), UNUSED)
<BR><BR>[Calls]<UL><LI><a href="#[1b7]">&gt;&gt;</a>&nbsp;&nbsp;&nbsp;__set_errno
<LI><a href="#[1b2]">&gt;&gt;</a>&nbsp;&nbsp;&nbsp;__mathlib_dbl_invalid
<LI><a href="#[1a3]">&gt;&gt;</a>&nbsp;&nbsp;&nbsp;_drem
<LI><a href="#[19f]">&gt;&gt;</a>&nbsp;&nbsp;&nbsp;__aeabi_drsub
</UL>
<BR>[Called By]<UL><LI><a href="#[12d]">&gt;&gt;</a>&nbsp;&nbsp;&nbsp;mecanum_polar
</UL>

<P><STRONG><a name="[131]"></a>sin</STRONG> (Thumb, 150 bytes, Stack size 32 bytes, sin.o(i.sin))
<BR><BR>[Stack]<UL><LI>Max Depth = 248<LI>Call Chain = sin &rArr; __ieee754_rem_pio2 &rArr; __aeabi_dsub &rArr; __aeabi_dadd &rArr; _double_epilogue &rArr; _double_round
</UL>
<BR>[Calls]<UL><LI><a href="#[1b7]">&gt;&gt;</a>&nbsp;&nbsp;&nbsp;__set_errno
<LI><a href="#[1ae]">&gt;&gt;</a>&nbsp;&nbsp;&nbsp;__kernel_sin
<LI><a href="#[1ab]">&gt;&gt;</a>&nbsp;&nbsp;&nbsp;__ieee754_rem_pio2
<LI><a href="#[1b2]">&gt;&gt;</a>&nbsp;&nbsp;&nbsp;__mathlib_dbl_invalid
<LI><a href="#[1b1]">&gt;&gt;</a>&nbsp;&nbsp;&nbsp;__mathlib_dbl_infnan
<LI><a href="#[1ac]">&gt;&gt;</a>&nbsp;&nbsp;&nbsp;__kernel_cos
</UL>
<BR>[Called By]<UL><LI><a href="#[12d]">&gt;&gt;</a>&nbsp;&nbsp;&nbsp;mecanum_polar
<LI><a href="#[121]">&gt;&gt;</a>&nbsp;&nbsp;&nbsp;RobotCalculate
</UL>

<P><STRONG><a name="[136]"></a>sqrt</STRONG> (Thumb, 76 bytes, Stack size 24 bytes, sqrt.o(i.sqrt))
<BR><BR>[Stack]<UL><LI>Max Depth = 64<LI>Call Chain = sqrt &rArr; _dsqrt &rArr; _double_round
</UL>
<BR>[Calls]<UL><LI><a href="#[1b7]">&gt;&gt;</a>&nbsp;&nbsp;&nbsp;__set_errno
<LI><a href="#[1a2]">&gt;&gt;</a>&nbsp;&nbsp;&nbsp;_dsqrt
</UL>
<BR>[Called By]<UL><LI><a href="#[6e]">&gt;&gt;</a>&nbsp;&nbsp;&nbsp;calcTrapezoidalProfile
</UL>
<P>
<H3>
Local Symbols
</H3>
<P><STRONG><a name="[53]"></a>SetSysClockTo72</STRONG> (Thumb, 160 bytes, Stack size 12 bytes, system_stm32f10x.o(.text))
<BR><BR>[Stack]<UL><LI>Max Depth = 12<LI>Call Chain = SetSysClockTo72
</UL>
<BR>[Called By]<UL><LI><a href="#[47]">&gt;&gt;</a>&nbsp;&nbsp;&nbsp;SystemInit
</UL>

<P><STRONG><a name="[5e]"></a>TI2_Config</STRONG> (Thumb, 166 bytes, Stack size 20 bytes, stm32f10x_tim.o(.text))
<BR><BR>[Stack]<UL><LI>Max Depth = 20<LI>Call Chain = TI2_Config
</UL>
<BR>[Called By]<UL><LI><a href="#[65]">&gt;&gt;</a>&nbsp;&nbsp;&nbsp;TIM_TIxExternalClockConfig
<LI><a href="#[62]">&gt;&gt;</a>&nbsp;&nbsp;&nbsp;TIM_PWMIConfig
<LI><a href="#[5b]">&gt;&gt;</a>&nbsp;&nbsp;&nbsp;TIM_ICInit
</UL>

<P><STRONG><a name="[5c]"></a>TI1_Config</STRONG> (Thumb, 88 bytes, Stack size 16 bytes, stm32f10x_tim.o(.text))
<BR><BR>[Stack]<UL><LI>Max Depth = 16<LI>Call Chain = TI1_Config
</UL>
<BR>[Called By]<UL><LI><a href="#[65]">&gt;&gt;</a>&nbsp;&nbsp;&nbsp;TIM_TIxExternalClockConfig
<LI><a href="#[62]">&gt;&gt;</a>&nbsp;&nbsp;&nbsp;TIM_PWMIConfig
<LI><a href="#[5b]">&gt;&gt;</a>&nbsp;&nbsp;&nbsp;TIM_ICInit
</UL>

<P><STRONG><a name="[a0]"></a>prvAddNewTaskToReadyList</STRONG> (Thumb, 190 bytes, Stack size 24 bytes, tasks.o(.text), UNUSED)
<BR><BR>[Calls]<UL><LI><a href="#[a3]">&gt;&gt;</a>&nbsp;&nbsp;&nbsp;vListInsertEnd
<LI><a href="#[a4]">&gt;&gt;</a>&nbsp;&nbsp;&nbsp;vPortExitCritical
<LI><a href="#[a1]">&gt;&gt;</a>&nbsp;&nbsp;&nbsp;vPortEnterCritical
<LI><a href="#[a2]">&gt;&gt;</a>&nbsp;&nbsp;&nbsp;vListInitialise
</UL>
<BR>[Called By]<UL><LI><a href="#[a5]">&gt;&gt;</a>&nbsp;&nbsp;&nbsp;xTaskCreate
</UL>

<P><STRONG><a name="[b0]"></a>prvAddCurrentTaskToDelayedList</STRONG> (Thumb, 102 bytes, Stack size 24 bytes, tasks.o(.text), UNUSED)
<BR><BR>[Calls]<UL><LI><a href="#[aa]">&gt;&gt;</a>&nbsp;&nbsp;&nbsp;uxListRemove
<LI><a href="#[b1]">&gt;&gt;</a>&nbsp;&nbsp;&nbsp;vListInsert
<LI><a href="#[a3]">&gt;&gt;</a>&nbsp;&nbsp;&nbsp;vListInsertEnd
</UL>
<BR>[Called By]<UL><LI><a href="#[cc]">&gt;&gt;</a>&nbsp;&nbsp;&nbsp;xTaskNotifyWait
<LI><a href="#[cb]">&gt;&gt;</a>&nbsp;&nbsp;&nbsp;ulTaskNotifyTake
<LI><a href="#[b2]">&gt;&gt;</a>&nbsp;&nbsp;&nbsp;vTaskDelayUntil
<LI><a href="#[c5]">&gt;&gt;</a>&nbsp;&nbsp;&nbsp;vTaskPlaceOnEventList
<LI><a href="#[c6]">&gt;&gt;</a>&nbsp;&nbsp;&nbsp;vTaskPlaceOnUnorderedEventList
<LI><a href="#[b4]">&gt;&gt;</a>&nbsp;&nbsp;&nbsp;vTaskDelay
</UL>

<P><STRONG><a name="[bb]"></a>prvTaskIsTaskSuspended</STRONG> (Thumb, 48 bytes, Stack size 16 bytes, tasks.o(.text), UNUSED)
<BR><BR>[Calls]<UL><LI><a href="#[ad]">&gt;&gt;</a>&nbsp;&nbsp;&nbsp;__2printf
</UL>
<BR>[Called By]<UL><LI><a href="#[bd]">&gt;&gt;</a>&nbsp;&nbsp;&nbsp;xTaskResumeFromISR
<LI><a href="#[bc]">&gt;&gt;</a>&nbsp;&nbsp;&nbsp;vTaskResume
</UL>

<P><STRONG><a name="[49]"></a>prvIdleTask</STRONG> (Thumb, 30 bytes, Stack size 0 bytes, tasks.o(.text))
<BR><BR>[Stack]<UL><LI>Max Depth = 120<LI>Call Chain = prvIdleTask &rArr; prvCheckTasksWaitingTermination &rArr; prvDeleteTCB &rArr; vPortFree &rArr; xTaskResumeAll &rArr; xTaskIncrementTick &rArr; __2printf
</UL>
<BR>[Calls]<UL><LI><a href="#[be]">&gt;&gt;</a>&nbsp;&nbsp;&nbsp;prvCheckTasksWaitingTermination
</UL>
<BR>[Address Reference Count : 1]<UL><LI> tasks.o(.text)
</UL>
<P><STRONG><a name="[a7]"></a>prvInitialiseNewTask</STRONG> (Thumb, 136 bytes, Stack size 32 bytes, tasks.o(.text), UNUSED)
<BR><BR>[Calls]<UL><LI><a href="#[d2]">&gt;&gt;</a>&nbsp;&nbsp;&nbsp;pxPortInitialiseStack
<LI><a href="#[d1]">&gt;&gt;</a>&nbsp;&nbsp;&nbsp;vListInitialiseItem
<LI><a href="#[ad]">&gt;&gt;</a>&nbsp;&nbsp;&nbsp;__2printf
</UL>
<BR>[Called By]<UL><LI><a href="#[a5]">&gt;&gt;</a>&nbsp;&nbsp;&nbsp;xTaskCreate
</UL>

<P><STRONG><a name="[ac]"></a>prvResetNextTaskUnblockTime</STRONG> (Thumb, 26 bytes, Stack size 0 bytes, tasks.o(.text))
<BR><BR>[Called By]<UL><LI><a href="#[ae]">&gt;&gt;</a>&nbsp;&nbsp;&nbsp;xTaskIncrementTick
<LI><a href="#[a9]">&gt;&gt;</a>&nbsp;&nbsp;&nbsp;vTaskDelete
<LI><a href="#[af]">&gt;&gt;</a>&nbsp;&nbsp;&nbsp;xTaskResumeAll
<LI><a href="#[ba]">&gt;&gt;</a>&nbsp;&nbsp;&nbsp;vTaskSuspend
</UL>

<P><STRONG><a name="[ab]"></a>prvDeleteTCB</STRONG> (Thumb, 20 bytes, Stack size 8 bytes, tasks.o(.text))
<BR><BR>[Stack]<UL><LI>Max Depth = 104<LI>Call Chain = prvDeleteTCB &rArr; vPortFree &rArr; xTaskResumeAll &rArr; xTaskIncrementTick &rArr; __2printf
</UL>
<BR>[Calls]<UL><LI><a href="#[a8]">&gt;&gt;</a>&nbsp;&nbsp;&nbsp;vPortFree
</UL>
<BR>[Called By]<UL><LI><a href="#[a9]">&gt;&gt;</a>&nbsp;&nbsp;&nbsp;vTaskDelete
<LI><a href="#[be]">&gt;&gt;</a>&nbsp;&nbsp;&nbsp;prvCheckTasksWaitingTermination
</UL>

<P><STRONG><a name="[be]"></a>prvCheckTasksWaitingTermination</STRONG> (Thumb, 76 bytes, Stack size 16 bytes, tasks.o(.text))
<BR><BR>[Stack]<UL><LI>Max Depth = 120<LI>Call Chain = prvCheckTasksWaitingTermination &rArr; prvDeleteTCB &rArr; vPortFree &rArr; xTaskResumeAll &rArr; xTaskIncrementTick &rArr; __2printf
</UL>
<BR>[Calls]<UL><LI><a href="#[ab]">&gt;&gt;</a>&nbsp;&nbsp;&nbsp;prvDeleteTCB
<LI><a href="#[aa]">&gt;&gt;</a>&nbsp;&nbsp;&nbsp;uxListRemove
<LI><a href="#[af]">&gt;&gt;</a>&nbsp;&nbsp;&nbsp;xTaskResumeAll
<LI><a href="#[b3]">&gt;&gt;</a>&nbsp;&nbsp;&nbsp;vTaskSuspendAll
<LI><a href="#[a4]">&gt;&gt;</a>&nbsp;&nbsp;&nbsp;vPortExitCritical
<LI><a href="#[a1]">&gt;&gt;</a>&nbsp;&nbsp;&nbsp;vPortEnterCritical
</UL>
<BR>[Called By]<UL><LI><a href="#[49]">&gt;&gt;</a>&nbsp;&nbsp;&nbsp;prvIdleTask
</UL>

<P><STRONG><a name="[d4]"></a>prvInsertBlockIntoFreeList</STRONG> (Thumb, 72 bytes, Stack size 12 bytes, heap_4.o(.text))
<BR><BR>[Stack]<UL><LI>Max Depth = 12<LI>Call Chain = prvInsertBlockIntoFreeList
</UL>
<BR>[Called By]<UL><LI><a href="#[a8]">&gt;&gt;</a>&nbsp;&nbsp;&nbsp;vPortFree
<LI><a href="#[a6]">&gt;&gt;</a>&nbsp;&nbsp;&nbsp;pvPortMalloc
</UL>

<P><STRONG><a name="[d3]"></a>prvHeapInit</STRONG> (Thumb, 66 bytes, Stack size 0 bytes, heap_4.o(.text), UNUSED)
<BR><BR>[Called By]<UL><LI><a href="#[a6]">&gt;&gt;</a>&nbsp;&nbsp;&nbsp;pvPortMalloc
</UL>

<P><STRONG><a name="[4a]"></a>prvTaskExitError</STRONG> (Thumb, 34 bytes, Stack size 0 bytes, port.o(.text))
<BR><BR>[Stack]<UL><LI>Max Depth = 24<LI>Call Chain = prvTaskExitError &rArr; __2printf
</UL>
<BR>[Calls]<UL><LI><a href="#[ad]">&gt;&gt;</a>&nbsp;&nbsp;&nbsp;__2printf
</UL>
<BR>[Address Reference Count : 1]<UL><LI> port.o(.text)
</UL>
<P><STRONG><a name="[10f]"></a>protocol_frame_parse</STRONG> (Thumb, 430 bytes, Stack size 48 bytes, protocol.o(.text), UNUSED)
<BR><BR>[Calls]<UL><LI><a href="#[111]">&gt;&gt;</a>&nbsp;&nbsp;&nbsp;check_sum
<LI><a href="#[110]">&gt;&gt;</a>&nbsp;&nbsp;&nbsp;recvbuf_get_len_to_parse
<LI><a href="#[112]">&gt;&gt;</a>&nbsp;&nbsp;&nbsp;__aeabi_memcpy
</UL>
<BR>[Called By]<UL><LI><a href="#[114]">&gt;&gt;</a>&nbsp;&nbsp;&nbsp;receiving_process
</UL>

<P><STRONG><a name="[110]"></a>recvbuf_get_len_to_parse</STRONG> (Thumb, 26 bytes, Stack size 8 bytes, protocol.o(.text), UNUSED)
<BR><BR>[Called By]<UL><LI><a href="#[10f]">&gt;&gt;</a>&nbsp;&nbsp;&nbsp;protocol_frame_parse
</UL>

<P><STRONG><a name="[143]"></a>absf</STRONG> (Thumb, 12 bytes, Stack size 0 bytes, bsp_sys.o(.text), UNUSED)
<BR><BR>[Called By]<UL><LI><a href="#[8b]">&gt;&gt;</a>&nbsp;&nbsp;&nbsp;write_cri
</UL>

<P><STRONG><a name="[145]"></a>u8g2_send_buffer</STRONG> (Thumb, 76 bytes, Stack size 32 bytes, u8g2_buffer.o(.text), UNUSED)
<BR><BR>[Calls]<UL><LI><a href="#[146]">&gt;&gt;</a>&nbsp;&nbsp;&nbsp;u8x8_DrawTile
</UL>
<BR>[Called By]<UL><LI><a href="#[91]">&gt;&gt;</a>&nbsp;&nbsp;&nbsp;u8g2_SendBuffer
<LI><a href="#[14c]">&gt;&gt;</a>&nbsp;&nbsp;&nbsp;u8g2_UpdateDisplay
<LI><a href="#[14a]">&gt;&gt;</a>&nbsp;&nbsp;&nbsp;u8g2_NextPage
</UL>

<P><STRONG><a name="[15e]"></a>u8g2_font_setup_decode</STRONG> (Thumb, 52 bytes, Stack size 12 bytes, u8g2_font.o(.text), UNUSED)
<BR><BR>[Calls]<UL><LI><a href="#[159]">&gt;&gt;</a>&nbsp;&nbsp;&nbsp;u8g2_font_decode_get_unsigned_bits
</UL>
<BR>[Called By]<UL><LI><a href="#[176]">&gt;&gt;</a>&nbsp;&nbsp;&nbsp;u8g2_GetStrX
<LI><a href="#[163]">&gt;&gt;</a>&nbsp;&nbsp;&nbsp;u8g2_GetGlyphWidth
<LI><a href="#[15f]">&gt;&gt;</a>&nbsp;&nbsp;&nbsp;u8g2_font_decode_glyph
</UL>

<P><STRONG><a name="[165]"></a>u8g2_draw_string</STRONG> (Thumb, 108 bytes, Stack size 32 bytes, u8g2_font.o(.text), UNUSED)
<BR><BR>[Calls]<UL><LI><a href="#[166]">&gt;&gt;</a>&nbsp;&nbsp;&nbsp;u8x8_utf8_init
<LI><a href="#[164]">&gt;&gt;</a>&nbsp;&nbsp;&nbsp;u8g2_DrawGlyph
</UL>
<BR>[Called By]<UL><LI><a href="#[90]">&gt;&gt;</a>&nbsp;&nbsp;&nbsp;u8g2_DrawStr
<LI><a href="#[167]">&gt;&gt;</a>&nbsp;&nbsp;&nbsp;u8g2_DrawUTF8
</UL>

<P><STRONG><a name="[175]"></a>u8g2_string_width</STRONG> (Thumb, 114 bytes, Stack size 32 bytes, u8g2_font.o(.text), UNUSED)
<BR><BR>[Calls]<UL><LI><a href="#[166]">&gt;&gt;</a>&nbsp;&nbsp;&nbsp;u8x8_utf8_init
<LI><a href="#[163]">&gt;&gt;</a>&nbsp;&nbsp;&nbsp;u8g2_GetGlyphWidth
</UL>
<BR>[Called By]<UL><LI><a href="#[178]">&gt;&gt;</a>&nbsp;&nbsp;&nbsp;u8g2_GetUTF8Width
<LI><a href="#[177]">&gt;&gt;</a>&nbsp;&nbsp;&nbsp;u8g2_GetStrWidth
</UL>

<P><STRONG><a name="[156]"></a>u8g2_font_get_word</STRONG> (Thumb, 20 bytes, Stack size 0 bytes, u8g2_font.o(.text), UNUSED)
<BR><BR>[Called By]<UL><LI><a href="#[161]">&gt;&gt;</a>&nbsp;&nbsp;&nbsp;u8g2_font_get_glyph_data
<LI><a href="#[157]">&gt;&gt;</a>&nbsp;&nbsp;&nbsp;u8g2_GetFontSize
<LI><a href="#[155]">&gt;&gt;</a>&nbsp;&nbsp;&nbsp;u8g2_read_font_info
</UL>

<P><STRONG><a name="[179]"></a>u8g2_clip_intersection2</STRONG> (Thumb, 60 bytes, Stack size 12 bytes, u8g2_hvline.o(.text), UNUSED)
<BR><BR>[Called By]<UL><LI><a href="#[15d]">&gt;&gt;</a>&nbsp;&nbsp;&nbsp;u8g2_DrawHVLine
</UL>

<P><STRONG><a name="[17f]"></a>u8x8_get_glyph_data</STRONG> (Thumb, 104 bytes, Stack size 20 bytes, u8x8_8x8.o(.text), UNUSED)
<BR><BR>[Called By]<UL><LI><a href="#[182]">&gt;&gt;</a>&nbsp;&nbsp;&nbsp;u8x8_Draw1x2Glyph
<LI><a href="#[181]">&gt;&gt;</a>&nbsp;&nbsp;&nbsp;u8x8_draw_2x2_subglyph
<LI><a href="#[17e]">&gt;&gt;</a>&nbsp;&nbsp;&nbsp;u8x8_DrawGlyph
</UL>

<P><STRONG><a name="[184]"></a>u8x8_draw_string</STRONG> (Thumb, 80 bytes, Stack size 40 bytes, u8x8_8x8.o(.text), UNUSED)
<BR><BR>[Calls]<UL><LI><a href="#[17e]">&gt;&gt;</a>&nbsp;&nbsp;&nbsp;u8x8_DrawGlyph
</UL>
<BR>[Called By]<UL><LI><a href="#[186]">&gt;&gt;</a>&nbsp;&nbsp;&nbsp;u8x8_DrawUTF8
<LI><a href="#[185]">&gt;&gt;</a>&nbsp;&nbsp;&nbsp;u8x8_DrawString
</UL>

<P><STRONG><a name="[187]"></a>u8x8_draw_2x2_string</STRONG> (Thumb, 82 bytes, Stack size 40 bytes, u8x8_8x8.o(.text), UNUSED)
<BR><BR>[Calls]<UL><LI><a href="#[180]">&gt;&gt;</a>&nbsp;&nbsp;&nbsp;u8x8_Draw2x2Glyph
</UL>
<BR>[Called By]<UL><LI><a href="#[189]">&gt;&gt;</a>&nbsp;&nbsp;&nbsp;u8x8_Draw2x2UTF8
<LI><a href="#[188]">&gt;&gt;</a>&nbsp;&nbsp;&nbsp;u8x8_Draw2x2String
</UL>

<P><STRONG><a name="[18a]"></a>u8x8_draw_1x2_string</STRONG> (Thumb, 78 bytes, Stack size 40 bytes, u8x8_8x8.o(.text), UNUSED)
<BR><BR>[Calls]<UL><LI><a href="#[182]">&gt;&gt;</a>&nbsp;&nbsp;&nbsp;u8x8_Draw1x2Glyph
</UL>
<BR>[Called By]<UL><LI><a href="#[18c]">&gt;&gt;</a>&nbsp;&nbsp;&nbsp;u8x8_Draw1x2UTF8
<LI><a href="#[18b]">&gt;&gt;</a>&nbsp;&nbsp;&nbsp;u8x8_Draw1x2String
</UL>

<P><STRONG><a name="[181]"></a>u8x8_draw_2x2_subglyph</STRONG> (Thumb, 152 bytes, Stack size 56 bytes, u8x8_8x8.o(.text), UNUSED)
<BR><BR>[Calls]<UL><LI><a href="#[146]">&gt;&gt;</a>&nbsp;&nbsp;&nbsp;u8x8_DrawTile
<LI><a href="#[183]">&gt;&gt;</a>&nbsp;&nbsp;&nbsp;u8x8_upscale_byte
<LI><a href="#[18e]">&gt;&gt;</a>&nbsp;&nbsp;&nbsp;u8x8_upscale_buf
<LI><a href="#[17f]">&gt;&gt;</a>&nbsp;&nbsp;&nbsp;u8x8_get_glyph_data
</UL>
<BR>[Called By]<UL><LI><a href="#[180]">&gt;&gt;</a>&nbsp;&nbsp;&nbsp;u8x8_Draw2x2Glyph
</UL>

<P><STRONG><a name="[18e]"></a>u8x8_upscale_buf</STRONG> (Thumb, 26 bytes, Stack size 0 bytes, u8x8_8x8.o(.text), UNUSED)
<BR><BR>[Called By]<UL><LI><a href="#[181]">&gt;&gt;</a>&nbsp;&nbsp;&nbsp;u8x8_draw_2x2_subglyph
</UL>

<P><STRONG><a name="[1b3]"></a>_fp_digits</STRONG> (Thumb, 366 bytes, Stack size 64 bytes, printfa.o(i._fp_digits), UNUSED)
<BR><BR>[Calls]<UL><LI><a href="#[12f]">&gt;&gt;</a>&nbsp;&nbsp;&nbsp;__aeabi_ddiv
<LI><a href="#[12b]">&gt;&gt;</a>&nbsp;&nbsp;&nbsp;__aeabi_dadd
<LI><a href="#[11e]">&gt;&gt;</a>&nbsp;&nbsp;&nbsp;__aeabi_dmul
<LI><a href="#[11c]">&gt;&gt;</a>&nbsp;&nbsp;&nbsp;__aeabi_cdrcmple
<LI><a href="#[1a0]">&gt;&gt;</a>&nbsp;&nbsp;&nbsp;__aeabi_uldivmod
<LI><a href="#[1a4]">&gt;&gt;</a>&nbsp;&nbsp;&nbsp;__aeabi_d2ulz
</UL>
<BR>[Called By]<UL><LI><a href="#[1aa]">&gt;&gt;</a>&nbsp;&nbsp;&nbsp;_printf_core
</UL>

<P><STRONG><a name="[1aa]"></a>_printf_core</STRONG> (Thumb, 1704 bytes, Stack size 136 bytes, printfa.o(i._printf_core), UNUSED)
<BR><BR>[Calls]<UL><LI><a href="#[1a0]">&gt;&gt;</a>&nbsp;&nbsp;&nbsp;__aeabi_uldivmod
<LI><a href="#[1b6]">&gt;&gt;</a>&nbsp;&nbsp;&nbsp;__aeabi_uidivmod
<LI><a href="#[1b4]">&gt;&gt;</a>&nbsp;&nbsp;&nbsp;_printf_pre_padding
<LI><a href="#[1b5]">&gt;&gt;</a>&nbsp;&nbsp;&nbsp;_printf_post_padding
<LI><a href="#[1b3]">&gt;&gt;</a>&nbsp;&nbsp;&nbsp;_fp_digits
</UL>
<BR>[Called By]<UL><LI><a href="#[1a9]">&gt;&gt;</a>&nbsp;&nbsp;&nbsp;__0printf
</UL>

<P><STRONG><a name="[1b5]"></a>_printf_post_padding</STRONG> (Thumb, 36 bytes, Stack size 24 bytes, printfa.o(i._printf_post_padding), UNUSED)
<BR><BR>[Called By]<UL><LI><a href="#[1aa]">&gt;&gt;</a>&nbsp;&nbsp;&nbsp;_printf_core
</UL>

<P><STRONG><a name="[1b4]"></a>_printf_pre_padding</STRONG> (Thumb, 46 bytes, Stack size 24 bytes, printfa.o(i._printf_pre_padding), UNUSED)
<BR><BR>[Called By]<UL><LI><a href="#[1aa]">&gt;&gt;</a>&nbsp;&nbsp;&nbsp;_printf_core
</UL>
<P>
<H3>
Undefined Global Symbols
</H3><HR></body></html>
