Component: ARM Compiler 5.06 update 7 (build 960) Tool: armlink [4d3601]

==============================================================================

Section Cross References

    startup_stm32f10x_hd.o(RESET) refers to startup_stm32f10x_hd.o(STACK) for __initial_sp
    startup_stm32f10x_hd.o(RESET) refers to startup_stm32f10x_hd.o(.text) for Reset_Handler
    startup_stm32f10x_hd.o(RESET) refers to stm32f10x_it.o(.text) for NMI_Handler
    startup_stm32f10x_hd.o(RESET) refers to port.o(.emb_text) for SVC_Handler
    startup_stm32f10x_hd.o(.text) refers to system_stm32f10x.o(.text) for SystemInit
    startup_stm32f10x_hd.o(.text) refers to entry.o(.ARM.Collect$$$$00000000) for __main
    system_stm32f10x.o(.text) refers to system_stm32f10x.o(.data) for .data
    stm32f10x_adc.o(.text) refers to stm32f10x_rcc.o(.text) for RCC_APB2PeriphResetCmd
    stm32f10x_bkp.o(.text) refers to stm32f10x_rcc.o(.text) for RCC_BackupResetCmd
    stm32f10x_can.o(.text) refers to stm32f10x_rcc.o(.text) for RCC_APB1PeriphResetCmd
    stm32f10x_cec.o(.text) refers to stm32f10x_rcc.o(.text) for RCC_APB1PeriphResetCmd
    stm32f10x_dac.o(.text) refers to stm32f10x_rcc.o(.text) for RCC_APB1PeriphResetCmd
    stm32f10x_gpio.o(.text) refers to stm32f10x_rcc.o(.text) for RCC_APB2PeriphResetCmd
    stm32f10x_i2c.o(.text) refers to stm32f10x_rcc.o(.text) for RCC_APB1PeriphResetCmd
    stm32f10x_pwr.o(.text) refers to stm32f10x_rcc.o(.text) for RCC_APB1PeriphResetCmd
    stm32f10x_rcc.o(.text) refers to stm32f10x_rcc.o(.data) for .data
    stm32f10x_spi.o(.text) refers to stm32f10x_rcc.o(.text) for RCC_APB2PeriphResetCmd
    stm32f10x_tim.o(.text) refers to stm32f10x_rcc.o(.text) for RCC_APB1PeriphResetCmd
    stm32f10x_usart.o(.text) refers to stm32f10x_rcc.o(.text) for RCC_APB2PeriphResetCmd
    stm32f10x_wwdg.o(.text) refers to stm32f10x_rcc.o(.text) for RCC_APB1PeriphResetCmd
    main.o(.text) refers to f2d.o(.text) for __aeabi_f2d
    main.o(.text) refers to velocityprofile.o(.text) for calcTrapezoidalProfile
    main.o(.text) refers to stm32f10x_gpio.o(.text) for GPIO_ReadInputDataBit
    main.o(.text) refers to lobotservocontroller.o(.text) for runActionGroup
    main.o(.text) refers to delay.o(.text) for delay_ms
    main.o(.text) refers to vl53l1x.o(.text) for read_dis1
    main.o(.text) refers to ffixi.o(.text) for __aeabi_f2iz
    main.o(.text) refers to fadd.o(.text) for __aeabi_fsub
    main.o(.text) refers to fdiv.o(.text) for __aeabi_fdiv
    main.o(.text) refers to usart.o(.text) for Usart_SendByte
    main.o(.text) refers to main.o(.data) for .data
    main.o(.text) refers to main.o(.bss) for .bss
    main.o(.text) refers to bsp_pid.o(.data) for ti
    main.o(.text) refers to motor.o(.bss) for my_car
    main.o(.text) refers to openmv.o(.data) for MVData
    main.o(.text) refers to misc.o(.text) for NVIC_PriorityGroupConfig
    main.o(.text) refers to hwt101ct_ttl.o(.text) for HWT101CT_init
    main.o(.text) refers to pwm.o(.text) for TIM8_PWM_init
    main.o(.text) refers to encoder.o(.text) for Encoder_Init_TIM2
    main.o(.text) refers to protocol.o(.text) for protocol_init
    main.o(.text) refers to openmv.o(.text) for openMV_init
    main.o(.text) refers to motor.o(.text) for car_init
    main.o(.text) refers to pid_timer.o(.text) for PID_BasicTim_Init
    main.o(.text) refers to fmul.o(.text) for __aeabi_fmul
    main.o(.text) refers to main.o(.constdata) for .constdata
    main.o(.text) refers to bsp_sys.o(.text) for write_cri
    main.o(.text) refers to u8g2_buffer.o(.text) for u8g2_ClearBuffer
    main.o(.text) refers to u8g2_font.o(.text) for u8g2_SetFont
    main.o(.text) refers to oled.o(.bss) for u8g2
    main.o(.text) refers to u8g2_fonts.o(.constdata) for u8g2_font_inb24_mf
    main.o(.text) refers to u8g2_fonts.o(.constdata) for u8g2_font_ncenB08_tf
    stm32f10x_it.o(.text) refers to stm32f10x_usart.o(.text) for USART_GetITStatus
    stm32f10x_it.o(.text) refers to ffltui.o(.text) for __aeabi_ui2f
    stm32f10x_it.o(.text) refers to fscalb.o(.text) for __ARM_scalbnf
    stm32f10x_it.o(.text) refers to fmul.o(.text) for __aeabi_fmul
    stm32f10x_it.o(.text) refers to stm32f10x_dma.o(.text) for DMA_Cmd
    stm32f10x_it.o(.text) refers to stm32f10x_tim.o(.text) for TIM_GetITStatus
    stm32f10x_it.o(.text) refers to pid_timer.o(.text) for RunPIDTask_main
    stm32f10x_it.o(.text) refers to tasks.o(.text) for xTaskGetSchedulerState
    stm32f10x_it.o(.text) refers to port.o(.text) for xPortSysTickHandler
    stm32f10x_it.o(.text) refers to openmv.o(.data) for MVData2
    stm32f10x_it.o(.text) refers to hwt101ct_ttl.o(.bss) for raw_data
    stm32f10x_it.o(.text) refers to hwt101ct_ttl.o(.data) for angle
    stm32f10x_it.o(.text) refers to blue_hc05.o(.data) for BlueData
    stm32f10x_it.o(.text) refers to motor.o(.bss) for my_car
    stm32f10x_it.o(.text) refers to encoder.o(.data) for encoder1_num
    stm32f10x_it.o(.text) refers to encoder.o(.data) for encoder2_num
[...]
    .data                                    0x200000b0   Section        4  encoder.o(.data)
    .data                                    0x200000b4   Section        4  bsp_pid.o(.data)
    .data                                    0x200000b8   Section        8  bsp_pid.o(.data)
    .data                                    0x200000c0   Section        4  bsp_pid.o(.data)
    .data                                    0x200000c4   Section        4  bsp_pid.o(.data)
    .data                                    0x200000c8   Section        4  motor.o(.data)
    .data                                    0x200000cc   Section        6  u8x8_u16toa.o(.data)
    buf                                      0x200000cc   Data           6  u8x8_u16toa.o(.data)
    .data                                    0x200000d4   Section        4  stdout.o(.data)
    .data                                    0x200000d8   Section        4  errno.o(.data)
    _errno                                   0x200000d8   Data           4  errno.o(.data)
    .bss                                     0x200000e0   Section      208  main.o(.bss)
    .bss                                     0x200001b0   Section      740  tasks.o(.bss)
    pxReadyTasksLists                        0x200001b0   Data         640  tasks.o(.bss)
    xDelayedTaskList1                        0x20000430   Data          20  tasks.o(.bss)
    xDelayedTaskList2                        0x20000444   Data          20  tasks.o(.bss)
    xPendingReadyList                        0x20000458   Data          20  tasks.o(.bss)
    xTasksWaitingTermination                 0x2000046c   Data          20  tasks.o(.bss)
    xSuspendedTaskList                       0x20000480   Data          20  tasks.o(.bss)
    .bss                                     0x20000494   Section    36864  heap_4.o(.bss)
    ucHeap                                   0x20000494   Data       36864  heap_4.o(.bss)
    .bss                                     0x20009494   Section      148  oled.o(.bss)
    .bss                                     0x20009528   Section       88  hwt101ct_ttl.o(.bss)
    .bss                                     0x20009580   Section      512  usart.o(.bss)
    .bss                                     0x20009780   Section      152  protocol.o(.bss)
    set_packet                               0x20009780   Data          10  protocol.o(.bss)
    parser                                   0x2000978c   Data          12  protocol.o(.bss)
    recv_buf                                 0x20009798   Data         128  protocol.o(.bss)
    .bss                                     0x20009818   Section      808  motor.o(.bss)
    .bss                                     0x20009b40   Section      128  lobotservocontroller.o(.bss)
    STACK                                    0x20009bc0   Section     1024  startup_stm32f10x_hd.o(STACK)

    Global Symbols

    Symbol Name                              Value     Ov Type        Size  Object(Section)

    BuildAttributes$$THM_ISAv4$P$D$K$B$S$PE$A:L22UL41UL21$X:L11$S22US41US21$IEEE1$IW$USESV6$~STKCKD$USESV7$~SHL$OTIME$ROPI$IEEEX$EBA8$MICROLIB$REQ8$PRES8$EABIv2 0x00000000   Number         0  anon$$obj.o ABSOLUTE
    __ARM_use_no_argv                        0x00000000   Number         0  main.o ABSOLUTE
    _printf_a                                0x00000000   Number         0  stubs.o ABSOLUTE
    _printf_c                                0x00000000   Number         0  stubs.o ABSOLUTE
    _printf_charcount                        0x00000000   Number         0  stubs.o ABSOLUTE
    _printf_d                                0x00000000   Number         0  stubs.o ABSOLUTE
    _printf_e                                0x00000000   Number         0  stubs.o ABSOLUTE
    _printf_f                                0x00000000   Number         0  stubs.o ABSOLUTE
    _printf_flags                            0x00000000   Number         0  stubs.o ABSOLUTE
    _printf_fp_dec                           0x00000000   Number         0  stubs.o ABSOLUTE
    _printf_fp_hex                           0x00000000   Number         0  stubs.o ABSOLUTE
    _printf_g                                0x00000000   Number         0  stubs.o ABSOLUTE
    _printf_i                                0x00000000   Number         0  stubs.o ABSOLUTE
    _printf_int_dec                          0x00000000   Number         0  stubs.o ABSOLUTE
    _printf_l                                0x00000000   Number         0  stubs.o ABSOLUTE
    _printf_lc                               0x00000000   Number         0  stubs.o ABSOLUTE
    _printf_ll                               0x00000000   Number         0  stubs.o ABSOLUTE
    _printf_lld                              0x00000000   Number         0  stubs.o ABSOLUTE
    _printf_lli                              0x00000000   Number         0  stubs.o ABSOLUTE
    _printf_llo                              0x00000000   Number         0  stubs.o ABSOLUTE
    _printf_llu                              0x00000000   Number         0  stubs.o ABSOLUTE
    _printf_llx                              0x00000000   Number         0  stubs.o ABSOLUTE
    _printf_longlong_dec                     0x00000000   Number         0  stubs.o ABSOLUTE
    _printf_longlong_hex                     0x00000000   Number         0  stubs.o ABSOLUTE
    _printf_longlong_oct                     0x00000000   Number         0  stubs.o ABSOLUTE
    _printf_ls                               0x00000000   Number         0  stubs.o ABSOLUTE
    _printf_mbtowc                           0x00000000   Number         0  stubs.o ABSOLUTE
    _printf_n                                0x00000000   Number         0  stubs.o ABSOLUTE
    _printf_o                                0x00000000   Number         0  stubs.o ABSOLUTE
    _printf_p                                0x00000000   Number         0  stubs.o ABSOLUTE
    _printf_percent                          0x00000000   Number         0  stubs.o ABSOLUTE
    _printf_pre_padding                      0x00000000   Number         0  stubs.o ABSOLUTE
    _printf_return_value                     0x00000000   Number         0  stubs.o ABSOLUTE
    _printf_s                                0x00000000   Number         0  stubs.o ABSOLUTE
    _printf_sizespec                         0x00000000   Number         0  stubs.o ABSOLUTE
    _printf_str                              0x00000000   Number         0  stubs.o ABSOLUTE
    _printf_truncate_signed                  0x00000000   Number         0  stubs.o ABSOLUTE
    _printf_truncate_unsigned                0x00000000   Number         0  stubs.o ABSOLUTE
    _printf_u                                0x00000000   Number         0  stubs.o ABSOLUTE
    _printf_wc                               0x00000000   Number         0  stubs.o ABSOLUTE
    _printf_wctomb                           0x00000000   Number         0  stubs.o ABSOLUTE
    _printf_widthprec                        0x00000000   Number         0  stubs.o ABSOLUTE
    _printf_x                                0x00000000   Number         0  stubs.o ABSOLUTE
    __arm_fini_                               - Undefined Weak Reference
    __cpp_initialize__aeabi_                  - Undefined Weak Reference
    __cxa_finalize                            - Undefined Weak Reference
    __decompress                              - Undefined Weak Reference
    _clock_init                               - Undefined Weak Reference
    _microlib_exit                            - Undefined Weak Reference
    __Vectors_Size                           0x00000130   Number         0  startup_stm32f10x_hd.o ABSOLUTE
    __Vectors                                0x08000000   Data           4  startup_stm32f10x_hd.o(RESET)
    __Vectors_End                            0x08000130   Data           0  startup_stm32f10x_hd.o(RESET)
    __main                                   0x08000131   Thumb Code     0  entry.o(.ARM.Collect$$$$00000000)
    _main_stk                                0x08000131   Thumb Code     0  entry2.o(.ARM.Collect$$$$00000001)
    _main_scatterload                        0x08000135   Thumb Code     0  entry5.o(.ARM.Collect$$$$00000004)
    __main_after_scatterload                 0x08000139   Thumb Code     0  entry5.o(.ARM.Collect$$$$00000004)
    _main_clock                              0x08000139   Thumb Code     0  entry7b.o(.ARM.Collect$$$$00000008)
    _main_cpp_init                           0x08000139   Thumb Code     0  entry8b.o(.ARM.Collect$$$$0000000A)
    _main_init                               0x08000139   Thumb Code     0  entry9a.o(.ARM.Collect$$$$0000000B)
    __rt_lib_shutdown_fini                   0x08000141   Thumb Code     0  entry12b.o(.ARM.Collect$$$$0000000E)
    __rt_final_cpp                           0x08000145   Thumb Code     0  entry10a.o(.ARM.Collect$$$$0000000F)
    __rt_final_exit                          0x08000145   Thumb Code     0  entry11a.o(.ARM.Collect$$$$00000011)
    SVC_Handler                              0x08000149   Thumb Code    32  port.o(.emb_text)
    __asm___6_port_c_39a90d8d__prvStartFirstTask 0x0800016d   Thumb Code    28  port.o(.emb_text)
    PendSV_Handler                           0x0800018d   Thumb Code    72  port.o(.emb_text)
    vPortGetIPSR                             0x080001d9   Thumb Code     6  port.o(.emb_text)
    Reset_Handler                            0x080001e1   Thumb Code     8  startup_stm32f10x_hd.o(.text)
    ADC1_2_IRQHandler                        0x080001fb   Thumb Code     0  startup_stm32f10x_hd.o(.text)
    ADC3_IRQHandler                          0x080001fb   Thumb Code     0  startup_stm32f10x_hd.o(.text)
    CAN1_RX1_IRQHandler                      0x080001fb   Thumb Code     0  startup_stm32f10x_hd.o(.text)
    CAN1_SCE_IRQHandler                      0x080001fb   Thumb Code     0  startup_stm32f10x_hd.o(.text)
    DMA1_Channel1_IRQHandler                 0x080001fb   Thumb Code     0  startup_stm32f10x_hd.o(.text)
    DMA1_Channel2_IRQHandler                 0x080001fb   Thumb Code     0  startup_stm32f10x_hd.o(.text)
    DMA1_Channel3_IRQHandler                 0x080001fb   Thumb Code     0  startup_stm32f10x_hd.o(.text)
    DMA1_Channel4_IRQHandler                 0x080001fb   Thumb Code     0  startup_stm32f10x_hd.o(.text)
    DMA1_Channel5_IRQHandler                 0x080001fb   Thumb Code     0  startup_stm32f10x_hd.o(.text)
    DMA1_Channel6_IRQHandler                 0x080001fb   Thumb Code     0  startup_stm32f10x_hd.o(.text)
    DMA1_Channel7_IRQHandler                 0x080001fb   Thumb Code     0  startup_stm32f10x_hd.o(.text)
    DMA2_Channel1_IRQHandler                 0x080001fb   Thumb Code     0  startup_stm32f10x_hd.o(.text)
    DMA2_Channel2_IRQHandler                 0x080001fb   Thumb Code     0  startup_stm32f10x_hd.o(.text)
    DMA2_Channel3_IRQHandler                 0x080001fb   Thumb Code     0  startup_stm32f10x_hd.o(.text)
    DMA2_Channel4_5_IRQHandler               0x080001fb   Thumb Code     0  startup_stm32f10x_hd.o(.text)
    EXTI0_IRQHandler                         0x080001fb   Thumb Code     0  startup_stm32f10x_hd.o(.text)
    EXTI15_10_IRQHandler                     0x080001fb   Thumb Code     0  startup_stm32f10x_hd.o(.text)
    EXTI1_IRQHandler                         0x080001fb   Thumb Code     0  startup_stm32f10x_hd.o(.text)
    EXTI2_IRQHandler                         0x080001fb   Thumb Code     0  startup_stm32f10x_hd.o(.text)
    EXTI3_IRQHandler                         0x080001fb   Thumb Code     0  startup_stm32f10x_hd.o(.text)
    EXTI4_IRQHandler                         0x080001fb   Thumb Code     0  startup_stm32f10x_hd.o(.text)
    EXTI9_5_IRQHandler                       0x080001fb   Thumb Code     0  startup_stm32f10x_hd.o(.text)
    FLASH_IRQHandler                         0x080001fb   Thumb Code     0  startup_stm32f10x_hd.o(.text)
    FSMC_IRQHandler                          0x080001fb   Thumb Code     0  startup_stm32f10x_hd.o(.text)
    I2C1_ER_IRQHandler                       0x080001fb   Thumb Code     0  startup_stm32f10x_hd.o(.text)
    I2C1_EV_IRQHandler                       0x080001fb   Thumb Code     0  startup_stm32f10x_hd.o(.text)
    I2C2_ER_IRQHandler                       0x080001fb   Thumb Code     0  startup_stm32f10x_hd.o(.text)
    I2C2_EV_IRQHandler                       0x080001fb   Thumb Code     0  startup_stm32f10x_hd.o(.text)
    PVD_IRQHandler                           0x080001fb   Thumb Code     0  startup_stm32f10x_hd.o(.text)
    RCC_IRQHandler                           0x080001fb   Thumb Code     0  startup_stm32f10x_hd.o(.text)
    RTCAlarm_IRQHandler                      0x080001fb   Thumb Code     0  startup_stm32f10x_hd.o(.text)
    RTC_IRQHandler                           0x080001fb   Thumb Code     0  startup_stm32f10x_hd.o(.text)
    SDIO_IRQHandler                          0x080001fb   Thumb Code     0  startup_stm32f10x_hd.o(.text)
    SPI1_IRQHandler                          0x080001fb   Thumb Code     0  startup_stm32f10x_hd.o(.text)
    SPI2_IRQHandler                          0x080001fb   Thumb Code     0  startup_stm32f10x_hd.o(.text)
    SPI3_IRQHandler                          0x080001fb   Thumb Code     0  startup_stm32f10x_hd.o(.text)
    TAMPER_IRQHandler                        0x080001fb   Thumb Code     0  startup_stm32f10x_hd.o(.text)
    TIM1_BRK_IRQHandler                      0x080001fb   Thumb Code     0  startup_stm32f10x_hd.o(.text)
    TIM1_CC_IRQHandler                       0x080001fb   Thumb Code     0  startup_stm32f10x_hd.o(.text)
    TIM1_TRG_COM_IRQHandler                  0x080001fb   Thumb Code     0  startup_stm32f10x_hd.o(.text)
    TIM1_UP_IRQHandler                       0x080001fb   Thumb Code     0  startup_stm32f10x_hd.o(.text)
    TIM7_IRQHandler                          0x080001fb   Thumb Code     0  startup_stm32f10x_hd.o(.text)
    TIM8_BRK_IRQHandler                      0x080001fb   Thumb Code     0  startup_stm32f10x_hd.o(.text)
    TIM8_CC_IRQHandler                       0x080001fb   Thumb Code     0  startup_stm32f10x_hd.o(.text)
    TIM8_TRG_COM_IRQHandler                  0x080001fb   Thumb Code     0  startup_stm32f10x_hd.o(.text)
    TIM8_UP_IRQHandler                       0x080001fb   Thumb Code     0  startup_stm32f10x_hd.o(.text)
    USBWakeUp_IRQHandler                     0x080001fb   Thumb Code     0  startup_stm32f10x_hd.o(.text)
    USB_HP_CAN1_TX_IRQHandler                0x080001fb   Thumb Code     0  startup_stm32f10x_hd.o(.text)
    USB_LP_CAN1_RX0_IRQHandler               0x080001fb   Thumb Code     0  startup_stm32f10x_hd.o(.text)
    WWDG_IRQHandler                          0x080001fb   Thumb Code     0  startup_stm32f10x_hd.o(.text)
    SystemInit                               0x080002a5   Thumb Code    64  system_stm32f10x.o(.text)
    SystemCoreClockUpdate                    0x080002e5   Thumb Code    86  system_stm32f10x.o(.text)
    NVIC_PriorityGroupConfig                 0x0800035d   Thumb Code    10  misc.o(.text)
    NVIC_Init                                0x08000367   Thumb Code    94  misc.o(.text)
    NVIC_SetVectorTable                      0x080003c5   Thumb Code    14  misc.o(.text)
    NVIC_SystemLPConfig                      0x080003d3   Thumb Code    20  misc.o(.text)
    SysTick_CLKSourceConfig                  0x080003e7   Thumb Code    24  misc.o(.text)
    DMA_DeInit                               0x0800040d   Thumb Code   218  stm32f10x_dma.o(.text)
    DMA_Init                                 0x080004e7   Thumb Code    58  stm32f10x_dma.o(.text)
    DMA_StructInit                           0x08000521   Thumb Code    26  stm32f10x_dma.o(.text)
    DMA_Cmd                                  0x0800053b   Thumb Code    22  stm32f10x_dma.o(.text)
    DMA_ITConfig                             0x08000551   Thumb Code    16  stm32f10x_dma.o(.text)
    DMA_SetCurrDataCounter                   0x08000561   Thumb Code     4  stm32f10x_dma.o(.text)
    DMA_GetCurrDataCounter                   0x08000565   Thumb Code     6  stm32f10x_dma.o(.text)
    DMA_GetFlagStatus                        0x0800056b   Thumb Code    28  stm32f10x_dma.o(.text)
    DMA_ClearFlag                            0x08000587   Thumb Code    20  stm32f10x_dma.o(.text)
    DMA_GetITStatus                          0x0800059b   Thumb Code    28  stm32f10x_dma.o(.text)
    DMA_ClearITPendingBit                    0x080005b7   Thumb Code    20  stm32f10x_dma.o(.text)
    GPIO_DeInit                              0x080005d5   Thumb Code   152  stm32f10x_gpio.o(.text)
    GPIO_AFIODeInit                          0x0800066d   Thumb Code    22  stm32f10x_gpio.o(.text)
    GPIO_Init                                0x08000683   Thumb Code   156  stm32f10x_gpio.o(.text)
    GPIO_StructInit                          0x0800071f   Thumb Code    16  stm32f10x_gpio.o(.text)
    GPIO_ReadInputDataBit                    0x0800072f   Thumb Code    14  stm32f10x_gpio.o(.text)
    GPIO_ReadInputData                       0x0800073d   Thumb Code     6  stm32f10x_gpio.o(.text)
    GPIO_ReadOutputDataBit                   0x08000743   Thumb Code    14  stm32f10x_gpio.o(.text)
    GPIO_ReadOutputData                      0x08000751   Thumb Code     6  stm32f10x_gpio.o(.text)
    GPIO_SetBits                             0x08000757   Thumb Code     4  stm32f10x_gpio.o(.text)
    GPIO_ResetBits                           0x0800075b   Thumb Code     4  stm32f10x_gpio.o(.text)
    GPIO_WriteBit                            0x0800075f   Thumb Code    10  stm32f10x_gpio.o(.text)
    GPIO_Write                               0x08000769   Thumb Code     4  stm32f10x_gpio.o(.text)
    GPIO_PinLockConfig                       0x0800076d   Thumb Code    16  stm32f10x_gpio.o(.text)
    GPIO_EventOutputConfig                   0x0800077d   Thumb Code    22  stm32f10x_gpio.o(.text)
    GPIO_EventOutputCmd                      0x08000793   Thumb Code     6  stm32f10x_gpio.o(.text)
    GPIO_PinRemapConfig                      0x08000799   Thumb Code    82  stm32f10x_gpio.o(.text)
    GPIO_EXTILineConfig                      0x080007eb   Thumb Code    34  stm32f10x_gpio.o(.text)
    GPIO_ETH_MediaInterfaceConfig            0x0800080d   Thumb Code     8  stm32f10x_gpio.o(.text)
    RCC_DeInit                               0x08000839   Thumb Code    50  stm32f10x_rcc.o(.text)
    RCC_HSEConfig                            0x0800086b   Thumb Code    48  stm32f10x_rcc.o(.text)
    RCC_GetFlagStatus                        0x0800089b   Thumb Code    42  stm32f10x_rcc.o(.text)
    RCC_WaitForHSEStartUp                    0x080008c5   Thumb Code    44  stm32f10x_rcc.o(.text)
    RCC_AdjustHSICalibrationValue            0x080008f1   Thumb Code    16  stm32f10x_rcc.o(.text)
    RCC_HSICmd                               0x08000901   Thumb Code     6  stm32f10x_rcc.o(.text)
    RCC_PLLConfig                            0x08000907   Thumb Code    16  stm32f10x_rcc.o(.text)
    RCC_PLLCmd                               0x08000917   Thumb Code     6  stm32f10x_rcc.o(.text)
    RCC_SYSCLKConfig                         0x0800091d   Thumb Code    14  stm32f10x_rcc.o(.text)
    RCC_GetSYSCLKSource                      0x0800092b   Thumb Code    10  stm32f10x_rcc.o(.text)
    RCC_HCLKConfig                           0x08000935   Thumb Code    14  stm32f10x_rcc.o(.text)
    RCC_PCLK1Config                          0x08000943   Thumb Code    14  stm32f10x_rcc.o(.text)
    RCC_PCLK2Config                          0x08000951   Thumb Code    16  stm32f10x_rcc.o(.text)
    RCC_ITConfig                             0x08000961   Thumb Code    18  stm32f10x_rcc.o(.text)
    RCC_USBCLKConfig                         0x08000973   Thumb Code     8  stm32f10x_rcc.o(.text)
    RCC_ADCCLKConfig                         0x0800097b   Thumb Code    14  stm32f10x_rcc.o(.text)
    RCC_LSEConfig                            0x08000989   Thumb Code    28  stm32f10x_rcc.o(.text)
    RCC_LSICmd                               0x080009a5   Thumb Code     6  stm32f10x_rcc.o(.text)
    RCC_RTCCLKConfig                         0x080009ab   Thumb Code    10  stm32f10x_rcc.o(.text)
    RCC_RTCCLKCmd                            0x080009b5   Thumb Code     8  stm32f10x_rcc.o(.text)
    RCC_GetClocksFreq                        0x080009bd   Thumb Code   132  stm32f10x_rcc.o(.text)
    RCC_AHBPeriphClockCmd                    0x08000a41   Thumb Code    18  stm32f10x_rcc.o(.text)
    RCC_APB2PeriphClockCmd                   0x08000a53   Thumb Code    18  stm32f10x_rcc.o(.text)
    RCC_APB1PeriphClockCmd                   0x08000a65   Thumb Code    18  stm32f10x_rcc.o(.text)
    RCC_APB2PeriphResetCmd                   0x08000a77   Thumb Code    18  stm32f10x_rcc.o(.text)
    RCC_APB1PeriphResetCmd                   0x08000a89   Thumb Code    18  stm32f10x_rcc.o(.text)
    RCC_BackupResetCmd                       0x08000a9b   Thumb Code     8  stm32f10x_rcc.o(.text)
    RCC_ClockSecuritySystemCmd               0x08000aa3   Thumb Code     6  stm32f10x_rcc.o(.text)
    RCC_MCOConfig                            0x08000aa9   Thumb Code     6  stm32f10x_rcc.o(.text)
    RCC_ClearFlag                            0x08000aaf   Thumb Code    12  stm32f10x_rcc.o(.text)
    RCC_GetITStatus                          0x08000abb   Thumb Code    16  stm32f10x_rcc.o(.text)
    RCC_ClearITPendingBit                    0x08000acb   Thumb Code     6  stm32f10x_rcc.o(.text)
    TIM_DeInit                               0x08000af1   Thumb Code   304  stm32f10x_tim.o(.text)
    TIM_TimeBaseInit                         0x08000c21   Thumb Code   114  stm32f10x_tim.o(.text)
    TIM_OC1Init                              0x08000c93   Thumb Code   106  stm32f10x_tim.o(.text)
    TIM_OC2Init                              0x08000cfd   Thumb Code   120  stm32f10x_tim.o(.text)
    TIM_OC3Init                              0x08000d75   Thumb Code   116  stm32f10x_tim.o(.text)
    TIM_OC4Init                              0x08000de9   Thumb Code    90  stm32f10x_tim.o(.text)
    TIM_SetIC4Prescaler                      0x08000e43   Thumb Code    24  stm32f10x_tim.o(.text)
    TIM_SetIC3Prescaler                      0x08000e5b   Thumb Code    16  stm32f10x_tim.o(.text)
    TIM_SetIC2Prescaler                      0x08000e6b   Thumb Code    24  stm32f10x_tim.o(.text)
    TIM_SetIC1Prescaler                      0x08000f29   Thumb Code    16  stm32f10x_tim.o(.text)
    TIM_ICInit                               0x08000f91   Thumb Code   270  stm32f10x_tim.o(.text)
    TIM_PWMIConfig                           0x0800109f   Thumb Code   104  stm32f10x_tim.o(.text)
    TIM_BDTRConfig                           0x08001107   Thumb Code    34  stm32f10x_tim.o(.text)
    TIM_TimeBaseStructInit                   0x08001129   Thumb Code    18  stm32f10x_tim.o(.text)
    TIM_OCStructInit                         0x0800113b   Thumb Code    20  stm32f10x_tim.o(.text)
    TIM_ICStructInit                         0x0800114f   Thumb Code    16  stm32f10x_tim.o(.text)
    TIM_BDTRStructInit                       0x0800115f   Thumb Code    18  stm32f10x_tim.o(.text)
    TIM_Cmd                                  0x08001171   Thumb Code    20  stm32f10x_tim.o(.text)
    TIM_CtrlPWMOutputs                       0x08001185   Thumb Code    22  stm32f10x_tim.o(.text)
    TIM_ITConfig                             0x0800119b   Thumb Code    16  stm32f10x_tim.o(.text)
    TIM_GenerateEvent                        0x080011ab   Thumb Code     4  stm32f10x_tim.o(.text)
    TIM_DMAConfig                            0x080011af   Thumb Code     8  stm32f10x_tim.o(.text)
    TIM_DMACmd                               0x080011b7   Thumb Code    16  stm32f10x_tim.o(.text)
    TIM_InternalClockConfig                  0x080011c7   Thumb Code    10  stm32f10x_tim.o(.text)
    TIM_SelectInputTrigger                   0x080011d1   Thumb Code    12  stm32f10x_tim.o(.text)
    TIM_ITRxExternalClockConfig              0x080011dd   Thumb Code    18  stm32f10x_tim.o(.text)
    TIM_TIxExternalClockConfig               0x080011ef   Thumb Code    46  stm32f10x_tim.o(.text)
    TIM_ETRConfig                            0x0800121d   Thumb Code    24  stm32f10x_tim.o(.text)
    TIM_ETRClockMode1Config                  0x08001235   Thumb Code    18  stm32f10x_tim.o(.text)
    TIM_ETRClockMode2Config                  0x08001247   Thumb Code    18  stm32f10x_tim.o(.text)
    TIM_PrescalerConfig                      0x08001259   Thumb Code     6  stm32f10x_tim.o(.text)
    TIM_CounterModeConfig                    0x0800125f   Thumb Code    12  stm32f10x_tim.o(.text)
    TIM_EncoderInterfaceConfig               0x0800126b   Thumb Code    50  stm32f10x_tim.o(.text)
    TIM_ForcedOC1Config                      0x0800129d   Thumb Code    12  stm32f10x_tim.o(.text)
    TIM_ForcedOC2Config                      0x080012a9   Thumb Code    20  stm32f10x_tim.o(.text)
    TIM_ForcedOC3Config                      0x080012bd   Thumb Code    12  stm32f10x_tim.o(.text)
    TIM_ForcedOC4Config                      0x080012c9   Thumb Code    20  stm32f10x_tim.o(.text)
    TIM_ARRPreloadConfig                     0x080012dd   Thumb Code    20  stm32f10x_tim.o(.text)
    TIM_SelectCOM                            0x080012f1   Thumb Code    20  stm32f10x_tim.o(.text)
    TIM_SelectCCDMA                          0x08001305   Thumb Code    20  stm32f10x_tim.o(.text)
    TIM_CCPreloadControl                     0x08001319   Thumb Code    20  stm32f10x_tim.o(.text)
    TIM_OC1PreloadConfig                     0x0800132d   Thumb Code    32  stm32f10x_tim.o(.text)
    TIM_OC2PreloadConfig                     0x0800134d   Thumb Code    20  stm32f10x_tim.o(.text)
    TIM_OC3PreloadConfig                     0x08001361   Thumb Code    12  stm32f10x_tim.o(.text)
    TIM_OC4PreloadConfig                     0x0800136d   Thumb Code    20  stm32f10x_tim.o(.text)
    TIM_OC1FastConfig                        0x08001381   Thumb Code    12  stm32f10x_tim.o(.text)
    TIM_OC2FastConfig                        0x0800138d   Thumb Code    20  stm32f10x_tim.o(.text)
    TIM_OC3FastConfig                        0x080013a1   Thumb Code    12  stm32f10x_tim.o(.text)
    TIM_OC4FastConfig                        0x080013ad   Thumb Code    20  stm32f10x_tim.o(.text)
    TIM_ClearOC1Ref                          0x080013c1   Thumb Code    12  stm32f10x_tim.o(.text)
    TIM_ClearOC2Ref                          0x080013cd   Thumb Code    20  stm32f10x_tim.o(.text)
    TIM_ClearOC3Ref                          0x080013e1   Thumb Code    12  stm32f10x_tim.o(.text)
    TIM_ClearOC4Ref                          0x080013ed   Thumb Code    20  stm32f10x_tim.o(.text)
    TIM_OC1PolarityConfig                    0x08001401   Thumb Code    12  stm32f10x_tim.o(.text)
    TIM_OC1NPolarityConfig                   0x0800140d   Thumb Code    12  stm32f10x_tim.o(.text)
    TIM_OC2PolarityConfig                    0x08001419   Thumb Code    20  stm32f10x_tim.o(.text)
    TIM_OC2NPolarityConfig                   0x0800142d   Thumb Code    20  stm32f10x_tim.o(.text)
    TIM_OC3PolarityConfig                    0x08001441   Thumb Code    20  stm32f10x_tim.o(.text)
    TIM_OC3NPolarityConfig                   0x08001455   Thumb Code    20  stm32f10x_tim.o(.text)
    TIM_OC4PolarityConfig                    0x08001469   Thumb Code    20  stm32f10x_tim.o(.text)
    TIM_CCxCmd                               0x0800147d   Thumb Code    22  stm32f10x_tim.o(.text)
    TIM_CCxNCmd                              0x08001493   Thumb Code    22  stm32f10x_tim.o(.text)
    TIM_SelectOCxM                           0x080014a9   Thumb Code    70  stm32f10x_tim.o(.text)
    TIM_UpdateDisableConfig                  0x080014ef   Thumb Code    20  stm32f10x_tim.o(.text)
    TIM_UpdateRequestConfig                  0x08001503   Thumb Code    20  stm32f10x_tim.o(.text)
    TIM_SelectHallSensor                     0x08001517   Thumb Code    20  stm32f10x_tim.o(.text)
    TIM_SelectOnePulseMode                   0x0800152b   Thumb Code    16  stm32f10x_tim.o(.text)
    TIM_SelectOutputTrigger                  0x0800153b   Thumb Code    16  stm32f10x_tim.o(.text)
    TIM_SelectSlaveMode                      0x0800154b   Thumb Code    16  stm32f10x_tim.o(.text)
    TIM_SelectMasterSlaveMode                0x0800155b   Thumb Code    16  stm32f10x_tim.o(.text)
    TIM_SetCounter                           0x0800156b   Thumb Code     4  stm32f10x_tim.o(.text)
    TIM_SetAutoreload                        0x0800156f   Thumb Code     4  stm32f10x_tim.o(.text)
    TIM_SetCompare1                          0x08001573   Thumb Code     4  stm32f10x_tim.o(.text)
    TIM_SetCompare2                          0x08001577   Thumb Code     4  stm32f10x_tim.o(.text)
    TIM_SetCompare3                          0x0800157b   Thumb Code     4  stm32f10x_tim.o(.text)
    TIM_SetCompare4                          0x0800157f   Thumb Code     6  stm32f10x_tim.o(.text)
    TIM_SetClockDivision                     0x08001585   Thumb Code    16  stm32f10x_tim.o(.text)
    TIM_GetCapture1                          0x08001595   Thumb Code     4  stm32f10x_tim.o(.text)
    TIM_GetCapture2                          0x08001599   Thumb Code     4  stm32f10x_tim.o(.text)
    TIM_GetCapture3                          0x0800159d   Thumb Code     4  stm32f10x_tim.o(.text)
    TIM_GetCapture4                          0x080015a1   Thumb Code     6  stm32f10x_tim.o(.text)
    TIM_GetCounter                           0x080015a7   Thumb Code     4  stm32f10x_tim.o(.text)
    TIM_GetPrescaler                         0x080015ab   Thumb Code     4  stm32f10x_tim.o(.text)
    TIM_GetFlagStatus                        0x080015af   Thumb Code    14  stm32f10x_tim.o(.text)
    TIM_ClearFlag                            0x080015bd   Thumb Code     6  stm32f10x_tim.o(.text)
    TIM_GetITStatus                          0x080015c3   Thumb Code    24  stm32f10x_tim.o(.text)
    TIM_ClearITPendingBit                    0x080015db   Thumb Code     6  stm32f10x_tim.o(.text)
    USART_DeInit                             0x080015e1   Thumb Code    96  stm32f10x_usart.o(.text)
    USART_Init                               0x08001641   Thumb Code   166  stm32f10x_usart.o(.text)
    USART_StructInit                         0x080016e7   Thumb Code    22  stm32f10x_usart.o(.text)
    USART_ClockInit                          0x080016fd   Thumb Code    30  stm32f10x_usart.o(.text)
    USART_ClockStructInit                    0x0800171b   Thumb Code    12  stm32f10x_usart.o(.text)
    USART_Cmd                                0x08001727   Thumb Code    20  stm32f10x_usart.o(.text)
    USART_ITConfig                           0x0800173b   Thumb Code    48  stm32f10x_usart.o(.text)
    USART_DMACmd                             0x0800176b   Thumb Code    16  stm32f10x_usart.o(.text)
    USART_SetAddress                         0x0800177b   Thumb Code    16  stm32f10x_usart.o(.text)
    USART_WakeUpConfig                       0x0800178b   Thumb Code    16  stm32f10x_usart.o(.text)
    USART_ReceiverWakeUpCmd                  0x0800179b   Thumb Code    20  stm32f10x_usart.o(.text)
    USART_LINBreakDetectLengthConfig         0x080017af   Thumb Code    16  stm32f10x_usart.o(.text)
    USART_LINCmd                             0x080017bf   Thumb Code    20  stm32f10x_usart.o(.text)
    USART_SendData                           0x080017d3   Thumb Code     8  stm32f10x_usart.o(.text)
    USART_ReceiveData                        0x080017db   Thumb Code     8  stm32f10x_usart.o(.text)
    USART_SendBreak                          0x080017e3   Thumb Code    10  stm32f10x_usart.o(.text)
    USART_SetGuardTime                       0x080017ed   Thumb Code    16  stm32f10x_usart.o(.text)
    USART_SetPrescaler                       0x080017fd   Thumb Code    16  stm32f10x_usart.o(.text)
    USART_SmartCardCmd                       0x0800180d   Thumb Code    20  stm32f10x_usart.o(.text)
    USART_SmartCardNACKCmd                   0x08001821   Thumb Code    20  stm32f10x_usart.o(.text)
    USART_HalfDuplexCmd                      0x08001835   Thumb Code    20  stm32f10x_usart.o(.text)
    USART_OverSampling8Cmd                   0x08001849   Thumb Code    20  stm32f10x_usart.o(.text)
    USART_OneBitMethodCmd                    0x0800185d   Thumb Code    20  stm32f10x_usart.o(.text)
    USART_IrDAConfig                         0x08001871   Thumb Code    16  stm32f10x_usart.o(.text)
    USART_IrDACmd                            0x08001881   Thumb Code    20  stm32f10x_usart.o(.text)
    USART_GetFlagStatus                      0x08001895   Thumb Code    14  stm32f10x_usart.o(.text)
    USART_ClearFlag                          0x080018a3   Thumb Code     6  stm32f10x_usart.o(.text)
    USART_GetITStatus                        0x080018a9   Thumb Code    62  stm32f10x_usart.o(.text)
    USART_ClearITPendingBit                  0x080018e7   Thumb Code    12  stm32f10x_usart.o(.text)
    go_to_xy                                 0x08001909   Thumb Code   198  main.o(.text)
    lizhuang2221                             0x080019cf   Thumb Code   324  main.o(.text)
    jieti2223                                0x08001b13   Thumb Code   908  main.o(.text)
    main                                     0x08001e9f   Thumb Code  3158  main.o(.text)
    lizhuang222                              0x08002af5   Thumb Code   202  main.o(.text)
    WareHouse                                0x08002bbf   Thumb Code   228  main.o(.text)
    LiZhuang                                 0x08002ca3   Thumb Code   526  main.o(.text)
    GoBack                                   0x08002eb1   Thumb Code     2  main.o(.text)
    jieti222                                 0x08002eb3   Thumb Code  1152  main.o(.text)
    jieti2221                                0x08003333   Thumb Code   862  main.o(.text)
    USART1_IRQHandler                        0x080036bd   Thumb Code    40  stm32f10x_it.o(.text)
    USART3_IRQHandler                        0x080036e5   Thumb Code   112  stm32f10x_it.o(.text)
    UART4_IRQHandler                         0x08003755   Thumb Code    34  stm32f10x_it.o(.text)
    UART5_IRQHandler                         0x08003777   Thumb Code    40  stm32f10x_it.o(.text)
    USART2_IRQHandler                        0x0800379f   Thumb Code    40  stm32f10x_it.o(.text)
    TIM6_IRQHandler                          0x080037c7   Thumb Code    34  stm32f10x_it.o(.text)
    TIM2_IRQHandler                          0x080037e9   Thumb Code   128  stm32f10x_it.o(.text)
    TIM3_IRQHandler                          0x08003869   Thumb Code   132  stm32f10x_it.o(.text)
    TIM4_IRQHandler                          0x080038ed   Thumb Code   132  stm32f10x_it.o(.text)
    TIM5_IRQHandler                          0x08003971   Thumb Code   132  stm32f10x_it.o(.text)
    NMI_Handler                              0x080039f5   Thumb Code     2  stm32f10x_it.o(.text)
    HardFault_Handler                        0x080039f7   Thumb Code     2  stm32f10x_it.o(.text)
    MemManage_Handler                        0x080039f9   Thumb Code     2  stm32f10x_it.o(.text)
    BusFault_Handler                         0x080039fb   Thumb Code     2  stm32f10x_it.o(.text)
    UsageFault_Handler                       0x080039fd   Thumb Code     2  stm32f10x_it.o(.text)
    DebugMon_Handler                         0x080039ff   Thumb Code     2  stm32f10x_it.o(.text)
    SysTick_Handler                          0x08003a01   Thumb Code    20  stm32f10x_it.o(.text)
    vListInitialise                          0x08003a69   Thumb Code    22  list.o(.text)
    vListInitialiseItem                      0x08003a7f   Thumb Code     6  list.o(.text)
    vListInsertEnd                           0x08003a85   Thumb Code    24  list.o(.text)
    vListInsert                              0x08003a9d   Thumb Code    48  list.o(.text)
    uxListRemove                             0x08003acd   Thumb Code    36  list.o(.text)
    xTaskCreate                              0x08003baf   Thumb Code    86  tasks.o(.text)
    vTaskDelete                              0x08003c05   Thumb Code   154  tasks.o(.text)
    xTaskIncrementTick                       0x08003c9f   Thumb Code   186  tasks.o(.text)
    xTaskResumeAll                           0x08003d59   Thumb Code   182  tasks.o(.text)
    vTaskSuspendAll                          0x08003e75   Thumb Code    10  tasks.o(.text)
    vTaskDelayUntil                          0x08003e7f   Thumb Code   188  tasks.o(.text)
    vTaskDelay                               0x08003f3b   Thumb Code    66  tasks.o(.text)
    eTaskGetState                            0x08003f7d   Thumb Code    94  tasks.o(.text)
    uxTaskPriorityGet                        0x08003fdb   Thumb Code    24  tasks.o(.text)
    uxTaskPriorityGetFromISR                 0x08003ff3   Thumb Code    40  tasks.o(.text)
    vTaskPrioritySet                         0x0800401b   Thumb Code   176  tasks.o(.text)
    vTaskSwitchContext                       0x080040cb   Thumb Code    84  tasks.o(.text)
    vTaskSuspend                             0x0800411f   Thumb Code   156  tasks.o(.text)
    vTaskResume                              0x080041eb   Thumb Code   116  tasks.o(.text)
    xTaskResumeFromISR                       0x0800425f   Thumb Code   126  tasks.o(.text)
    vTaskStartScheduler                      0x080042fb   Thumb Code   122  tasks.o(.text)
    vTaskEndScheduler                        0x08004375   Thumb Code    24  tasks.o(.text)
    xTaskGetTickCount                        0x0800438d   Thumb Code     6  tasks.o(.text)
    xTaskGetTickCountFromISR                 0x08004393   Thumb Code    12  tasks.o(.text)
    uxTaskGetNumberOfTasks                   0x0800439f   Thumb Code     6  tasks.o(.text)
    pcTaskGetName                            0x080043a5   Thumb Code    38  tasks.o(.text)
    vTaskPlaceOnEventList                    0x080043cb   Thumb Code    46  tasks.o(.text)
    vTaskPlaceOnUnorderedEventList           0x080043f9   Thumb Code    78  tasks.o(.text)
    xTaskRemoveFromEventList                 0x08004447   Thumb Code   104  tasks.o(.text)
    xTaskRemoveFromUnorderedEventList        0x080044af   Thumb Code   116  tasks.o(.text)
    vTaskSetTimeOutState                     0x08004523   Thumb Code    34  tasks.o(.text)
    xTaskCheckForTimeOut                     0x08004545   Thumb Code   102  tasks.o(.text)
    vTaskMissedYield                         0x080045ab   Thumb Code     8  tasks.o(.text)
    xTaskGetSchedulerState                   0x080045b3   Thumb Code    22  tasks.o(.text)
    uxTaskResetEventItemValue                0x080045c9   Thumb Code    20  tasks.o(.text)
    ulTaskNotifyTake                         0x080045dd   Thumb Code    96  tasks.o(.text)
    xTaskNotifyWait                          0x0800463d   Thumb Code   128  tasks.o(.text)
    xTaskGenericNotify                       0x080046bd   Thumb Code   208  tasks.o(.text)
    xTaskGenericNotifyFromISR                0x0800478d   Thumb Code   228  tasks.o(.text)
    vTaskNotifyGiveFromISR                   0x08004871   Thumb Code   168  tasks.o(.text)
    xTaskNotifyStateClear                    0x08004919   Thumb Code    44  tasks.o(.text)
    pvPortMalloc                             0x08004acd   Thumb Code   214  heap_4.o(.text)
    vPortFree                                0x08004ba3   Thumb Code    96  heap_4.o(.text)
    xPortGetFreeHeapSize                     0x08004c03   Thumb Code     8  heap_4.o(.text)
    xPortGetMinimumEverFreeHeapSize          0x08004c0b   Thumb Code     8  heap_4.o(.text)
    vPortInitialiseBlocks                    0x08004c13   Thumb Code     2  heap_4.o(.text)
    pxPortInitialiseStack                    0x08004cbb   Thumb Code    32  port.o(.text)
    vPortSetupTimerInterrupt                 0x08004cdb   Thumb Code    26  port.o(.text)
    xPortStartScheduler                      0x08004cf5   Thumb Code   108  port.o(.text)
    vPortEndScheduler                        0x08004d61   Thumb Code    24  port.o(.text)
    vPortEnterCritical                       0x08004d79   Thumb Code    52  port.o(.text)
    vPortExitCritical                        0x08004dad   Thumb Code    34  port.o(.text)
    xPortSysTickHandler                      0x08004dcf   Thumb Code    40  port.o(.text)
    vPortValidateInterruptPriority           0x08004df7   Thumb Code    72  port.o(.text)
    delay_us                                 0x08004e8d   Thumb Code    18  delay.o(.text)
    delay_ms                                 0x08004e9f   Thumb Code    22  delay.o(.text)
    USART3_NVIC_Config                       0x08004eb5   Thumb Code    32  hwt101ct_ttl.o(.text)
    USART3_DMA_Config                        0x08004ed5   Thumb Code    80  hwt101ct_ttl.o(.text)
    HWT101CT_uart_init                       0x08004f25   Thumb Code   162  hwt101ct_ttl.o(.text)
    HWT101_Z                                 0x08004fc7   Thumb Code    88  hwt101ct_ttl.o(.text)
    HWT101CT_init                            0x0800501f   Thumb Code    30  hwt101ct_ttl.o(.text)
    USART1_DMA_Config                        0x08005069   Thumb Code    78  usart.o(.text)
    USART_Config                             0x080050b7   Thumb Code   162  usart.o(.text)
    Usart_SendByte                           0x08005159   Thumb Code    22  usart.o(.text)
    Usart_SendArray                          0x0800516f   Thumb Code    46  usart.o(.text)
    Usart_SendString                         0x0800519d   Thumb Code    38  usart.o(.text)
    Usart_SendHalfWord                       0x080051c3   Thumb Code    50  usart.o(.text)
    fputc                                    0x080051f5   Thumb Code    32  usart.o(.text)
    fgetc                                    0x08005215   Thumb Code    28  usart.o(.text)
    USART4_Config                            0x08005231   Thumb Code   100  usart.o(.text)
    USART5_NVIC_Config                       0x080052ad   Thumb Code    32  openmv.o(.text)
    openMV_uart_init                         0x080052cd   Thumb Code   138  openmv.o(.text)
    openMV_init                              0x08005357   Thumb Code    22  openmv.o(.text)
    USART2_NVIC_Config                       0x0800536d   Thumb Code    32  openmv.o(.text)
    openMV_uart2_init                        0x0800538d   Thumb Code   140  openmv.o(.text)
    openMV2_init                             0x08005419   Thumb Code    24  openmv.o(.text)
    TIM2_NVIC_Config                         0x08005449   Thumb Code    32  encoder.o(.text)
    Encoder_Init_TIM2                        0x08005469   Thumb Code   210  encoder.o(.text)
    TIM3_NVIC_Config                         0x0800553b   Thumb Code    32  encoder.o(.text)
    Encoder_Init_TIM3                        0x0800555b   Thumb Code   172  encoder.o(.text)
    TIM4_NVIC_Config                         0x08005607   Thumb Code    32  encoder.o(.text)
    Encoder_Init_TIM4                        0x08005627   Thumb Code   156  encoder.o(.text)
    TIM5_NVIC_Config                         0x080056c3   Thumb Code    32  encoder.o(.text)
    Encoder_Init_TIM5                        0x080056e3   Thumb Code   156  encoder.o(.text)
    TIM1_PWM_init                            0x080057a1   Thumb Code   286  pwm.o(.text)
    TIM8_PWM_init                            0x080058bf   Thumb Code   292  pwm.o(.text)
    PID_BasicTim_Init                        0x080059fd   Thumb Code    90  pid_timer.o(.text)
    RunPIDTask_main                          0x08005a57   Thumb Code     4  pid_timer.o(.text)
    check_sum                                0x08005a61   Thumb Code    18  protocol.o(.text)
    protocol_data_recv                       0x08005c21   Thumb Code    82  protocol.o(.text)
    protocol_init                            0x08005c73   Thumb Code    20  protocol.o(.text)
    receiving_process                        0x08005c87   Thumb Code   160  protocol.o(.text)
    set_computer_value                       0x08005d27   Thumb Code   100  protocol.o(.text)
    PID_param_init                           0x08005db9   Thumb Code     2  bsp_pid.o(.text)
    set_pid_target                           0x08005dbb   Thumb Code     4  bsp_pid.o(.text)
    get_pid_target                           0x08005dbf   Thumb Code     4  bsp_pid.o(.text)
    set_p_i_d                                0x08005dc3   Thumb Code     8  bsp_pid.o(.text)
    PID_realize                              0x08005dcb   Thumb Code   174  bsp_pid.o(.text)
    time_period_fun                          0x08005e79   Thumb Code   362  bsp_pid.o(.text)
    abs_f                                    0x0800600d   Thumb Code    12  motor.o(.text)
    limit                                    0x08006019   Thumb Code    38  motor.o(.text)
    motor_adc_init                           0x0800603f   Thumb Code     2  motor.o(.text)
    car_init                                 0x08006041   Thumb Code   318  motor.o(.text)
    PositionPID_Calculate                    0x0800617f   Thumb Code   174  motor.o(.text)
    IncrementalPID_Calculate                 0x0800622d   Thumb Code   168  motor.o(.text)
    PositionPID_clear                        0x080062d5   Thumb Code    10  motor.o(.text)
    mecanum                                  0x080062df   Thumb Code   136  motor.o(.text)
    mecanum_polar                            0x08006367   Thumb Code   128  motor.o(.text)
    RobotCalculate                           0x080063e7   Thumb Code  1124  motor.o(.text)
    car_yaw_pid                              0x0800684b   Thumb Code   154  motor.o(.text)
    motor_pid                                0x080068e5   Thumb Code    24  motor.o(.text)
    sliding_average_filter                   0x080068fd   Thumb Code     2  motor.o(.text)
    current_get                              0x080068ff   Thumb Code     2  motor.o(.text)
    encoder_count_get                        0x08006901   Thumb Code   230  motor.o(.text)
    speed_translation                        0x080069e7   Thumb Code    38  motor.o(.text)
    motor_control                            0x08006a0d   Thumb Code   156  motor.o(.text)
    stop_car                                 0x08006aa9   Thumb Code    14  motor.o(.text)
    calcTrapezoidalProfile                   0x08006af1   Thumb Code  1120  velocityprofile.o(.text)
    calcTrapezoidalAcc                       0x08006f51   Thumb Code    74  velocityprofile.o(.text)
    calcTrapezoidalVel                       0x08006f9b   Thumb Code   134  velocityprofile.o(.text)
    calcTrapezoidalDist                      0x08007021   Thumb Code   236  velocityprofile.o(.text)
    vl53l1x_init                             0x08007115   Thumb Code    74  vl53l1x.o(.text)
    read_dis1                                0x0800715f   Thumb Code    76  vl53l1x.o(.text)
    read_dis2                                0x080071ab   Thumb Code    76  vl53l1x.o(.text)
    read_dis3                                0x080071f7   Thumb Code    76  vl53l1x.o(.text)
    moveServo                                0x08007251   Thumb Code    60  lobotservocontroller.o(.text)
    moveServosByArray                        0x0800728d   Thumb Code   104  lobotservocontroller.o(.text)
    moveServos                               0x080072f5   Thumb Code   104  lobotservocontroller.o(.text)
    runActionGroup                           0x0800735d   Thumb Code    34  lobotservocontroller.o(.text)
    stopActionGroup                          0x0800737f   Thumb Code    26  lobotservocontroller.o(.text)
    setActionGroupSpeed                      0x08007399   Thumb Code    34  lobotservocontroller.o(.text)
    setAllActionGroupSpeed                   0x080073bb   Thumb Code     6  lobotservocontroller.o(.text)
    getBatteryVoltage                        0x080073c1   Thumb Code    26  lobotservocontroller.o(.text)
    receiveHandle                            0x080073db   Thumb Code     2  lobotservocontroller.o(.text)
    key_Config                               0x080073e5   Thumb Code    32  bsp_sys.o(.text)
    write_cri                                0x08007405   Thumb Code   140  bsp_sys.o(.text)
    u8g2_ClearBuffer                         0x080074bd   Thumb Code    18  u8g2_buffer.o(.text)
    u8g2_SendBuffer                          0x0800751b   Thumb Code    18  u8g2_buffer.o(.text)
    u8g2_SetBufferCurrTileRow                0x0800752d   Thumb Code    28  u8g2_buffer.o(.text)
    u8g2_FirstPage                           0x08007549   Thumb Code    24  u8g2_buffer.o(.text)
    u8g2_NextPage                            0x08007561   Thumb Code    62  u8g2_buffer.o(.text)
    u8g2_UpdateDisplayArea                   0x0800759f   Thumb Code    74  u8g2_buffer.o(.text)
    u8g2_UpdateDisplay                       0x080075e9   Thumb Code     2  u8g2_buffer.o(.text)
    u8g2_WriteBufferPBM                      0x080075eb   Thumb Code    40  u8g2_buffer.o(.text)
    u8g2_WriteBufferXBM                      0x08007613   Thumb Code    40  u8g2_buffer.o(.text)
    u8g2_WriteBufferPBM2                     0x0800763b   Thumb Code    40  u8g2_buffer.o(.text)
    u8g2_WriteBufferXBM2                     0x08007663   Thumb Code    40  u8g2_buffer.o(.text)
    u8g2_read_font_info                      0x08007695   Thumb Code   106  u8g2_font.o(.text)
    u8g2_GetFontSize                         0x080076ff   Thumb Code    54  u8g2_font.o(.text)
    u8g2_GetFontBBXWidth                     0x08007735   Thumb Code     6  u8g2_font.o(.text)
    u8g2_GetFontBBXHeight                    0x0800773b   Thumb Code     6  u8g2_font.o(.text)
    u8g2_GetFontBBXOffX                      0x08007741   Thumb Code     6  u8g2_font.o(.text)
    u8g2_GetFontBBXOffY                      0x08007747   Thumb Code     6  u8g2_font.o(.text)
    u8g2_GetFontCapitalAHeight               0x0800774d   Thumb Code     6  u8g2_font.o(.text)
    u8g2_font_decode_get_unsigned_bits       0x08007753   Thumb Code    52  u8g2_font.o(.text)
    u8g2_font_decode_get_signed_bits         0x08007787   Thumb Code    20  u8g2_font.o(.text)
    u8g2_add_vector_y                        0x0800779b   Thumb Code    28  u8g2_font.o(.text)
    u8g2_add_vector_x                        0x080077b7   Thumb Code    28  u8g2_font.o(.text)
    u8g2_font_decode_len                     0x080077d3   Thumb Code   138  u8g2_font.o(.text)
    u8g2_font_decode_glyph                   0x08007891   Thumb Code   276  u8g2_font.o(.text)
    u8g2_font_get_glyph_data                 0x080079a5   Thumb Code   114  u8g2_font.o(.text)
    u8g2_IsGlyph                             0x08007a17   Thumb Code    14  u8g2_font.o(.text)
    u8g2_GetGlyphWidth                       0x08007a25   Thumb Code    60  u8g2_font.o(.text)
    u8g2_SetFontMode                         0x08007a61   Thumb Code     6  u8g2_font.o(.text)
    u8g2_DrawGlyph                           0x08007a67   Thumb Code   112  u8g2_font.o(.text)
    u8g2_DrawStr                             0x08007b43   Thumb Code    10  u8g2_font.o(.text)
    u8g2_DrawUTF8                            0x08007b4d   Thumb Code    10  u8g2_font.o(.text)
    u8g2_DrawExtendedUTF8                    0x08007b57   Thumb Code   166  u8g2_font.o(.text)
    u8g2_DrawExtUTF8                         0x08007bfd   Thumb Code   150  u8g2_font.o(.text)
    u8g2_UpdateRefHeight                     0x08007c93   Thumb Code    82  u8g2_font.o(.text)
    u8g2_SetFontRefHeightText                0x08007ce5   Thumb Code     8  u8g2_font.o(.text)
    u8g2_SetFontRefHeightExtendedText        0x08007ced   Thumb Code     8  u8g2_font.o(.text)
    u8g2_SetFontRefHeightAll                 0x08007cf5   Thumb Code     8  u8g2_font.o(.text)
    u8g2_font_calc_vref_font                 0x08007cfd   Thumb Code     4  u8g2_font.o(.text)
    u8g2_SetFontPosBaseline                  0x08007d01   Thumb Code     8  u8g2_font.o(.text)
    u8g2_font_calc_vref_bottom               0x08007d09   Thumb Code     8  u8g2_font.o(.text)
    u8g2_SetFontPosBottom                    0x08007d11   Thumb Code     8  u8g2_font.o(.text)
    u8g2_font_calc_vref_top                  0x08007d19   Thumb Code    10  u8g2_font.o(.text)
    u8g2_SetFontPosTop                       0x08007d23   Thumb Code     8  u8g2_font.o(.text)
    u8g2_font_calc_vref_center               0x08007d2b   Thumb Code    24  u8g2_font.o(.text)
    u8g2_SetFontPosCenter                    0x08007d43   Thumb Code     8  u8g2_font.o(.text)
    u8g2_SetFont                             0x08007d4b   Thumb Code    30  u8g2_font.o(.text)
    u8g2_IsAllValidUTF8                      0x08007d69   Thumb Code    58  u8g2_font.o(.text)
    u8g2_GetStrX                             0x08007e15   Thumb Code    72  u8g2_font.o(.text)
    u8g2_GetStrWidth                         0x08007e5d   Thumb Code     6  u8g2_font.o(.text)
    u8g2_GetUTF8Width                        0x08007e63   Thumb Code     6  u8g2_font.o(.text)
    u8g2_SetFontDirection                    0x08007e69   Thumb Code     6  u8g2_font.o(.text)
    u8g2_draw_hv_line_2dir                   0x08007ec9   Thumb Code    18  u8g2_hvline.o(.text)
    u8g2_DrawHVLine                          0x08007edb   Thumb Code   170  u8g2_hvline.o(.text)
    u8g2_DrawHLine                           0x08007f85   Thumb Code    12  u8g2_hvline.o(.text)
    u8g2_DrawVLine                           0x08007f91   Thumb Code    12  u8g2_hvline.o(.text)
    u8g2_DrawPixel                           0x08007f9d   Thumb Code    46  u8g2_hvline.o(.text)
    u8g2_SetDrawColor                        0x08007fcb   Thumb Code    16  u8g2_hvline.o(.text)
    u8g2_is_intersection_decision_tree       0x08007fdb   Thumb Code    24  u8g2_intersection.o(.text)
    u8g2_IsIntersection                      0x08007ff3   Thumb Code    46  u8g2_intersection.o(.text)
    u8g2_GetKerning                          0x08008021   Thumb Code    84  u8g2_kerning.o(.text)
    u8g2_GetKerningByTable                   0x08008075   Thumb Code    50  u8g2_kerning.o(.text)
    u8x8_SetFont                             0x080080a9   Thumb Code     4  u8x8_8x8.o(.text)
    u8x8_DrawGlyph                           0x08008115   Thumb Code    90  u8x8_8x8.o(.text)
    u8x8_upscale_byte                        0x0800816f   Thumb Code    36  u8x8_8x8.o(.text)
    u8x8_Draw2x2Glyph                        0x08008193   Thumb Code    74  u8x8_8x8.o(.text)
    u8x8_Draw1x2Glyph                        0x080081dd   Thumb Code   144  u8x8_8x8.o(.text)
    u8x8_utf8_init                           0x0800826d   Thumb Code     8  u8x8_8x8.o(.text)
    u8x8_ascii_next                          0x08008275   Thumb Code    14  u8x8_8x8.o(.text)
    u8x8_utf8_next                           0x08008283   Thumb Code   146  u8x8_8x8.o(.text)
    u8x8_DrawString                          0x08008365   Thumb Code    12  u8x8_8x8.o(.text)
    u8x8_DrawUTF8                            0x08008371   Thumb Code    12  u8x8_8x8.o(.text)
    u8x8_Draw2x2String                       0x080083cf   Thumb Code    12  u8x8_8x8.o(.text)
    u8x8_Draw2x2UTF8                         0x080083db   Thumb Code    12  u8x8_8x8.o(.text)
    u8x8_Draw1x2String                       0x08008435   Thumb Code    12  u8x8_8x8.o(.text)
    u8x8_Draw1x2UTF8                         0x08008441   Thumb Code    12  u8x8_8x8.o(.text)
    u8x8_GetUTF8Len                          0x0800844d   Thumb Code    46  u8x8_8x8.o(.text)
    u8x8_capture_get_pixel_1                 0x0800852d   Thumb Code    28  u8x8_capture.o(.text)
    u8x8_capture_get_pixel_2                 0x08008549   Thumb Code    32  u8x8_capture.o(.text)
    u8x8_capture_write_pbm_pre               0x08008569   Thumb Code    42  u8x8_capture.o(.text)
    u8x8_capture_write_pbm_buffer            0x08008593   Thumb Code    78  u8x8_capture.o(.text)
    u8x8_capture_write_xbm_pre               0x080085e1   Thumb Code    50  u8x8_capture.o(.text)
    u8x8_capture_write_xbm_buffer            0x08008613   Thumb Code   176  u8x8_capture.o(.text)
    u8x8_d_helper_display_setup_memory       0x08008731   Thumb Code    10  u8x8_display.o(.text)
    u8x8_d_helper_display_init               0x0800873b   Thumb Code    96  u8x8_display.o(.text)
    u8x8_DrawTile                            0x0800879b   Thumb Code    30  u8x8_display.o(.text)
    u8x8_SetupMemory                         0x080087b9   Thumb Code    16  u8x8_display.o(.text)
    u8x8_InitInterface                       0x080087c9   Thumb Code    32  u8x8_display.o(.text)
    u8x8_InitDisplay                         0x080087e9   Thumb Code    16  u8x8_display.o(.text)
    u8x8_SetPowerSave                        0x080087f9   Thumb Code    16  u8x8_display.o(.text)
    u8x8_SetFlipMode                         0x08008809   Thumb Code    16  u8x8_display.o(.text)
    u8x8_SetContrast                         0x08008819   Thumb Code    16  u8x8_display.o(.text)
    u8x8_RefreshDisplay                      0x08008829   Thumb Code    16  u8x8_display.o(.text)
    u8x8_ClearDisplayWithTile                0x08008839   Thumb Code    58  u8x8_display.o(.text)
    u8x8_ClearDisplay                        0x08008873   Thumb Code    16  u8x8_display.o(.text)
    u8x8_FillDisplay                         0x08008883   Thumb Code    20  u8x8_display.o(.text)
    u8x8_ClearLine                           0x08008897   Thumb Code    48  u8x8_display.o(.text)
    u8x8_gpio_call                           0x080088d1   Thumb Code    12  u8x8_gpio.o(.text)
    u8x8_u16toap                             0x080088dd   Thumb Code    46  u8x8_u16toa.o(.text)
    u8x8_u16toa                              0x0800890b   Thumb Code    20  u8x8_u16toa.o(.text)
    u8x8_utoa                                0x0800891f   Thumb Code    28  u8x8_u16toa.o(.text)
    __aeabi_memcpy                           0x08008941   Thumb Code    36  memcpya.o(.text)
    __aeabi_memcpy4                          0x08008941   Thumb Code     0  memcpya.o(.text)
    __aeabi_memcpy8                          0x08008941   Thumb Code     0  memcpya.o(.text)
    __aeabi_memset                           0x08008965   Thumb Code    14  memseta.o(.text)
    __aeabi_memset4                          0x08008965   Thumb Code     0  memseta.o(.text)
    __aeabi_memset8                          0x08008965   Thumb Code     0  memseta.o(.text)
    __aeabi_memclr                           0x08008973   Thumb Code     4  memseta.o(.text)
    __aeabi_memclr4                          0x08008973   Thumb Code     0  memseta.o(.text)
    __aeabi_memclr8                          0x08008973   Thumb Code     0  memseta.o(.text)
    _memset$wrapper                          0x08008977   Thumb Code    18  memseta.o(.text)
    __aeabi_fadd                             0x08008989   Thumb Code   164  fadd.o(.text)
    __aeabi_fsub                             0x08008a2d   Thumb Code     6  fadd.o(.text)
    __aeabi_frsub                            0x08008a33   Thumb Code     6  fadd.o(.text)
    __aeabi_fmul                             0x08008a39   Thumb Code   100  fmul.o(.text)
    __aeabi_fdiv                             0x08008a9d   Thumb Code   124  fdiv.o(.text)
    __ARM_scalbnf                            0x08008b19   Thumb Code    24  fscalb.o(.text)
    scalbnf                                  0x08008b19   Thumb Code     0  fscalb.o(.text)
    __aeabi_dadd                             0x08008b31   Thumb Code   322  dadd.o(.text)
    __aeabi_dsub                             0x08008c73   Thumb Code     6  dadd.o(.text)
    __aeabi_drsub                            0x08008c79   Thumb Code     6  dadd.o(.text)
    __aeabi_dmul                             0x08008c7f   Thumb Code   228  dmul.o(.text)
    __aeabi_ddiv                             0x08008d63   Thumb Code   222  ddiv.o(.text)
    __ARM_scalbn                             0x08008e41   Thumb Code    46  dscalb.o(.text)
    scalbn                                   0x08008e41   Thumb Code     0  dscalb.o(.text)
    __aeabi_i2f                              0x08008e6f   Thumb Code    18  fflti.o(.text)
    __aeabi_ui2f                             0x08008e81   Thumb Code    10  ffltui.o(.text)
    __aeabi_f2iz                             0x08008e8b   Thumb Code    50  ffixi.o(.text)
    __aeabi_f2d                              0x08008ebd   Thumb Code    38  f2d.o(.text)
    __aeabi_cdcmpeq                          0x08008ee5   Thumb Code     0  cdcmple.o(.text)
    __aeabi_cdcmple                          0x08008ee5   Thumb Code    48  cdcmple.o(.text)
    __aeabi_cdrcmple                         0x08008f15   Thumb Code    48  cdrcmple.o(.text)
    __aeabi_d2f                              0x08008f45   Thumb Code    56  d2f.o(.text)
    __aeabi_cfcmpeq                          0x08008f7d   Thumb Code     0  cfcmple.o(.text)
    __aeabi_cfcmple                          0x08008f7d   Thumb Code    20  cfcmple.o(.text)
    __aeabi_cfrcmple                         0x08008f91   Thumb Code    20  cfrcmple.o(.text)
    __aeabi_uidiv                            0x08008fa5   Thumb Code     0  uidiv.o(.text)
    __aeabi_uidivmod                         0x08008fa5   Thumb Code    44  uidiv.o(.text)
    __aeabi_uldivmod                         0x08008fd1   Thumb Code    98  uldiv.o(.text)
    __aeabi_llsl                             0x08009033   Thumb Code    30  llshl.o(.text)
    _ll_shift_l                              0x08009033   Thumb Code     0  llshl.o(.text)
    __aeabi_lasr                             0x08009051   Thumb Code    36  llsshr.o(.text)
    _ll_sshift_r                             0x08009051   Thumb Code     0  llsshr.o(.text)
    __I$use$fp                               0x08009075   Thumb Code     0  iusefp.o(.text)
    _float_round                             0x08009075   Thumb Code    18  fepilogue.o(.text)
    _float_epilogue                          0x08009087   Thumb Code    92  fepilogue.o(.text)
    _double_round                            0x080090e3   Thumb Code    30  depilogue.o(.text)
    _double_epilogue                         0x08009101   Thumb Code   156  depilogue.o(.text)
    _dsqrt                                   0x0800919d   Thumb Code   162  dsqrt.o(.text)
    _drem                                    0x0800923f   Thumb Code   134  drem.o(.text)
    __aeabi_d2ulz                            0x080092c5   Thumb Code    48  dfixul.o(.text)
    __scatterload                            0x080092f5   Thumb Code    28  init.o(.text)
    __scatterload_rt2                        0x080092f5   Thumb Code     0  init.o(.text)
    __aeabi_llsr                             0x08009319   Thumb Code    32  llushr.o(.text)
    _ll_ushift_r                             0x08009319   Thumb Code     0  llushr.o(.text)
    __aeabi_i2d                              0x08009339   Thumb Code    34  dflti.o(.text)
    __aeabi_ui2d                             0x0800935b   Thumb Code    26  dfltui.o(.text)
    __aeabi_d2iz                             0x08009375   Thumb Code    62  dfixi.o(.text)
    __0printf                                0x080093b5   Thumb Code    22  printfa.o(i.__0printf)
    __1printf                                0x080093b5   Thumb Code     0  printfa.o(i.__0printf)
    __2printf                                0x080093b5   Thumb Code     0  printfa.o(i.__0printf)
    __c89printf                              0x080093b5   Thumb Code     0  printfa.o(i.__0printf)
    printf                                   0x080093b5   Thumb Code     0  printfa.o(i.__0printf)
    __ARM_fpclassify                         0x080093d5   Thumb Code    40  fpclassify.o(i.__ARM_fpclassify)
    __ieee754_rem_pio2                       0x080093fd   Thumb Code   828  rred.o(i.__ieee754_rem_pio2)
    __kernel_cos                             0x08009785   Thumb Code   230  cos_i.o(i.__kernel_cos)
    __kernel_poly                            0x08009881   Thumb Code   170  poly.o(i.__kernel_poly)
    __kernel_sin                             0x0800992d   Thumb Code   224  sin_i.o(i.__kernel_sin)
    __mathlib_dbl_infnan                     0x08009a19   Thumb Code     6  dunder.o(i.__mathlib_dbl_infnan)
    __mathlib_dbl_invalid                    0x08009a1f   Thumb Code    12  dunder.o(i.__mathlib_dbl_invalid)
    __mathlib_dbl_underflow                  0x08009a2d   Thumb Code    10  dunder.o(i.__mathlib_dbl_underflow)
    __scatterload_copy                       0x08009a3d   Thumb Code    14  handlers.o(i.__scatterload_copy)
    __scatterload_null                       0x08009a4b   Thumb Code     2  handlers.o(i.__scatterload_null)
    __scatterload_zeroinit                   0x08009a4d   Thumb Code    14  handlers.o(i.__scatterload_zeroinit)
    __set_errno                              0x08009a5d   Thumb Code     6  errno.o(i.__set_errno)
    cos                                      0x0800a2f5   Thumb Code   148  cos.o(i.cos)
    fmod                                     0x0800a391   Thumb Code   144  fmod.o(i.fmod)
    sin                                      0x0800a425   Thumb Code   150  sin.o(i.sin)
    sqrt                                     0x0800a4c5   Thumb Code    76  sqrt.o(i.sqrt)
    u8g2_font_ncenB08_tf                     0x0800a51c   Data        2518  u8g2_fonts.o(.constdata)
    u8g2_font_inb24_mf                       0x0800aef2   Data        8831  u8g2_fonts.o(.constdata)
    Region$$Table$$Base                      0x0800d298   Number         0  anon$$obj.o(Region$$Table)
    Region$$Table$$Limit                     0x0800d2b8   Number         0  anon$$obj.o(Region$$Table)
    SystemCoreClock                          0x20000000   Data           4  system_stm32f10x.o(.data)
    AHBPrescTable                            0x20000004   Data          16  system_stm32f10x.o(.data)
    x_speed_plan_flag                        0x20000028   Data           1  main.o(.data)
    y_speed_plan_flag                        0x20000029   Data           1  main.o(.data)
    speed_dir_x                              0x2000002c   Data           4  main.o(.data)
    speed_dir_y                              0x20000030   Data           4  main.o(.data)
    rb_t                                     0x20000034   Data           4  main.o(.data)
    pxCurrentTCB                             0x20000038   Data           4  tasks.o(.data)
    BlueData                                 0x20000098   Data           4  blue_hc05.o(.data)
    angle                                    0x2000009c   Data           4  hwt101ct_ttl.o(.data)
    MVData                                   0x200000a0   Data           2  openmv.o(.data)
    MVData2                                  0x200000a2   Data           2  openmv.o(.data)
    encoder1_num                             0x200000a4   Data           4  encoder.o(.data)
    encoder2_num                             0x200000a8   Data           4  encoder.o(.data)
    encoder3_num                             0x200000ac   Data           4  encoder.o(.data)
    encoder4_num                             0x200000b0   Data           4  encoder.o(.data)
    set_point                                0x200000b4   Data           4  bsp_pid.o(.data)
    w_set_flag                               0x200000b8   Data           1  bsp_pid.o(.data)
    x_set_speed_flag                         0x200000b9   Data           1  bsp_pid.o(.data)
    y_set_speed_flag                         0x200000ba   Data           1  bsp_pid.o(.data)
    ti                                       0x200000bc   Data           4  bsp_pid.o(.data)
    temp_err                                 0x200000c0   Data           4  bsp_pid.o(.data)
    temp_yaw                                 0x200000c4   Data           4  bsp_pid.o(.data)
    NoWay                                    0x200000c8   Data           4  motor.o(.data)
    __stdout                                 0x200000d4   Data           4  stdout.o(.data)
    tp_x                                     0x200000e0   Data         104  main.o(.bss)
    tp_y                                     0x20000148   Data         104  main.o(.bss)
    u8g2                                     0x20009494   Data         148  oled.o(.bss)
    raw_data                                 0x20009528   Data          88  hwt101ct_ttl.o(.bss)
    protocol_raw_data                        0x20009580   Data         512  usart.o(.bss)
    my_car                                   0x20009818   Data         808  motor.o(.bss)
    LobotTxBuf                               0x20009b40   Data         128  lobotservocontroller.o(.bss)
    __initial_sp                             0x20009fc0   Data           0  startup_stm32f10x_hd.o(STACK)



==============================================================================

Memory Map of the image

  Image Entry point : 0x08000131

  Load Region LR_IROM1 (Base: 0x08000000, Size: 0x0000d394, Max: 0x00080000, ABSOLUTE)

    Execution Region ER_IROM1 (Exec base: 0x08000000, Load base: 0x08000000, Size: 0x0000d2b8, Max: 0x00080000, ABSOLUTE)

    Exec Addr    Load Addr    Size         Type   Attr      Idx    E Section Name        Object

    0x08000000   0x08000000   0x00000130   Data   RO            3    RESET               startup_stm32f10x_hd.o
    0x08000130   0x08000130   0x00000000   Code   RO         4262  * .ARM.Collect$$$$00000000  mc_w.l(entry.o)
    0x08000130   0x08000130   0x00000004   Code   RO         4594    .ARM.Collect$$$$00000001  mc_w.l(entry2.o)
    0x08000134   0x08000134   0x00000004   Code   RO         4597    .ARM.Collect$$$$00000004  mc_w.l(entry5.o)
    0x08000138   0x08000138   0x00000000   Code   RO         4599    .ARM.Collect$$$$00000008  mc_w.l(entry7b.o)
    0x08000138   0x08000138   0x00000000   Code   RO         4601    .ARM.Collect$$$$0000000A  mc_w.l(entry8b.o)
    0x08000138   0x08000138   0x00000008   Code   RO         4602    .ARM.Collect$$$$0000000B  mc_w.l(entry9a.o)
    0x08000140   0x08000140   0x00000004   Code   RO         4609    .ARM.Collect$$$$0000000E  mc_w.l(entry12b.o)
    0x08000144   0x08000144   0x00000000   Code   RO         4604    .ARM.Collect$$$$0000000F  mc_w.l(entry10a.o)
    0x08000144   0x08000144   0x00000000   Code   RO         4606    .ARM.Collect$$$$00000011  mc_w.l(entry11a.o)
    0x08000144   0x08000144   0x00000004   Code   RO         4595    .ARM.Collect$$$$00002712  mc_w.l(entry2.o)
    0x08000148   0x08000148   0x00000096   Code   RO          970    .emb_text           port.o
    0x080001de   0x080001de   0x00000002   PAD
    0x080001e0   0x080001e0   0x00000024   Code   RO            4    .text               startup_stm32f10x_hd.o
    0x08000204   0x08000204   0x00000158   Code   RO           24    .text               system_stm32f10x.o
    0x0800035c   0x0800035c   0x000000b0   Code   RO          121    .text               misc.o
    0x0800040c   0x0800040c   0x000001c8   Code   RO          221    .text               stm32f10x_dma.o
    0x080005d4   0x080005d4   0x00000264   Code   RO          270    .text               stm32f10x_gpio.o
    0x08000838   0x08000838   0x000002b8   Code   RO          318    .text               stm32f10x_rcc.o
    0x08000af0   0x08000af0   0x00000af0   Code   RO          369    .text               stm32f10x_tim.o
    0x080015e0   0x080015e0   0x00000328   Code   RO          382    .text               stm32f10x_usart.o
    0x08001908   0x08001908   0x00001db4   Code   RO          406    .text               main.o
    0x080036bc   0x080036bc   0x000003ac   Code   RO          654    .text               stm32f10x_it.o
    0x08003a68   0x08003a68   0x00000088   Code   RO          883    .text               list.o
    0x08003af0   0x08003af0   0x00000f94   Code   RO          917    .text               tasks.o
    0x08004a84   0x08004a84   0x00000214   Code   RO          955    .text               heap_4.o
    0x08004c98   0x08004c98   0x000001f4   Code   RO          971    .text               port.o
    0x08004e8c   0x08004e8c   0x00000028   Code   RO         1054    .text               delay.o
    0x08004eb4   0x08004eb4   0x000001b4   Code   RO         1100    .text               hwt101ct_ttl.o
    0x08005068   0x08005068   0x00000244   Code   RO         1166    .text               usart.o
    0x080052ac   0x080052ac   0x0000019c   Code   RO         1183    .text               openmv.o
    0x08005448   0x08005448   0x00000358   Code   RO         1218    .text               encoder.o
    0x080057a0   0x080057a0   0x0000025c   Code   RO         1263    .text               pwm.o
    0x080059fc   0x080059fc   0x00000064   Code   RO         1275    .text               pid_timer.o
    0x08005a60   0x08005a60   0x00000358   Code   RO         1294    .text               protocol.o
    0x08005db8   0x08005db8   0x00000254   Code   RO         1328    .text               bsp_pid.o
    0x0800600c   0x0800600c   0x00000ae4   Code   RO         1373    .text               motor.o
    0x08006af0   0x08006af0   0x00000624   Code   RO         1393    .text               velocityprofile.o
    0x08007114   0x08007114   0x0000013c   Code   RO         1434    .text               vl53l1x.o
    0x08007250   0x08007250   0x00000194   Code   RO         1449    .text               lobotservocontroller.o
    0x080073e4   0x080073e4   0x000000d8   Code   RO         1473    .text               bsp_sys.o
    0x080074bc   0x080074bc   0x000001d8   Code   RO         1679    .text               u8g2_buffer.o
    0x08007694   0x08007694   0x000007f8   Code   RO         1753    .text               u8g2_font.o
    0x08007e8c   0x08007e8c   0x0000014e   Code   RO         3693    .text               u8g2_hvline.o
    0x08007fda   0x08007fda   0x00000046   Code   RO         3720    .text               u8g2_intersection.o
    0x08008020   0x08008020   0x00000086   Code   RO         3733    .text               u8g2_kerning.o
    0x080080a6   0x080080a6   0x00000002   PAD
    0x080080a8   0x080080a8   0x00000484   Code   RO         3876    .text               u8x8_8x8.o
    0x0800852c   0x0800852c   0x00000204   Code   RO         3918    .text               u8x8_capture.o
    0x08008730   0x08008730   0x000001a0   Code   RO         3972    .text               u8x8_display.o
    0x080088d0   0x080088d0   0x0000000c   Code   RO         4125    .text               u8x8_gpio.o
    0x080088dc   0x080088dc   0x00000064   Code   RO         4216    .text               u8x8_u16toa.o
    0x08008940   0x08008940   0x00000024   Code   RO         4265    .text               mc_w.l(memcpya.o)
    0x08008964   0x08008964   0x00000024   Code   RO         4267    .text               mc_w.l(memseta.o)
    0x08008988   0x08008988   0x000000b0   Code   RO         4532    .text               mf_w.l(fadd.o)
    0x08008a38   0x08008a38   0x00000064   Code   RO         4534    .text               mf_w.l(fmul.o)
    0x08008a9c   0x08008a9c   0x0000007c   Code   RO         4536    .text               mf_w.l(fdiv.o)
    0x08008b18   0x08008b18   0x00000018   Code   RO         4538    .text               mf_w.l(fscalb.o)
    0x08008b30   0x08008b30   0x0000014e   Code   RO         4540    .text               mf_w.l(dadd.o)
    0x08008c7e   0x08008c7e   0x000000e4   Code   RO         4542    .text               mf_w.l(dmul.o)
    0x08008d62   0x08008d62   0x000000de   Code   RO         4544    .text               mf_w.l(ddiv.o)
    0x08008e40   0x08008e40   0x0000002e   Code   RO         4546    .text               mf_w.l(dscalb.o)
    0x08008e6e   0x08008e6e   0x00000012   Code   RO         4548    .text               mf_w.l(fflti.o)
    0x08008e80   0x08008e80   0x0000000a   Code   RO         4550    .text               mf_w.l(ffltui.o)
    0x08008e8a   0x08008e8a   0x00000032   Code   RO         4552    .text               mf_w.l(ffixi.o)
    0x08008ebc   0x08008ebc   0x00000026   Code   RO         4554    .text               mf_w.l(f2d.o)
    0x08008ee2   0x08008ee2   0x00000002   PAD
    0x08008ee4   0x08008ee4   0x00000030   Code   RO         4556    .text               mf_w.l(cdcmple.o)
    0x08008f14   0x08008f14   0x00000030   Code   RO         4558    .text               mf_w.l(cdrcmple.o)
    0x08008f44   0x08008f44   0x00000038   Code   RO         4560    .text               mf_w.l(d2f.o)
    0x08008f7c   0x08008f7c   0x00000014   Code   RO         4562    .text               mf_w.l(cfcmple.o)
    0x08008f90   0x08008f90   0x00000014   Code   RO         4564    .text               mf_w.l(cfrcmple.o)
    0x08008fa4   0x08008fa4   0x0000002c   Code   RO         4611    .text               mc_w.l(uidiv.o)
    0x08008fd0   0x08008fd0   0x00000062   Code   RO         4613    .text               mc_w.l(uldiv.o)
    0x08009032   0x08009032   0x0000001e   Code   RO         4615    .text               mc_w.l(llshl.o)
    0x08009050   0x08009050   0x00000024   Code   RO         4617    .text               mc_w.l(llsshr.o)
    0x08009074   0x08009074   0x00000000   Code   RO         4626    .text               mc_w.l(iusefp.o)
    0x08009074   0x08009074   0x0000006e   Code   RO         4627    .text               mf_w.l(fepilogue.o)
    0x080090e2   0x080090e2   0x000000ba   Code   RO         4629    .text               mf_w.l(depilogue.o)
    0x0800919c   0x0800919c   0x000000a2   Code   RO         4631    .text               mf_w.l(dsqrt.o)
    0x0800923e   0x0800923e   0x00000086   Code   RO         4633    .text               mf_w.l(drem.o)
    0x080092c4   0x080092c4   0x00000030   Code   RO         4635    .text               mf_w.l(dfixul.o)
    0x080092f4   0x080092f4   0x00000024   Code   RO         4641    .text               mc_w.l(init.o)
    0x08009318   0x08009318   0x00000020   Code   RO         4643    .text               mc_w.l(llushr.o)
    0x08009338   0x08009338   0x00000022   Code   RO         4645    .text               mf_w.l(dflti.o)
    0x0800935a   0x0800935a   0x0000001a   Code   RO         4647    .text               mf_w.l(dfltui.o)
    0x08009374   0x08009374   0x0000003e   Code   RO         4649    .text               mf_w.l(dfixi.o)
    0x080093b2   0x080093b2   0x00000002   PAD
    0x080093b4   0x080093b4   0x00000020   Code   RO         4504    i.__0printf         mc_w.l(printfa.o)
    0x080093d4   0x080093d4   0x00000028   Code   RO         4637    i.__ARM_fpclassify  m_ws.l(fpclassify.o)
    0x080093fc   0x080093fc   0x00000388   Code   RO         4583    i.__ieee754_rem_pio2  m_ws.l(rred.o)
    0x08009784   0x08009784   0x000000fc   Code   RO         4566    i.__kernel_cos      m_ws.l(cos_i.o)
    0x08009880   0x08009880   0x000000aa   Code   RO         4639    i.__kernel_poly     m_ws.l(poly.o)
    0x0800992a   0x0800992a   0x00000002   PAD
    0x0800992c   0x0800992c   0x000000ec   Code   RO         4588    i.__kernel_sin      m_ws.l(sin_i.o)
    0x08009a18   0x08009a18   0x00000006   Code   RO         4570    i.__mathlib_dbl_infnan  m_ws.l(dunder.o)
    0x08009a1e   0x08009a1e   0x0000000c   Code   RO         4572    i.__mathlib_dbl_invalid  m_ws.l(dunder.o)
    0x08009a2a   0x08009a2a   0x00000002   PAD
    0x08009a2c   0x08009a2c   0x00000010   Code   RO         4575    i.__mathlib_dbl_underflow  m_ws.l(dunder.o)
    0x08009a3c   0x08009a3c   0x0000000e   Code   RO         4653    i.__scatterload_copy  mc_w.l(handlers.o)
    0x08009a4a   0x08009a4a   0x00000002   Code   RO         4654    i.__scatterload_null  mc_w.l(handlers.o)
    0x08009a4c   0x08009a4c   0x0000000e   Code   RO         4655    i.__scatterload_zeroinit  mc_w.l(handlers.o)
    0x08009a5a   0x08009a5a   0x00000002   PAD
    0x08009a5c   0x08009a5c   0x0000000c   Code   RO         4621    i.__set_errno       mc_w.l(errno.o)
    0x08009a68   0x08009a68   0x00000184   Code   RO         4511    i._fp_digits        mc_w.l(printfa.o)
    0x08009bec   0x08009bec   0x000006b4   Code   RO         4512    i._printf_core      mc_w.l(printfa.o)
    0x0800a2a0   0x0800a2a0   0x00000024   Code   RO         4513    i._printf_post_padding  mc_w.l(printfa.o)
    0x0800a2c4   0x0800a2c4   0x0000002e   Code   RO         4514    i._printf_pre_padding  mc_w.l(printfa.o)
    0x0800a2f2   0x0800a2f2   0x00000002   PAD
    0x0800a2f4   0x0800a2f4   0x0000009c   Code   RO         4231    i.cos               m_ws.l(cos.o)
    0x0800a390   0x0800a390   0x00000094   Code   RO         4239    i.fmod              m_ws.l(fmod.o)
    0x0800a424   0x0800a424   0x000000a0   Code   RO         4247    i.sin               m_ws.l(sin.o)
    0x0800a4c4   0x0800a4c4   0x0000004c   Code   RO         4255    i.sqrt              m_ws.l(sqrt.o)
    0x0800a510   0x0800a510   0x0000000c   Data   RO          410    .constdata          main.o
    0x0800a51c   0x0800a51c   0x000009d6   Data   RO         3030    .constdata          u8g2_fonts.o
    0x0800aef2   0x0800aef2   0x0000227f   Data   RO         3551    .constdata          u8g2_fonts.o
    0x0800d171   0x0800d171   0x00000007   PAD
    0x0800d178   0x0800d178   0x00000030   Data   RO         4567    .constdata          m_ws.l(cos_i.o)
    0x0800d1a8   0x0800d1a8   0x000000c8   Data   RO         4585    .constdata          m_ws.l(rred.o)
    0x0800d270   0x0800d270   0x00000028   Data   RO         4589    .constdata          m_ws.l(sin_i.o)
    0x0800d298   0x0800d298   0x00000020   Data   RO         4651    Region$$Table       anon$$obj.o


    Execution Region RW_IRAM1 (Exec base: 0x20000000, Load base: 0x0800d2b8, Size: 0x00009fc0, Max: 0x00010000, ABSOLUTE)

    Exec Addr    Load Addr    Size         Type   Attr      Idx    E Section Name        Object

    0x20000000   0x0800d2b8   0x00000014   Data   RW           25    .data               system_stm32f10x.o
    0x20000014   0x0800d2cc   0x00000014   Data   RW          319    .data               stm32f10x_rcc.o
    0x20000028   0x0800d2e0   0x00000010   Data   RW          411    .data               main.o
    0x20000038   0x0800d2f0   0x0000003c   Data   RW          919    .data               tasks.o
    0x20000074   0x0800d32c   0x00000018   Data   RW          957    .data               heap_4.o
    0x2000008c   0x0800d344   0x0000000c   Data   RW          972    .data               port.o
    0x20000098   0x0800d350   0x00000004   Data   RW         1036    .data               blue_hc05.o
    0x2000009c   0x0800d354   0x00000004   Data   RW         1102    .data               hwt101ct_ttl.o
    0x200000a0   0x0800d358   0x00000004   Data   RW         1185    .data               openmv.o
    0x200000a4   0x0800d35c   0x00000004   Data   RW         1219    .data               encoder.o
    0x200000a8   0x0800d360   0x00000004   Data   RW         1220    .data               encoder.o
    0x200000ac   0x0800d364   0x00000004   Data   RW         1221    .data               encoder.o
    0x200000b0   0x0800d368   0x00000004   Data   RW         1222    .data               encoder.o
    0x200000b4   0x0800d36c   0x00000004   Data   RW         1329    .data               bsp_pid.o
    0x200000b8   0x0800d370   0x00000008   Data   RW         1331    .data               bsp_pid.o
    0x200000c0   0x0800d378   0x00000004   Data   RW         1332    .data               bsp_pid.o
    0x200000c4   0x0800d37c   0x00000004   Data   RW         1333    .data               bsp_pid.o
    0x200000c8   0x0800d380   0x00000004   Data   RW         1375    .data               motor.o
    0x200000cc   0x0800d384   0x00000006   Data   RW         4217    .data               u8x8_u16toa.o
    0x200000d2   0x0800d38a   0x00000002   PAD
    0x200000d4   0x0800d38c   0x00000004   Data   RW         4610    .data               mc_w.l(stdout.o)
    0x200000d8   0x0800d390   0x00000004   Data   RW         4622    .data               mc_w.l(errno.o)
    0x200000dc   0x0800d394   0x00000004   PAD
    0x200000e0        -       0x000000d0   Zero   RW          407    .bss                main.o
    0x200001b0        -       0x000002e4   Zero   RW          918    .bss                tasks.o
    0x20000494        -       0x00009000   Zero   RW          956    .bss                heap_4.o
    0x20009494        -       0x00000094   Zero   RW         1002    .bss                oled.o
    0x20009528        -       0x00000058   Zero   RW         1101    .bss                hwt101ct_ttl.o
    0x20009580        -       0x00000200   Zero   RW         1167    .bss                usart.o
    0x20009780        -       0x00000098   Zero   RW         1295    .bss                protocol.o
    0x20009818        -       0x00000328   Zero   RW         1374    .bss                motor.o
    0x20009b40        -       0x00000080   Zero   RW         1450    .bss                lobotservocontroller.o
    0x20009bc0        -       0x00000400   Zero   RW            1    STACK               startup_stm32f10x_hd.o


==============================================================================

Image component sizes


      Code (inc. data)   RO Data    RW Data    ZI Data      Debug   Object Name

         0          0          0          4          0        283   blue_hc05.o
       596         42          0         20          0       4544   bsp_pid.o
       216         32          0          0          0      10082   bsp_sys.o
         0          0          0          0          0       4500   core_cm3.o
        40          0          0          0          0        752   delay.o
       856         34          0         16          0       3370   encoder.o
         0          0          0          0          0       1468   event_groups.o
       532         66          0         24      36864       3532   heap_4.o
       436         44          0          4         88       2492   hwt101ct_ttl.o
       136          0          0          0          0       1914   list.o
       404          8          0          0        128       4611   lobotservocontroller.o
      7604        718         12         16        208      11193   main.o
       176         14          0          0          0       1997   misc.o
      2788        214          0          4        808       8451   motor.o
         0          0          0          0        148        259   oled.o
       412         24          0          4          0       2518   openmv.o
       100          6          0          0          0       1356   pid_timer.o
       650         90          0         12          0       7873   port.o
       856         20          0          0        152       6750   protocol.o
       604         26          0          0          0       1658   pwm.o
        36          8        304          0       1024        880   startup_stm32f10x_hd.o
       456         10          0          0          0       4754   stm32f10x_dma.o
       612         36          0          0          0       6121   stm32f10x_gpio.o
       940         84          0          0          0     168151   stm32f10x_it.o
       696         32          0         20          0       9144   stm32f10x_rcc.o
      2800         84          0          0          0      24062   stm32f10x_tim.o
       808         22          0          0          0       8988   stm32f10x_usart.o
       344         34          0         20          0     260551   system_stm32f10x.o
         0          0          0          0          0       1224   task_timer.o
      3988        178          0         60        740      28998   tasks.o
       472         10          0          0          0       4196   u8g2_buffer.o
      2040         10          0          0          0      15933   u8g2_font.o
         0          0      11349          0          0     143189   u8g2_fonts.o
       334          0          0          0          0       2912   u8g2_hvline.o
        70          0          0          0          0       1659   u8g2_intersection.o
       134          0          0          0          0       1745   u8g2_kerning.o
      1156          0          0          0          0       9182   u8x8_8x8.o
       516        110          0          0          0       3822   u8x8_capture.o
       416         10          0          0          0       3927   u8x8_display.o
        12          0          0          0          0        633   u8x8_gpio.o
       100          6          0          6          0       1579   u8x8_u16toa.o
       580         24          0          0        512       3670   usart.o
      1572         18          0          0          0       3239   velocityprofile.o
       316         14          0          0          0       1693   vl53l1x.o

    ----------------------------------------------------------------------
     34808       2028      11704        212      40672     789855   Object Totals
         0          0         32          0          0          0   (incl. Generated)
         4          0          7          2          0          0   (incl. Padding)

    ----------------------------------------------------------------------

      Code (inc. data)   RO Data    RW Data    ZI Data      Debug   Library Member Name

       156          8          0          0          0        104   cos.o
       252         22         48          0          0        124   cos_i.o
        34          6          0          0          0        204   dunder.o
       148          4          0          0          0         88   fmod.o
        40          0          0          0          0         68   fpclassify.o
       170          0          0          0          0         96   poly.o
       904         76        200          0          0        140   rred.o
       160         10          0          0          0        108   sin.o
       236         12         40          0          0        128   sin_i.o
        76          0          0          0          0         84   sqrt.o
         0          0          0          0          0          0   entry.o
         0          0          0          0          0          0   entry10a.o
         0          0          0          0          0          0   entry11a.o
         4          0          0          0          0          0   entry12b.o
         8          4          0          0          0          0   entry2.o
         4          0          0          0          0          0   entry5.o
         0          0          0          0          0          0   entry7b.o
         0          0          0          0          0          0   entry8b.o
         8          4          0          0          0          0   entry9a.o
        12          6          0          4          0         68   errno.o
        30          0          0          0          0          0   handlers.o
        36          8          0          0          0         68   init.o
         0          0          0          0          0          0   iusefp.o
        30          0          0          0          0         68   llshl.o
        36          0          0          0          0         68   llsshr.o
        32          0          0          0          0         68   llushr.o
        36          0          0          0          0         68   memcpya.o
        36          0          0          0          0        108   memseta.o
      2218         90          0          0          0        464   printfa.o
         0          0          0          4          0          0   stdout.o
        44          0          0          0          0         80   uidiv.o
        98          0          0          0          0         92   uldiv.o
        48          0          0          0          0         68   cdcmple.o
        48          0          0          0          0         68   cdrcmple.o
        20          0          0          0          0         68   cfcmple.o
        20          0          0          0          0         68   cfrcmple.o
        56          0          0          0          0         88   d2f.o
       334          0          0          0          0        148   dadd.o
       222          0          0          0          0        100   ddiv.o
       186          0          0          0          0        176   depilogue.o
        62          0          0          0          0         80   dfixi.o
        48          0          0          0          0         68   dfixul.o
        34          0          0          0          0         76   dflti.o
        26          0          0          0          0         76   dfltui.o
       228          0          0          0          0         96   dmul.o
       134          0          0          0          0         96   drem.o
        46          0          0          0          0         80   dscalb.o
       162          0          0          0          0        100   dsqrt.o
        38          0          0          0          0         68   f2d.o
       176          0          0          0          0        140   fadd.o
       124          0          0          0          0         88   fdiv.o
       110          0          0          0          0        168   fepilogue.o
        50          0          0          0          0         68   ffixi.o
        18          0          0          0          0         68   fflti.o
        10          0          0          0          0         68   ffltui.o
       100          0          0          0          0         76   fmul.o
        24          0          0          0          0         68   fscalb.o

    ----------------------------------------------------------------------
      7144        250        288          8          4       4564   Library Totals
        12          0          0          0          4          0   (incl. Padding)

    ----------------------------------------------------------------------

      Code (inc. data)   RO Data    RW Data    ZI Data      Debug   Library Name

      2176        138        288          0          0       1144   m_ws.l
      2632        112          0          8          0       1152   mc_w.l
      2324          0          0          0          0       2268   mf_w.l

    ----------------------------------------------------------------------
      7144        250        288          8          4       4564   Library Totals

    ----------------------------------------------------------------------

==============================================================================


      Code (inc. data)   RO Data    RW Data    ZI Data      Debug   

     41952       2278      11992        220      40676     787447   Grand Totals
     41952       2278      11992        220      40676     787447   ELF Image Totals
     41952       2278      11992        220          0          0   ROM Totals

==============================================================================

    Total RO  Size (Code + RO Data)                53944 (  52.68kB)
    Total RW  Size (RW Data + ZI Data)             40896 (  39.94kB)
    Total ROM Size (Code + RO Data + RW Data)      54164 (  52.89kB)

==============================================================================

